--------- beginning of system
03-07 14:42:09.848   773  1126 I chatty  : uid=1000(system) android.fg expire 4 lines
03-07 14:42:11.174   810   810 E wificond: Failed to get NL80211_STA_INFO_CNAHLOAD
03-07 14:42:12.012   504   645 W SocketListener: sending broadcast to Pid = 773, Uid = 1000 
03-07 14:42:13.790   773   876 I chatty  : uid=1000(system) Binder:773_1 expire 11 lines
03-07 14:42:14.186   504   645 W SocketListener: sending broadcast to Pid = 773, Uid = 1000 
03-07 14:42:14.192   810   810 E wificond: Failed to get NL80211_STA_INFO_CNAHLOAD
03-07 14:42:16.366   504   645 W SocketListener: sending broadcast to Pid = 773, Uid = 1000 
03-07 14:42:16.391   773  1383 I chatty  : uid=1000(system) NetdConnector expire 21 lines
03-07 14:42:16.402   773  1384 I chatty  : uid=1000(system) NetworkStats expire 19 lines
03-07 14:42:16.864   773  1961 I chatty  : uid=1000(system) Binder:773_D expire 20 lines
03-07 14:42:17.210   810   810 E wificond: Failed to get NL80211_STA_INFO_CNAHLOAD
03-07 14:42:17.868   773  2044 I chatty  : uid=1000(system) Binder:773_13 expire 16 lines
03-07 14:42:18.570   504   645 W SocketListener: sending broadcast to Pid = 773, Uid = 1000 
03-07 14:42:18.577   773  1126 I chatty  : uid=1000(system) android.fg expire 3 lines
03-07 14:42:20.240   810   810 E wificond: Failed to get NL80211_STA_INFO_CNAHLOAD
03-07 14:42:20.748   504   645 W SocketListener: sending broadcast to Pid = 773, Uid = 1000 
03-07 14:42:21.881   773  1844 I chatty  : uid=1000(system) watchdog expire 1 line
03-07 14:42:22.860 32270 32270 D ActivityThread: ActivityThread,attachApplication
03-07 14:42:23.105   504   645 W SocketListener: sending broadcast to Pid = 773, Uid = 1000 
03-07 14:42:23.262   810   810 E wificond: Failed to get NL80211_STA_INFO_CNAHLOAD
03-07 14:42:23.968 30414 30414 W ViewRootImpl[Toast]: EGLdebug relayoutWindow Surface isSurface(name=null)  (appName =com.UCMobile) ( mSurfaceControllerIsValid =false) (mNativeObject  =0)/@0xe505320,viewVisibility is0
03-07 14:42:23.977   773   876 I chatty  : uid=1000(system) Binder:773_1 expire 16 lines
03-07 14:42:23.988 30414 30414 W ViewRootImpl[Toast]: EGLdebug relayoutWindow Surface isSurface(name=null)  (appName =com.UCMobile) ( mSurfaceControllerIsValid =true) (mNativeObject  =a8d7a000)/@0xe505320,relayoutResult is7
03-07 14:42:24.002   773  2423 I chatty  : uid=1000(system) Binder:773_15 expire 18 lines
03-07 14:42:24.648   773  1333 I chatty  : uid=1000(system) android.anim expire 23 lines
03-07 14:42:24.693   773  1111 I chatty  : uid=1000(system) HwActivityManag expire 1 line
03-07 14:42:24.700   773  1114 I chatty  : uid=1000(system) android.ui expire 17 lines
03-07 14:42:24.715   773  1544 I chatty  : uid=1000(system) Binder:773_5 expire 35 lines
03-07 14:42:24.715  1591  2075 I HwNetworkPolicyManager: getHwUidPolicy uid = 10031 policy = 0
03-07 14:42:24.716   773   773 I chatty  : uid=1000 system_server expire 10 lines
03-07 14:42:24.755 30330 30330 V ActivityThread: ActivityThread,callActivityOnCreate
03-07 14:42:24.799 30330 30330 D ActivityThread: add activity client record, r= ActivityRecord{6d83fd9 token=android.os.BinderProxy@77e7da1 {com.android.packageinstaller/com.android.packageinstaller.InstallStart}} token= android.os.BinderProxy@77e7da1
03-07 14:42:24.842 30330 30330 V ActivityThread: ActivityThread,callActivityOnCreate
03-07 14:42:25.052 30330 30330 D ActivityThread: add activity client record, r= ActivityRecord{33c344d token=android.os.BinderProxy@9c1a84c {com.android.packageinstaller/com.android.packageinstaller.PackageInstallerActivity}} token= android.os.BinderProxy@9c1a84c
03-07 14:42:25.056   773  6512 I chatty  : uid=1000(system) Binder:773_19 expire 2 lines
03-07 14:42:25.207   773  1134 I chatty  : uid=1000(system) PowerManagerSer expire 2 lines
03-07 14:42:25.254   773  1909 I chatty  : uid=1000(system) Binder:773_A expire 3 lines
03-07 14:42:25.295 30330 30330 D ActivityThread: Remove activity client record, r= ActivityRecord{6d83fd9 token=android.os.BinderProxy@77e7da1 {com.android.packageinstaller/com.android.packageinstaller.InstallStart}} token= android.os.BinderProxy@77e7da1
03-07 14:42:26.281   810   810 E wificond: Failed to get NL80211_STA_INFO_CNAHLOAD
03-07 14:42:28.300  1550  2412 I CommandQueue: updateBarBgColor
03-07 14:42:28.300  1550  2412 D CommandQueue: CommandQueue, setBarBackgroundColor
03-07 14:42:28.459  1591  1604 W ContextImpl: Calling a method in the system process without a qualified user: android.app.ContextImpl.startService:1656 android.content.ContextWrapper.startService:644 com.huawei.systemmanager.rainbow.service.PackageInstallService.startGetRecommdSingleApp:198 com.huawei.systemmanager.rainbow.service.PackageInstallService.requestPermissionRecommendInfo:161 com.huawei.systemmanager.rainbow.service.IPackageInstallService$Stub.onTransact:66 
03-07 14:42:28.683  1591 32386 W ContextImpl: Calling a method in the system process without a qualified user: android.app.ContextImpl.sendBroadcast:1095 android.content.ContextWrapper.sendBroadcast:436 com.huawei.systemmanager.rainbow.client.background.handle.serv.RecommendSingleApk.handleIntent:50 com.huawei.systemmanager.rainbow.client.background.service.RainbowCommonService.onHandleIntent:63 android.app.IntentService$ServiceHandler.handleMessage:68 
03-07 14:42:28.836   773  1113 I chatty  : uid=1000(system) ActivityManager expire 1 line
03-07 14:42:29.292   810   810 E wificond: Failed to get NL80211_STA_INFO_CNAHLOAD
03-07 14:42:30.406   773  2044 I chatty  : uid=1000(system) Binder:773_13 expire 15 lines
03-07 14:42:31.199 30330 30330 V ActivityThread: ActivityThread,callActivityOnCreate
03-07 14:42:31.239 30330 30330 D ActivityThread: add activity client record, r= ActivityRecord{98fc3c9 token=android.os.BinderProxy@2329259 {com.android.packageinstaller/com.android.packageinstaller.InstallInstalling}} token= android.os.BinderProxy@2329259
03-07 14:42:31.490 30330 30330 D ActivityThread: Remove activity client record, r= ActivityRecord{33c344d token=android.os.BinderProxy@9c1a84c {com.android.packageinstaller/com.android.packageinstaller.PackageInstallerActivity}} token= android.os.BinderProxy@9c1a84c
03-07 14:42:32.314   810   810 E wificond: Failed to get NL80211_STA_INFO_CNAHLOAD
03-07 14:42:33.158   773  1179 I chatty  : uid=1000(system) PackageManager expire 7 lines
03-07 14:42:35.333   810   810 E wificond: Failed to get NL80211_STA_INFO_CNAHLOAD
03-07 14:42:35.887   773  1339 I chatty  : uid=1000(system) UEventObserver expire 2 lines
03-07 14:42:37.077   773  1909 I chatty  : uid=1000(system) Binder:773_A expire 13 lines
03-07 14:42:37.107   773  2016 I chatty  : uid=1000(system) Binder:773_11 expire 5 lines
03-07 14:42:37.107  1591  1591 I HwNetworkPolicyManager: removeHwUidPolicy uid = 10438 policy = -1 opPackageName = com.huawei.systemmanager
03-07 14:42:37.113   773  1537 I chatty  : uid=1000(system) Binder:773_4 expire 2 lines
03-07 14:42:37.127   773  1544 I chatty  : uid=1000(system) Binder:773_5 expire 4 lines
03-07 14:42:37.139 30330 30330 V ActivityThread: ActivityThread,callActivityOnCreate
03-07 14:42:37.154 30330 30330 D ActivityThread: add activity client record, r= ActivityRecord{f1fe0ad token=android.os.BinderProxy@69360e8 {com.android.packageinstaller/com.android.packageinstaller.InstallSuccess}} token= android.os.BinderProxy@69360e8
03-07 14:42:37.157   773  1934 I chatty  : uid=1000(system) Binder:773_B expire 10 lines
03-07 14:42:37.171   773  1109 I chatty  : uid=1000(system) android.bg expire 5 lines
03-07 14:42:37.234   773  1937 I chatty  : uid=1000(system) Binder:773_C expire 14 lines
03-07 14:42:37.241   773  1333 I chatty  : uid=1000(system) android.anim expire 10 lines
03-07 14:42:37.276 30330 30330 D ActivityThread: Remove activity client record, r= ActivityRecord{98fc3c9 token=android.os.BinderProxy@2329259 {com.android.packageinstaller/com.android.packageinstaller.InstallInstalling}} token= android.os.BinderProxy@2329259
03-07 14:42:37.476   773   773 I chatty  : uid=1000 system_server expire 11 lines
03-07 14:42:38.350   810   810 E wificond: Failed to get NL80211_STA_INFO_CNAHLOAD
03-07 14:42:38.890 26807 26807 W ContextImpl: Calling a method in the system process without a qualified user: android.app.ContextImpl.startService:1656 android.content.ContextWrapper.startService:644 android.content.ContextWrapper.startService:644 com.android.settings.applications.BlackListReceiver.onReceive:35 android.app.ActivityThread.handleReceiver:3804 
03-07 14:42:39.071   773  1815 I chatty  : uid=1000(system) Binder:773_6 expire 6 lines
03-07 14:42:39.073   773 32495 I chatty  : uid=1000 system_server expire 4 lines
03-07 14:42:39.270 29720 29720 W ContextImpl: Calling a method in the system process without a qualified user: android.app.ContextImpl.startService:1656 android.content.ContextWrapper.startService:644 android.content.ContextWrapper.startService:644 com.huawei.systemmanager.antivirus.utils.AntiVirusTools.checkVirusForNewInstalledApk:620 com.huawei.systemmanager.antivirus.AntiVirusReceiver.onReceive:36 
03-07 14:42:39.476   773  1889 I chatty  : uid=1000(system) Binder:773_7 expire 1 line
03-07 14:42:39.530 29720 19234 W ContextImpl: Calling a method in the system process without a qualified user: android.app.ContextImpl.startService:1656 android.content.ContextWrapper.startService:644 com.huawei.systemmanager.spacecleanner.receiver.SpaceCleanReceiver.checkRarelyUsedApp:87 com.huawei.systemmanager.spacecleanner.receiver.SpaceCleanReceiver.doInBackground:39 java.lang.reflect.Method.invoke:-2 
03-07 14:42:39.585 29720 10618 W ContextImpl: Calling a method in the system process without a qualified user: android.app.ContextImpl.startService:1656 android.content.ContextWrapper.startService:644 com.huawei.systemmanager.rainbow.client.background.broadcast.SecurityBroadcastReceiver.doInBackground:174 java.lang.reflect.Method.invoke:-2 com.huawei.systemmanager.util.content.HsmIntentService$Work.reflectTargetReceiver:231 
03-07 14:42:41.370   810   810 E wificond: Failed to get NL80211_STA_INFO_CNAHLOAD
03-07 14:42:44.400   810   810 E wificond: Failed to get NL80211_STA_INFO_CNAHLOAD
03-07 14:42:47.424   810   810 E wificond: Failed to get NL80211_STA_INFO_CNAHLOAD
03-07 14:42:50.446   810   810 E wificond: Failed to get NL80211_STA_INFO_CNAHLOAD
03-07 14:42:51.784   773  1961 I chatty  : uid=1000(system) Binder:773_D expire 4 lines
03-07 14:42:51.884   773  1844 I chatty  : uid=1000(system) watchdog expire 1 line
03-07 14:42:53.477   810   810 E wificond: Failed to get NL80211_STA_INFO_CNAHLOAD
03-07 14:42:53.924   773  1369 I chatty  : uid=1000(system) AlarmManager expire 2 lines
03-07 14:42:56.500   810   810 E wificond: Failed to get NL80211_STA_INFO_CNAHLOAD
03-07 14:42:58.981   773  1114 I chatty  : uid=1000(system) android.ui expire 40 lines
03-07 14:42:59.140  3774  3774 I ActivityThread: ActivityThread.handleConfigurationChanged , new config = {1.0 460mcc2mnc [zh_CN_#Hans] ldltr sw360dp w640dp h336dp 480dpi nrml long land finger -keyb/v/h -nav/h appBounds=Rect(0, 0 - 1920, 1080) nonFullScreen=0 suim:1 s.24}, compat = null
03-07 14:42:59.196  4133  4133 I ActivityThread: ActivityThread.handleConfigurationChanged , new config = {1.0 460mcc2mnc [zh_CN_#Hans] ldltr sw360dp w640dp h336dp 480dpi nrml long land finger -keyb/v/h -nav/h appBounds=Rect(0, 0 - 1920, 1080) nonFullScreen=0 suim:1 s.24}, compat = null
03-07 14:42:59.234   773  2044 I chatty  : uid=1000(system) Binder:773_13 expire 12 lines
03-07 14:42:59.246  4133  4133 I ActivityThread: ActivityThread.handleConfigurationChanged , new config = {1.0 460mcc2mnc [zh_CN_#Hans] ldltr sw360dp w360dp h616dp 480dpi nrml long port finger -keyb/v/h -nav/h appBounds=Rect(0, 0 - 1080, 1920) nonFullScreen=0 suim:1 s.25}, compat = null
03-07 14:42:59.299  3774  3774 I ActivityThread: ActivityThread.handleConfigurationChanged , new config = {1.0 460mcc2mnc [zh_CN_#Hans] ldltr sw360dp w360dp h616dp 480dpi nrml long port finger -keyb/v/h -nav/h appBounds=Rect(0, 0 - 1080, 1920) nonFullScreen=0 suim:1 s.25}, compat = null
03-07 14:42:59.319   773  1983 I chatty  : uid=1000(system) Binder:773_10 expire 36 lines
03-07 14:42:59.513   810   810 E wificond: Failed to get NL80211_STA_INFO_CNAHLOAD
03-07 14:42:59.764   773  2423 I chatty  : uid=1000(system) Binder:773_15 expire 18 lines
03-07 14:43:00.212   773  9683 I chatty  : uid=1000(system) Binder:773_1F expire 10 lines
03-07 14:43:00.291   773  1111 I chatty  : uid=1000(system) HwActivityManag expire 2 lines
03-07 14:43:00.434   773  1937 I chatty  : uid=1000(system) Binder:773_C expire 1 line
03-07 14:43:00.435  1591  2075 I HwNetworkPolicyManager: getHwUidPolicy uid = 10365 policy = 0
03-07 14:43:00.477   773  1333 I chatty  : uid=1000(system) android.anim expire 5 lines
03-07 14:43:00.481   773  9684 I chatty  : uid=1000(system) Binder:773_20 expire 3 lines
03-07 14:43:00.508  1550  1561 I CommandQueue: updateBarBgColor
03-07 14:43:00.508  1550  1561 D CommandQueue: CommandQueue, setBarBackgroundColor
03-07 14:43:00.532   773  1934 I chatty  : uid=1000(system) Binder:773_B expire 14 lines
03-07 14:43:00.552 32612 32612 D ActivityThread: ActivityThread,attachApplication
03-07 14:43:00.667  1550  6511 I CommandQueue: updateBarBgColor
03-07 14:43:00.668  1550  6511 D CommandQueue: CommandQueue, setBarBackgroundColor
03-07 14:43:00.670   773   876 I chatty  : uid=1000(system) Binder:773_1 expire 6 lines
03-07 14:43:00.672  1591  2075 I HwNetworkPolicyManager: getHwUidPolicy uid = 10438 policy = 0
03-07 14:43:00.798 32656 32656 D ActivityThread: ActivityThread,attachApplication
03-07 14:43:00.876 32741 32741 D ActivityThread: ActivityThread,attachApplication
03-07 14:43:00.956   340   340 D ActivityThread: ActivityThread,attachApplication
03-07 14:43:01.089   773   773 I chatty  : uid=1000 system_server expire 8 lines
03-07 14:43:01.141   773  1909 I chatty  : uid=1000(system) Binder:773_A expire 1 line
03-07 14:43:01.151   773  2423 I chatty  : uid=1000(system) Binder:773_15 expire 24 lines
03-07 14:43:01.158   773  1815 I chatty  : uid=1000(system) Binder:773_6 expire 2 lines
03-07 14:43:01.308   773   876 I chatty  : uid=1000(system) Binder:773_1 expire 2 lines
03-07 14:43:01.312   773  2044 I chatty  : uid=1000(system) Binder:773_13 expire 3 lines
03-07 14:43:02.159 32612 32612 V ActivityThread: ActivityThread,callActivityOnCreate
03-07 14:43:02.169   773  1544 I chatty  : uid=1000(system) Binder:773_5 expire 24 lines
03-07 14:43:02.219 32612 32612 D ActivityThread: add activity client record, r= ActivityRecord{9715c63 token=android.os.BinderProxy@488ccc9 {com.lexue.courser/com.lexue.courser.main.view.SplashActivity}} token= android.os.BinderProxy@488ccc9
03-07 14:43:02.246   773  1937 I chatty  : uid=1000(system) Binder:773_C expire 19 lines
03-07 14:43:02.304  1550  1561 I CommandQueue: updateBarBgColor
03-07 14:43:02.304  1550  1561 D CommandQueue: CommandQueue, setBarBackgroundColor
03-07 14:43:02.333   773  9684 I chatty  : uid=1000(system) Binder:773_20 expire 4 lines
03-07 14:43:02.384   773  1333 I chatty  : uid=1000(system) android.anim expire 13 lines
03-07 14:43:02.405   773  1537 I chatty  : uid=1000(system) Binder:773_4 expire 2 lines
03-07 14:43:02.483   773  1114 I chatty  : uid=1000(system) android.ui expire 2 lines
03-07 14:43:02.483 30330 30330 D ActivityThread: Remove activity client record, r= ActivityRecord{f1fe0ad token=android.os.BinderProxy@69360e8 {com.android.packageinstaller/com.android.packageinstaller.InstallSuccess}} token= android.os.BinderProxy@69360e8
03-07 14:43:02.506   773  6512 I chatty  : uid=1000(system) Binder:773_19 expire 78 lines
03-07 14:43:02.520   810   810 E wificond: Failed to get NL80211_STA_INFO_CNAHLOAD
03-07 14:43:04.234 32612 32612 V ActivityThread: ActivityThread,callActivityOnCreate
03-07 14:43:04.305 32612 32612 D ActivityThread: add activity client record, r= ActivityRecord{8e3e6d2 token=android.os.BinderProxy@4a5ded6 {com.lexue.courser/com.lexue.courser.main.view.MainActivity}} token= android.os.BinderProxy@4a5ded6
03-07 14:43:04.351  1550  1561 I CommandQueue: updateBarBgColor
03-07 14:43:04.351  1550  1561 D CommandQueue: CommandQueue, setBarBackgroundColor
03-07 14:43:05.532   810   810 E wificond: Failed to get NL80211_STA_INFO_CNAHLOAD
03-07 14:43:05.628 32612 32612 D ActivityThread: Remove activity client record, r= ActivityRecord{9715c63 token=android.os.BinderProxy@488ccc9 {com.lexue.courser/com.lexue.courser.main.view.SplashActivity}} token= android.os.BinderProxy@488ccc9
03-07 14:43:06.093   773  1339 I chatty  : uid=1000(system) UEventObserver expire 2 lines
03-07 14:43:06.104   504   645 W SocketListener: sending broadcast to Pid = 773, Uid = 1000 
03-07 14:43:06.109   773  1383 I chatty  : uid=1000(system) NetdConnector expire 6 lines
03-07 14:43:06.117   773  1126 I chatty  : uid=1000(system) android.fg expire 1 line
03-07 14:43:06.124   773  1384 I chatty  : uid=1000(system) NetworkStats expire 5 lines
03-07 14:43:08.558   810   810 E wificond: Failed to get NL80211_STA_INFO_CNAHLOAD
03-07 14:43:09.683 32612 32612 V ActivityThread: ActivityThread,callActivityOnCreate
03-07 14:43:09.695 32612 32612 D ActivityThread: add activity client record, r= ActivityRecord{679f19b token=android.os.BinderProxy@8cbd9a1 {com.lexue.courser/com.lexue.courser.user.view.UserLoginActivity}} token= android.os.BinderProxy@8cbd9a1
03-07 14:43:09.747  1550  6195 I CommandQueue: updateBarBgColor
03-07 14:43:09.747  1550  6195 D CommandQueue: CommandQueue, setBarBackgroundColor
03-07 14:43:10.897   773  1109 I chatty  : uid=1000(system) android.bg expire 1 line
03-07 14:43:11.581   810   810 E wificond: Failed to get NL80211_STA_INFO_CNAHLOAD
03-07 14:43:13.668   773  2423 I chatty  : uid=1000(system) Binder:773_15 expire 12 lines
03-07 14:43:13.835   773  1983 I chatty  : uid=1000(system) Binder:773_10 expire 28 lines
03-07 14:43:13.912   773  6512 I chatty  : uid=1000(system) Binder:773_19 expire 60 lines
03-07 14:43:14.038   773  1544 I chatty  : uid=1000(system) Binder:773_5 expire 130 lines
03-07 14:43:14.070   773   876 I chatty  : uid=1000(system) Binder:773_1 expire 23 lines
03-07 14:43:14.597   810   810 E wificond: Failed to get NL80211_STA_INFO_CNAHLOAD
03-07 14:43:14.804   773  1126 I chatty  : uid=1000(system) android.fg expire 1 line
03-07 14:43:17.614   810   810 E wificond: Failed to get NL80211_STA_INFO_CNAHLOAD
03-07 14:43:18.144  1270  1270 D ActivityThread: ActivityThread,attachApplication
03-07 14:43:18.145   773  9684 I chatty  : uid=1000(system) Binder:773_20 expire 12 lines
03-07 14:43:18.290   773  1333 I chatty  : uid=1000(system) android.anim expire 2 lines
03-07 14:43:20.635   810   810 E wificond: Failed to get NL80211_STA_INFO_CNAHLOAD
03-07 14:43:21.886   773  1844 I chatty  : uid=1000(system) watchdog expire 1 line
03-07 14:43:22.348   773   876 I chatty  : uid=1000(system) Binder:773_1 expire 19 lines
03-07 14:43:23.397   773  1544 I chatty  : uid=1000(system) Binder:773_5 expire 18 lines
03-07 14:43:23.524   773  9684 I chatty  : uid=1000(system) Binder:773_20 expire 10 lines
03-07 14:43:23.628   773  1333 I chatty  : uid=1000(system) android.anim expire 14 lines
03-07 14:43:23.661   810   810 E wificond: Failed to get NL80211_STA_INFO_CNAHLOAD
03-07 14:43:23.777   773  1983 I chatty  : uid=1000(system) Binder:773_10 expire 11 lines
03-07 14:43:23.856  1550  1561 I CommandQueue: updateBarBgColor
03-07 14:43:23.858  1550  1561 D CommandQueue: CommandQueue, setBarBackgroundColor
03-07 14:43:24.580 32612 32612 D ActivityThread: Remove activity client record, r= ActivityRecord{679f19b token=android.os.BinderProxy@8cbd9a1 {com.lexue.courser/com.lexue.courser.user.view.UserLoginActivity}} token= android.os.BinderProxy@8cbd9a1
03-07 14:43:26.680   810   810 E wificond: Failed to get NL80211_STA_INFO_CNAHLOAD
03-07 14:43:29.697   810   810 E wificond: Failed to get NL80211_STA_INFO_CNAHLOAD
03-07 14:43:32.713   810   810 E wificond: Failed to get NL80211_STA_INFO_CNAHLOAD
03-07 14:43:34.414   773   876 I chatty  : uid=1000(system) Binder:773_1 expire 48 lines
03-07 14:43:34.431   773  1937 I chatty  : uid=1000(system) Binder:773_C expire 4 lines
03-07 14:43:34.439 32612 32612 V ActivityThread: ActivityThread,callActivityOnCreate
03-07 14:43:34.454 32612 32612 D ActivityThread: add activity client record, r= ActivityRecord{6198c4e token=android.os.BinderProxy@8233052 {com.lexue.courser/com.lexue.courser.search.view.SearchActivity}} token= android.os.BinderProxy@8233052
03-07 14:43:34.473  1550  1561 I CommandQueue: updateBarBgColor
03-07 14:43:34.473  1550  1561 D CommandQueue: CommandQueue, setBarBackgroundColor
03-07 14:43:34.501   773  1333 I chatty  : uid=1000(system) android.anim expire 20 lines
03-07 14:43:34.616   773  1889 I chatty  : uid=1000(system) Binder:773_7 expire 9 lines
03-07 14:43:34.627   773  1128 I chatty  : uid=1000(system) android.display expire 1 line
03-07 14:43:35.121   773   773 I chatty  : uid=1000 system_server expire 5 lines
03-07 14:43:35.729   810   810 E wificond: Failed to get NL80211_STA_INFO_CNAHLOAD
03-07 14:43:36.297   773  1339 I chatty  : uid=1000(system) UEventObserver expire 2 lines
03-07 14:43:36.652   773  2423 I chatty  : uid=1000(system) Binder:773_15 expire 5 lines
03-07 14:43:38.749   810   810 E wificond: Failed to get NL80211_STA_INFO_CNAHLOAD
03-07 14:43:39.528   773  1126 I chatty  : uid=1000(system) android.fg expire 1 line
03-07 14:43:39.633   773  1934 I chatty  : uid=1000(system) Binder:773_B expire 4 lines
03-07 14:43:39.651 32612 32612 V ActivityThread: ActivityThread,callActivityOnCreate
03-07 14:43:39.685   773  1983 I chatty  : uid=1000(system) Binder:773_10 expire 38 lines
03-07 14:43:39.713 32612 32612 D ActivityThread: add activity client record, r= ActivityRecord{c9b9fb9 token=android.os.BinderProxy@f95ebea {com.lexue.courser/com.lexue.courser.productdetail.view.ProductDetailActivity}} token= android.os.BinderProxy@f95ebea
03-07 14:43:39.740  1550  6195 I CommandQueue: updateBarBgColor
03-07 14:43:39.740  1550  6195 D CommandQueue: CommandQueue, setBarBackgroundColor
03-07 14:43:40.979 32612 32612 V ActivityThread: ActivityThread,callActivityOnCreate
03-07 14:43:41.012 32612 32612 D ActivityThread: add activity client record, r= ActivityRecord{3b34656 token=android.os.BinderProxy@52a48a0 {com.lexue.courser/com.lexue.courser.pay.view.OrderConfirmActivity}} token= android.os.BinderProxy@52a48a0
03-07 14:43:41.016   773  1815 I chatty  : uid=1000(system) Binder:773_6 expire 14 lines
03-07 14:43:41.044  1550  6195 I CommandQueue: updateBarBgColor
03-07 14:43:41.044  1550  6195 D CommandQueue: CommandQueue, setBarBackgroundColor
03-07 14:43:41.775   810   810 E wificond: Failed to get NL80211_STA_INFO_CNAHLOAD
03-07 14:43:44.794   810   810 E wificond: Failed to get NL80211_STA_INFO_CNAHLOAD
03-07 14:43:45.403  1620  1620 D ActivityThread: ActivityThread,attachApplication
03-07 14:43:45.406   773   876 I chatty  : uid=1000(system) Binder:773_1 expire 55 lines
03-07 14:43:46.465   773  2423 I chatty  : uid=1000(system) Binder:773_15 expire 12 lines
03-07 14:43:47.812   810   810 E wificond: Failed to get NL80211_STA_INFO_CNAHLOAD
03-07 14:43:50.303   773  1126 I chatty  : uid=1000(system) android.fg expire 1 line
03-07 14:43:50.633   773  1333 I chatty  : uid=1000(system) android.anim expire 38 lines
03-07 14:43:50.829   810   810 E wificond: Failed to get NL80211_STA_INFO_CNAHLOAD
03-07 14:43:51.888   773  1844 I chatty  : uid=1000(system) watchdog expire 1 line
03-07 14:43:52.220 32612 32612 V ActivityThread: ActivityThread,callActivityOnCreate
03-07 14:43:52.235 32612 32612 D ActivityThread: add activity client record, r= ActivityRecord{ea691a1 token=android.os.BinderProxy@5a2e8f0 {com.lexue.courser/com.lexue.courser.pay.view.PayFinishActivity}} token= android.os.BinderProxy@5a2e8f0
03-07 14:43:52.240   773  1815 I chatty  : uid=1000(system) Binder:773_6 expire 14 lines
03-07 14:43:52.323   773  1934 I chatty  : uid=1000(system) Binder:773_B expire 11 lines
03-07 14:43:52.334   773  1128 I chatty  : uid=1000(system) android.display expire 1 line
03-07 14:43:52.351   773  9683 I chatty  : uid=1000(system) Binder:773_1F expire 19 lines
03-07 14:43:52.352  1550  6195 I CommandQueue: updateBarBgColor
03-07 14:43:52.352  1550  6195 D CommandQueue: CommandQueue, setBarBackgroundColor
03-07 14:43:52.381   773  2044 I chatty  : uid=1000(system) Binder:773_13 expire 35 lines
03-07 14:43:52.534 32612 32612 D ActivityThread: Remove activity client record, r= ActivityRecord{ea691a1 token=android.os.BinderProxy@5a2e8f0 {com.lexue.courser/com.lexue.courser.pay.view.PayFinishActivity}} token= android.os.BinderProxy@5a2e8f0
03-07 14:43:52.539 32612 32612 D ActivityThread: Remove activity client record, r= ActivityRecord{3b34656 token=android.os.BinderProxy@52a48a0 {com.lexue.courser/com.lexue.courser.pay.view.OrderConfirmActivity}} token= android.os.BinderProxy@52a48a0
03-07 14:43:52.833   773   773 I chatty  : uid=1000 system_server expire 6 lines
03-07 14:43:53.847   810   810 E wificond: Failed to get NL80211_STA_INFO_CNAHLOAD
03-07 14:43:56.482   773  1370 I chatty  : uid=1000(system) sManagerService expire 1 line
03-07 14:43:56.813 32612 32612 V ActivityThread: ActivityThread,callActivityOnCreate
03-07 14:43:56.841 32612 32612 D ActivityThread: add activity client record, r= ActivityRecord{3569e55 token=android.os.BinderProxy@674175 {com.lexue.courser/com.lexue.courser.pay.view.OrderConfirmActivity}} token= android.os.BinderProxy@674175
03-07 14:43:56.858   810   810 E wificond: Failed to get NL80211_STA_INFO_CNAHLOAD
03-07 14:43:56.861  1550  1561 I CommandQueue: updateBarBgColor
03-07 14:43:56.861  1550  1561 D CommandQueue: CommandQueue, setBarBackgroundColor
03-07 14:43:57.146   773   876 I chatty  : uid=1000(system) Binder:773_1 expire 3 lines
03-07 14:43:59.876   810   810 E wificond: Failed to get NL80211_STA_INFO_CNAHLOAD
03-07 14:44:00.217   773  9684 I chatty  : uid=1000(system) Binder:773_20 expire 1 line
03-07 14:44:02.892   810   810 E wificond: Failed to get NL80211_STA_INFO_CNAHLOAD
03-07 14:44:04.290   773  1114 I chatty  : uid=1000(system) android.ui expire 120 lines
03-07 14:44:05.909   810   810 E wificond: Failed to get NL80211_STA_INFO_CNAHLOAD
03-07 14:44:06.505   773  1339 I chatty  : uid=1000(system) UEventObserver expire 2 lines
03-07 14:44:06.533   773   773 I chatty  : uid=1000 system_server expire 3 lines
03-07 14:44:08.924   810   810 E wificond: Failed to get NL80211_STA_INFO_CNAHLOAD
03-07 14:44:09.701   773  9684 I chatty  : uid=1000(system) Binder:773_20 expire 30 lines
03-07 14:44:09.768   773  1544 I chatty  : uid=1000(system) Binder:773_5 expire 39 lines
03-07 14:44:11.945   810   810 E wificond: Failed to get NL80211_STA_INFO_CNAHLOAD
03-07 14:44:14.761   773  1375 I chatty  : uid=1000(system) InputReader expire 1 line
03-07 14:44:14.773   773  1374 I chatty  : uid=1000(system) InputDispatcher expire 6 lines
03-07 14:44:14.915  1550  1561 I CommandQueue: updateBarBgColor
03-07 14:44:14.917  1550  1561 D CommandQueue: CommandQueue, setBarBackgroundColor
03-07 14:44:14.946   773  1333 I chatty  : uid=1000(system) android.anim expire 22 lines
03-07 14:44:14.964   810   810 E wificond: Failed to get NL80211_STA_INFO_CNAHLOAD
03-07 14:44:15.094 32612 32612 D ActivityThread: Remove activity client record, r= ActivityRecord{3569e55 token=android.os.BinderProxy@674175 {com.lexue.courser/com.lexue.courser.pay.view.OrderConfirmActivity}} token= android.os.BinderProxy@674175
03-07 14:44:17.121 32612 32612 V ActivityThread: ActivityThread,callActivityOnCreate
03-07 14:44:17.141 32612 32612 D ActivityThread: add activity client record, r= ActivityRecord{3e0a3ce token=android.os.BinderProxy@e5ef59 {com.lexue.courser/com.lexue.courser.shopcard.view.ShopCardActivity}} token= android.os.BinderProxy@e5ef59
03-07 14:44:17.158  1550  1561 I CommandQueue: updateBarBgColor
03-07 14:44:17.158  1550  1561 D CommandQueue: CommandQueue, setBarBackgroundColor
03-07 14:44:17.982   810   810 E wificond: Failed to get NL80211_STA_INFO_CNAHLOAD
03-07 14:44:18.211   773  1537 I chatty  : uid=1000(system) Binder:773_4 expire 15 lines
03-07 14:44:18.250  1550  1561 I CommandQueue: updateBarBgColor
03-07 14:44:18.250  1550  1561 D CommandQueue: CommandQueue, setBarBackgroundColor
03-07 14:44:18.426 32612 32612 D ActivityThread: Remove activity client record, r= ActivityRecord{3e0a3ce token=android.os.BinderProxy@e5ef59 {com.lexue.courser/com.lexue.courser.shopcard.view.ShopCardActivity}} token= android.os.BinderProxy@e5ef59
03-07 14:44:20.229 32612 32612 V ActivityThread: ActivityThread,callActivityOnCreate
03-07 14:44:20.242 32612 32612 D ActivityThread: add activity client record, r= ActivityRecord{2e3be92 token=android.os.BinderProxy@fd95e5c {com.lexue.courser/com.lexue.courser.shopcard.view.ShopCardActivity}} token= android.os.BinderProxy@fd95e5c
03-07 14:44:20.247   773  9684 I chatty  : uid=1000(system) Binder:773_20 expire 19 lines
03-07 14:44:20.260  1550  1561 I CommandQueue: updateBarBgColor
03-07 14:44:20.260  1550  1561 D CommandQueue: CommandQueue, setBarBackgroundColor
03-07 14:44:20.289   773  1544 I chatty  : uid=1000(system) Binder:773_5 expire 2 lines
03-07 14:44:20.998   810   810 E wificond: Failed to get NL80211_STA_INFO_CNAHLOAD
03-07 14:44:21.066   773  1537 I chatty  : uid=1000(system) Binder:773_4 expire 34 lines
03-07 14:44:21.106   773  9684 I chatty  : uid=1000(system) Binder:773_20 expire 22 lines
03-07 14:44:21.106  1550  1561 I CommandQueue: updateBarBgColor
03-07 14:44:21.106  1550  1561 D CommandQueue: CommandQueue, setBarBackgroundColor
03-07 14:44:21.137   773  1333 I chatty  : uid=1000(system) android.anim expire 16 lines
03-07 14:44:21.275 32612 32612 D ActivityThread: Remove activity client record, r= ActivityRecord{2e3be92 token=android.os.BinderProxy@fd95e5c {com.lexue.courser/com.lexue.courser.shopcard.view.ShopCardActivity}} token= android.os.BinderProxy@fd95e5c
03-07 14:44:21.889   773  1844 I chatty  : uid=1000(system) watchdog expire 3 lines
03-07 14:44:24.015   810   810 E wificond: Failed to get NL80211_STA_INFO_CNAHLOAD
03-07 14:44:25.485 32612 32612 V ActivityThread: ActivityThread,callActivityOnCreate
03-07 14:44:25.507 32612 32612 D ActivityThread: add activity client record, r= ActivityRecord{6ffabee token=android.os.BinderProxy@119494a {com.lexue.courser/com.lexue.courser.pay.view.OrderConfirmActivity}} token= android.os.BinderProxy@119494a
03-07 14:44:25.528  1550  1561 I CommandQueue: updateBarBgColor
03-07 14:44:25.529  1550  1561 D CommandQueue: CommandQueue, setBarBackgroundColor
03-07 14:44:26.046   773  1114 I chatty  : uid=1000(system) android.ui expire 24 lines
03-07 14:44:27.029   810   810 E wificond: Failed to get NL80211_STA_INFO_CNAHLOAD
03-07 14:44:30.048   810   810 E wificond: Failed to get NL80211_STA_INFO_CNAHLOAD
03-07 14:44:30.053   773  1403 I chatty  : uid=1000(system) ConnectivitySer expire 2 lines
03-07 14:44:32.702   773  1375 I chatty  : uid=1000(system) InputReader expire 2 lines
03-07 14:44:32.712   773  1374 I chatty  : uid=1000(system) InputDispatcher expire 4 lines
03-07 14:44:32.875   773  1934 I chatty  : uid=1000(system) Binder:773_B expire 10 lines
03-07 14:44:32.929  1550  1561 I CommandQueue: updateBarBgColor
03-07 14:44:32.929  1550  1561 D CommandQueue: CommandQueue, setBarBackgroundColor
03-07 14:44:32.962   773   876 I chatty  : uid=1000(system) Binder:773_1 expire 27 lines
03-07 14:44:32.965   773  1333 I chatty  : uid=1000(system) android.anim expire 10 lines
03-07 14:44:33.069   810   810 E wificond: Failed to get NL80211_STA_INFO_CNAHLOAD
03-07 14:44:33.105 32612 32612 D ActivityThread: Remove activity client record, r= ActivityRecord{6ffabee token=android.os.BinderProxy@119494a {com.lexue.courser/com.lexue.courser.pay.view.OrderConfirmActivity}} token= android.os.BinderProxy@119494a
03-07 14:44:36.092   810   810 E wificond: Failed to get NL80211_STA_INFO_CNAHLOAD
03-07 14:44:36.713   773  1339 I chatty  : uid=1000(system) UEventObserver expire 6 lines
03-07 14:44:36.747   773   773 I chatty  : uid=1000 system_server expire 9 lines
03-07 14:44:39.108   810   810 E wificond: Failed to get NL80211_STA_INFO_CNAHLOAD
03-07 14:44:42.127   810   810 E wificond: Failed to get NL80211_STA_INFO_CNAHLOAD
03-07 14:44:42.210   773  9684 I chatty  : uid=1000(system) Binder:773_20 expire 10 lines
03-07 14:44:45.146   810   810 E wificond: Failed to get NL80211_STA_INFO_CNAHLOAD
03-07 14:44:48.165   810   810 I chatty  : uid=1010(wifi) /system/bin/wificond identical 6 lines
03-07 14:44:51.184   810   810 E wificond: Failed to get NL80211_STA_INFO_CNAHLOAD
03-07 14:44:54.200   810   810 E wificond: Failed to get NL80211_STA_INFO_CNAHLOAD
03-07 14:44:57.215   810   810 E wificond: Failed to get NL80211_STA_INFO_CNAHLOAD
03-07 14:45:00.234   810   810 E wificond: Failed to get NL80211_STA_INFO_CNAHLOAD
03-07 14:45:06.272   810   810 E wificond: Failed to get NL80211_STA_INFO_CNAHLOAD
03-07 14:45:09.291   810   810 E wificond: Failed to get NL80211_STA_INFO_CNAHLOAD
03-07 14:45:15.324   810   810 E wificond: Failed to get NL80211_STA_INFO_CNAHLOAD
03-07 14:45:18.340   810   810 E wificond: Failed to get NL80211_STA_INFO_CNAHLOAD
03-07 14:45:20.067   773  1934 I chatty  : uid=1000(system) Binder:773_B expire 13 lines
03-07 14:45:20.221   773   876 I chatty  : uid=1000(system) Binder:773_1 expire 12 lines
03-07 14:45:21.352   810   810 E wificond: Failed to get NL80211_STA_INFO_CNAHLOAD
03-07 14:45:24.374   810   810 E wificond: Failed to get NL80211_STA_INFO_CNAHLOAD
03-07 14:45:36.454   810   810 E wificond: Failed to get NL80211_STA_INFO_CNAHLOAD
03-07 14:45:39.474   810   810 E wificond: Failed to get NL80211_STA_INFO_CNAHLOAD
03-07 14:45:42.492   810   810 E wificond: Failed to get NL80211_STA_INFO_CNAHLOAD
03-07 14:45:43.278  1550  1561 I CommandQueue: updateBarBgColor
03-07 14:45:43.278  1550  1561 D CommandQueue: CommandQueue, setBarBackgroundColor
03-07 14:45:43.307   773  1934 I chatty  : uid=1000(system) Binder:773_B expire 11 lines
03-07 14:45:43.460 32612 32612 D ActivityThread: Remove activity client record, r= ActivityRecord{c9b9fb9 token=android.os.BinderProxy@f95ebea {com.lexue.courser/com.lexue.courser.productdetail.view.ProductDetailActivity}} token= android.os.BinderProxy@f95ebea
03-07 14:45:43.489   773  1333 I chatty  : uid=1000(system) android.anim expire 8 lines
03-07 14:45:44.642   773  2423 I chatty  : uid=1000(system) Binder:773_15 expire 4 lines
03-07 14:45:44.650 32612 32612 V ActivityThread: ActivityThread,callActivityOnCreate
03-07 14:45:44.689 32612 32612 D ActivityThread: add activity client record, r= ActivityRecord{7044c65 token=android.os.BinderProxy@cdd500f {com.lexue.courser/com.lexue.courser.productdetail.view.ProductDetailActivity}} token= android.os.BinderProxy@cdd500f
03-07 14:45:44.713  1550  6531 I CommandQueue: updateBarBgColor
03-07 14:45:44.713  1550  6531 D CommandQueue: CommandQueue, setBarBackgroundColor
03-07 14:45:44.715   773   876 I chatty  : uid=1000(system) Binder:773_1 expire 15 lines
03-07 14:45:44.749   773  9684 I chatty  : uid=1000(system) Binder:773_20 expire 25 lines
03-07 14:45:44.904   773  1333 I chatty  : uid=1000(system) android.anim expire 24 lines
03-07 14:45:45.509   810   810 E wificond: Failed to get NL80211_STA_INFO_CNAHLOAD
03-07 14:45:48.158   773  1114 I chatty  : uid=1000(system) android.ui expire 32 lines
03-07 14:45:48.529   810   810 E wificond: Failed to get NL80211_STA_INFO_CNAHLOAD
03-07 14:45:50.240   773  1113 I chatty  : uid=1000(system) ActivityManager expire 1 line
03-07 14:45:50.253   773  2423 I chatty  : uid=1000(system) Binder:773_15 expire 2 lines
03-07 14:45:50.342   773  1128 I chatty  : uid=1000(system) android.display expire 1 line
03-07 14:45:50.479   773  8650 I chatty  : uid=1000(system) Binder:773_1B expire 29 lines
03-07 14:45:50.829   773   773 I chatty  : uid=1000 system_server expire 10 lines
03-07 14:45:51.550   810   810 E wificond: Failed to get NL80211_STA_INFO_CNAHLOAD
03-07 14:45:51.895   773  1844 I chatty  : uid=1000(system) watchdog expire 3 lines
03-07 14:45:52.353 32612 32612 V ActivityThread: ActivityThread,callActivityOnCreate
03-07 14:45:52.370 32612 32612 D ActivityThread: add activity client record, r= ActivityRecord{c3a1547 token=android.os.BinderProxy@fa1eb0a {com.lexue.courser/com.lexue.courser.shopcard.view.ShopCardActivity}} token= android.os.BinderProxy@fa1eb0a
03-07 14:45:52.391  1550  6195 I CommandQueue: updateBarBgColor
03-07 14:45:52.391  1550  6195 D CommandQueue: CommandQueue, setBarBackgroundColor
03-07 14:45:52.849   773  1375 I chatty  : uid=1000(system) InputReader expire 1 line
03-07 14:45:52.855   773  1374 I chatty  : uid=1000(system) InputDispatcher expire 2 lines
03-07 14:45:52.990   773  6149 I chatty  : uid=1000(system) Binder:773_16 expire 27 lines
03-07 14:45:53.024  1550  6195 I CommandQueue: updateBarBgColor
03-07 14:45:53.024  1550  6195 D CommandQueue: CommandQueue, setBarBackgroundColor
03-07 14:45:53.220 32612 32612 D ActivityThread: Remove activity client record, r= ActivityRecord{c3a1547 token=android.os.BinderProxy@fa1eb0a {com.lexue.courser/com.lexue.courser.shopcard.view.ShopCardActivity}} token= android.os.BinderProxy@fa1eb0a
03-07 14:45:53.819 32612 32612 V ActivityThread: ActivityThread,callActivityOnCreate
03-07 14:45:53.847 32612 32612 D ActivityThread: add activity client record, r= ActivityRecord{ee4efb token=android.os.BinderProxy@e70d1e {com.lexue.courser/com.lexue.courser.pay.view.OrderConfirmActivity}} token= android.os.BinderProxy@e70d1e
03-07 14:45:53.862  1550  6195 I CommandQueue: updateBarBgColor
03-07 14:45:53.863  1550  6195 D CommandQueue: CommandQueue, setBarBackgroundColor
03-07 14:45:53.912   773  9682 I chatty  : uid=1000(system) Binder:773_1E expire 12 lines
03-07 14:45:54.568   810   810 E wificond: Failed to get NL80211_STA_INFO_CNAHLOAD
03-07 14:45:57.587   810   810 E wificond: Failed to get NL80211_STA_INFO_CNAHLOAD
03-07 14:46:00.600   810   810 E wificond: Failed to get NL80211_STA_INFO_CNAHLOAD
03-07 14:46:03.617   810   810 I chatty  : uid=1010(wifi) /system/bin/wificond identical 6 lines
03-07 14:46:06.636   810   810 E wificond: Failed to get NL80211_STA_INFO_CNAHLOAD
03-07 14:46:07.339   773  1339 I chatty  : uid=1000(system) UEventObserver expire 6 lines
03-07 14:46:09.651   810   810 E wificond: Failed to get NL80211_STA_INFO_CNAHLOAD
03-07 14:46:18.700   810   810 E wificond: Failed to get NL80211_STA_INFO_CNAHLOAD
03-07 14:46:20.352   773   876 I chatty  : uid=1000(system) Binder:773_1 expire 5 lines
03-07 14:46:21.719   810   810 E wificond: Failed to get NL80211_STA_INFO_CNAHLOAD
03-07 14:46:24.737   810   810 E wificond: Failed to get NL80211_STA_INFO_CNAHLOAD
03-07 14:46:36.809   810   810 E wificond: Failed to get NL80211_STA_INFO_CNAHLOAD
03-07 14:46:39.827   810   810 E wificond: Failed to get NL80211_STA_INFO_CNAHLOAD
03-07 14:46:41.301   773  1114 I chatty  : uid=1000(system) android.ui expire 15 lines
03-07 14:46:42.841   810   810 E wificond: Failed to get NL80211_STA_INFO_CNAHLOAD
03-07 14:46:44.025   773  9682 I chatty  : uid=1000(system) Binder:773_1E expire 8 lines
03-07 14:46:45.860   810   810 E wificond: Failed to get NL80211_STA_INFO_CNAHLOAD
03-07 14:46:48.513   773   773 I chatty  : uid=1000 system_server expire 9 lines
03-07 14:46:48.877   810   810 E wificond: Failed to get NL80211_STA_INFO_CNAHLOAD
03-07 14:46:51.897   810   810 E wificond: Failed to get NL80211_STA_INFO_CNAHLOAD
03-07 14:46:54.916   810   810 E wificond: Failed to get NL80211_STA_INFO_CNAHLOAD
03-07 14:46:57.933   810   810 E wificond: Failed to get NL80211_STA_INFO_CNAHLOAD
03-07 14:47:00.948   810   810 E wificond: Failed to get NL80211_STA_INFO_CNAHLOAD
03-07 14:47:02.532   773  9684 I chatty  : uid=1000(system) Binder:773_20 expire 2 lines
03-07 14:47:02.556   773  6149 I chatty  : uid=1000(system) Binder:773_16 expire 10 lines
03-07 14:47:03.960   810   810 E wificond: Failed to get NL80211_STA_INFO_CNAHLOAD
03-07 14:47:06.980   810   810 E wificond: Failed to get NL80211_STA_INFO_CNAHLOAD
03-07 14:47:07.783   773   773 I chatty  : uid=1000 system_server expire 9 lines
03-07 14:47:09.509   773  9684 I chatty  : uid=1000(system) Binder:773_20 expire 10 lines
03-07 14:47:10.000   810   810 E wificond: Failed to get NL80211_STA_INFO_CNAHLOAD
03-07 14:47:13.020   810   810 E wificond: Failed to get NL80211_STA_INFO_CNAHLOAD
03-07 14:47:16.038   810   810 E wificond: Failed to get NL80211_STA_INFO_CNAHLOAD
03-07 14:47:19.060   810   810 E wificond: Failed to get NL80211_STA_INFO_CNAHLOAD
03-07 14:47:20.752   773  1339 I chatty  : uid=1000(system) UEventObserver expire 4 lines
03-07 14:47:20.802   773  1118 I chatty  : uid=1000(system) batterystats-sy expire 2 lines
03-07 14:47:20.927   773  1113 I chatty  : uid=1000(system) ActivityManager expire 1 line
03-07 14:47:21.015   773  8650 I chatty  : uid=1000(system) Binder:773_1B expire 11 lines
03-07 14:47:21.900   773  1844 I chatty  : uid=1000(system) watchdog expire 2 lines
03-07 14:47:22.079   810   810 E wificond: Failed to get NL80211_STA_INFO_CNAHLOAD
03-07 14:47:25.098   810   810 E wificond: Failed to get NL80211_STA_INFO_CNAHLOAD
03-07 14:47:28.117   810   810 E wificond: Failed to get NL80211_STA_INFO_CNAHLOAD
03-07 14:47:31.137   810   810 E wificond: Failed to get NL80211_STA_INFO_CNAHLOAD
03-07 14:47:32.577   773  6149 I chatty  : uid=1000(system) Binder:773_16 expire 15 lines
03-07 14:47:34.157   810   810 E wificond: Failed to get NL80211_STA_INFO_CNAHLOAD
03-07 14:47:36.040   773  1114 I chatty  : uid=1000(system) android.ui expire 31 lines
03-07 14:47:36.680   773  1375 I chatty  : uid=1000(system) InputReader expire 1 line
03-07 14:47:36.691   773  1374 I chatty  : uid=1000(system) InputDispatcher expire 2 lines
03-07 14:47:36.892  1550  1561 I CommandQueue: updateBarBgColor
03-07 14:47:36.892  1550  1561 D CommandQueue: CommandQueue, setBarBackgroundColor
03-07 14:47:36.917   773  8650 I chatty  : uid=1000(system) Binder:773_1B expire 22 lines
03-07 14:47:36.919   773  1333 I chatty  : uid=1000(system) android.anim expire 16 lines
03-07 14:47:37.066 32612 32612 D ActivityThread: Remove activity client record, r= ActivityRecord{ee4efb token=android.os.BinderProxy@e70d1e {com.lexue.courser/com.lexue.courser.pay.view.OrderConfirmActivity}} token= android.os.BinderProxy@e70d1e
03-07 14:47:37.170   810   810 E wificond: Failed to get NL80211_STA_INFO_CNAHLOAD
03-07 14:47:38.045 32612 32612 V ActivityThread: ActivityThread,callActivityOnCreate
03-07 14:47:38.070 32612 32612 D ActivityThread: add activity client record, r= ActivityRecord{297e3b4 token=android.os.BinderProxy@5e9c1f0 {com.lexue.courser/com.lexue.courser.pay.view.OrderConfirmActivity}} token= android.os.BinderProxy@5e9c1f0
03-07 14:47:38.083   773  1962 I chatty  : uid=1000(system) Binder:773_E expire 7 lines
03-07 14:47:38.088  1550  1561 I CommandQueue: updateBarBgColor
03-07 14:47:38.088  1550  1561 D CommandQueue: CommandQueue, setBarBackgroundColor
03-07 14:47:40.189   810   810 E wificond: Failed to get NL80211_STA_INFO_CNAHLOAD
03-07 14:47:43.207   810   810 E wificond: Failed to get NL80211_STA_INFO_CNAHLOAD
03-07 14:47:46.226   810   810 E wificond: Failed to get NL80211_STA_INFO_CNAHLOAD
03-07 14:47:47.171   773  1114 I chatty  : uid=1000(system) android.ui expire 45 lines
03-07 14:47:49.245   810   810 E wificond: Failed to get NL80211_STA_INFO_CNAHLOAD
03-07 14:47:49.584   773  8650 I chatty  : uid=1000(system) Binder:773_1B expire 11 lines
03-07 14:47:49.606 32612 32612 V ActivityThread: ActivityThread,callActivityOnCreate
03-07 14:47:49.618 32612 32612 D ActivityThread: add activity client record, r= ActivityRecord{5b7a65b token=android.os.BinderProxy@263c447 {com.lexue.courser/com.lexue.courser.my.view.SelectAddressActivity}} token= android.os.BinderProxy@263c447
03-07 14:47:49.632   773  6149 I chatty  : uid=1000(system) Binder:773_16 expire 19 lines
03-07 14:47:49.668   773  1333 I chatty  : uid=1000(system) android.anim expire 12 lines
03-07 14:47:52.260   810   810 E wificond: Failed to get NL80211_STA_INFO_CNAHLOAD
03-07 14:47:55.274   810   810 E wificond: Failed to get NL80211_STA_INFO_CNAHLOAD
03-07 14:47:58.295   810   810 E wificond: Failed to get NL80211_STA_INFO_CNAHLOAD
03-07 14:47:59.420   773  8650 I chatty  : uid=1000(system) Binder:773_1B expire 13 lines
03-07 14:47:59.763   773   773 I chatty  : uid=1000 system_server expire 6 lines
03-07 14:47:59.999   773  1118 I chatty  : uid=1000(system) batterystats-sy expire 2 lines
03-07 14:48:00.152   773  9682 I chatty  : uid=1000(system) Binder:773_1E expire 56 lines
03-07 14:48:01.308   810   810 E wificond: Failed to get NL80211_STA_INFO_CNAHLOAD
03-07 14:48:02.990   773  1114 I chatty  : uid=1000(system) android.ui expire 15 lines
03-07 14:48:03.721   773  9684 I chatty  : uid=1000(system) Binder:773_20 expire 15 lines
03-07 14:48:03.730 32612 32612 V ActivityThread: ActivityThread,callActivityOnCreate
03-07 14:48:03.750 32612 32612 D ActivityThread: add activity client record, r= ActivityRecord{a7cb317 token=android.os.BinderProxy@edad23c {com.lexue.courser/com.lexue.courser.my.view.AddOrEditAddressActivity}} token= android.os.BinderProxy@edad23c
03-07 14:48:04.326   810   810 E wificond: Failed to get NL80211_STA_INFO_CNAHLOAD
03-07 14:48:05.606   773  6149 I chatty  : uid=1000(system) Binder:773_16 expire 25 lines
03-07 14:48:05.622 32612 32612 V ActivityThread: ActivityThread,callActivityOnCreate
03-07 14:48:05.630 32612 32612 D ActivityThread: add activity client record, r= ActivityRecord{fb4c0b token=android.os.BinderProxy@62188f7 {com.lexue.courser/com.lexue.courser.my.view.SelectSchoolActivity}} token= android.os.BinderProxy@62188f7
03-07 14:48:07.344   810   810 E wificond: Failed to get NL80211_STA_INFO_CNAHLOAD
03-07 14:48:08.169   773  1339 I chatty  : uid=1000(system) UEventObserver expire 2 lines
03-07 14:48:09.006   773  1962 I chatty  : uid=1000(system) Binder:773_E expire 24 lines
03-07 14:48:09.014 32612 32612 V ActivityThread: ActivityThread,callActivityOnCreate
03-07 14:48:09.020 32612 32612 D ActivityThread: add activity client record, r= ActivityRecord{12e4f8e token=android.os.BinderProxy@8f89b51 {com.lexue.courser/com.lexue.courser.my.view.SelectSchoolActivity}} token= android.os.BinderProxy@8f89b51
03-07 14:48:09.409   808   862 E /system/bin/storaged: pid_info get_pids failed
03-07 14:48:10.046 32612 32612 V ActivityThread: ActivityThread,callActivityOnCreate
03-07 14:48:10.051 32612 32612 D ActivityThread: add activity client record, r= ActivityRecord{2113a20 token=android.os.BinderProxy@870bbab {com.lexue.courser/com.lexue.courser.my.view.SelectSchoolActivity}} token= android.os.BinderProxy@870bbab
03-07 14:48:10.070   773  8650 I chatty  : uid=1000(system) Binder:773_1B expire 31 lines
03-07 14:48:10.103   773  1333 I chatty  : uid=1000(system) android.anim expire 15 lines
03-07 14:48:10.363   810   810 E wificond: Failed to get NL80211_STA_INFO_CNAHLOAD
03-07 14:48:11.439 32612 32612 D ActivityThread: Remove activity client record, r= ActivityRecord{fb4c0b token=android.os.BinderProxy@62188f7 {com.lexue.courser/com.lexue.courser.my.view.SelectSchoolActivity}} token= android.os.BinderProxy@62188f7
03-07 14:48:11.453 32612 32612 D ActivityThread: Remove activity client record, r= ActivityRecord{12e4f8e token=android.os.BinderProxy@8f89b51 {com.lexue.courser/com.lexue.courser.my.view.SelectSchoolActivity}} token= android.os.BinderProxy@8f89b51
03-07 14:48:11.673 32612 32612 D ActivityThread: Remove activity client record, r= ActivityRecord{2113a20 token=android.os.BinderProxy@870bbab {com.lexue.courser/com.lexue.courser.my.view.SelectSchoolActivity}} token= android.os.BinderProxy@870bbab
03-07 14:48:13.380   810   810 E wificond: Failed to get NL80211_STA_INFO_CNAHLOAD
03-07 14:48:16.391   810   810 E wificond: Failed to get NL80211_STA_INFO_CNAHLOAD
03-07 14:48:17.704   773  1126 I chatty  : uid=1000(system) android.fg expire 1 line
03-07 14:48:18.962   773  1468 I chatty  : uid=1000(system) StatisticsCHRMs expire 4 lines
03-07 14:48:19.393   773  8650 I chatty  : uid=1000(system) Binder:773_1B expire 4 lines
03-07 14:48:19.414   810   810 E wificond: Failed to get NL80211_STA_INFO_CNAHLOAD
03-07 14:48:20.297   773  6149 I chatty  : uid=1000(system) Binder:773_16 expire 20 lines
03-07 14:48:21.903   773  1844 I chatty  : uid=1000(system) watchdog expire 1 line
03-07 14:48:22.331   773  1333 I chatty  : uid=1000(system) android.anim expire 12 lines
03-07 14:48:22.435   810   810 E wificond: Failed to get NL80211_STA_INFO_CNAHLOAD
03-07 14:48:23.172   773  9682 I chatty  : uid=1000(system) Binder:773_1E expire 10 lines
03-07 14:48:23.196   773  1962 I chatty  : uid=1000(system) Binder:773_E expire 17 lines
03-07 14:48:25.452   810   810 E wificond: Failed to get NL80211_STA_INFO_CNAHLOAD
03-07 14:48:28.470   810   810 E wificond: Failed to get NL80211_STA_INFO_CNAHLOAD
03-07 14:48:31.488   810   810 E wificond: Failed to get NL80211_STA_INFO_CNAHLOAD
03-07 14:48:32.954   773  9680 I chatty  : uid=1000(system) Binder:773_1D expire 18 lines
03-07 14:48:33.184 32612 32612 D ActivityThread: Remove activity client record, r= ActivityRecord{a7cb317 token=android.os.BinderProxy@edad23c {com.lexue.courser/com.lexue.courser.my.view.AddOrEditAddressActivity}} token= android.os.BinderProxy@edad23c
03-07 14:48:34.504   810   810 E wificond: Failed to get NL80211_STA_INFO_CNAHLOAD
03-07 14:48:34.608   773  1962 I chatty  : uid=1000(system) Binder:773_E expire 21 lines
03-07 14:48:34.655   773  6149 I chatty  : uid=1000(system) Binder:773_16 expire 40 lines
03-07 14:48:34.686   773  1333 I chatty  : uid=1000(system) android.anim expire 10 lines
