03-07 15:03:25.394   810   810 I chatty  : uid=1010(wifi) /system/bin/wificond identical 1 line
03-07 15:03:28.414   810   810 E wificond: Failed to get NL80211_STA_INFO_CNAHLOAD
03-07 15:03:30.042   773  1339 I chatty  : uid=1000(system) UEventObserver expire 2 lines
03-07 15:03:30.073   773   773 I chatty  : uid=1000 system_server expire 22 lines
03-07 15:03:30.073   504   643 W SocketListener: sending broadcast to Pid = 773, Uid = 1000 
03-07 15:03:30.107   773  2045 I chatty  : uid=1000(system) Binder:773_14 expire 46 lines
03-07 15:03:31.440   810   810 E wificond: Failed to get NL80211_STA_INFO_CNAHLOAD
03-07 15:03:32.141   773  1982 I chatty  : uid=1000(system) Binder:773_F expire 16 lines
03-07 15:03:32.215   773  1962 I chatty  : uid=1000(system) Binder:773_E expire 5 lines
03-07 15:03:34.471   810   810 E wificond: Failed to get NL80211_STA_INFO_CNAHLOAD
03-07 15:03:35.002   773  1111 I chatty  : uid=1000(system) HwActivityManag expire 2 lines
03-07 15:03:35.022   773  9682 I chatty  : uid=1000(system) Binder:773_1E expire 16 lines
03-07 15:03:35.037   773  9683 I chatty  : uid=1000(system) Binder:773_1F expire 30 lines
03-07 15:03:35.100   773  1114 I chatty  : uid=1000(system) android.ui expire 4 lines
03-07 15:03:35.100  1920  1920 I HwCoreAppHelperService: LocalReceiver receives:android.intent.action.PACKAGE_RESTARTED,pkg:com.lexue.courser,uid:10438
03-07 15:03:35.106   773  6260 I chatty  : uid=1000(system) Binder:773_18 expire 1 line
03-07 15:03:35.119   773  1333 I chatty  : uid=1000(system) android.anim expire 21 lines
03-07 15:03:35.121   773  1890 I chatty  : uid=1000(system) Binder:773_8 expire 27 lines
03-07 15:03:35.123   773  1128 I chatty  : uid=1000(system) android.display expire 1 line
03-07 15:03:35.133  1591  2075 I HwNetworkPolicyManager: getHwUidPolicy uid = 10365 policy = 0
03-07 15:03:35.175  8770  8770 D ActivityThread: ActivityThread,attachApplication
03-07 15:03:35.363   773  1815 I chatty  : uid=1000(system) Binder:773_6 expire 1 line
03-07 15:03:35.363   773  1403 I chatty  : uid=1000(system) ConnectivitySer expire 7 lines
03-07 15:03:35.493  8770  8770 I PackageParser: com.UCMobile: compat added android.permission.WRITE_EXTERNAL_STORAGE android.permission.READ_PHONE_STATE
03-07 15:03:35.678   773  1113 I chatty  : uid=1000(system) ActivityManager expire 1 line
03-07 15:03:35.723  1550  1608 I CommandQueue: updateBarBgColor
03-07 15:03:35.723  1550  1608 D CommandQueue: CommandQueue, setBarBackgroundColor
03-07 15:03:35.770  8865  8865 D ActivityThread: ActivityThread,attachApplication
03-07 15:03:35.813   773  6512 I chatty  : uid=1000(system) Binder:773_19 expire 4 lines
03-07 15:03:35.843  1591  2075 I HwNetworkPolicyManager: getHwUidPolicy uid = 10438 policy = 0
03-07 15:03:35.960  8912  8912 D ActivityThread: ActivityThread,attachApplication
03-07 15:03:36.040  8967  8967 D ActivityThread: ActivityThread,attachApplication
03-07 15:03:36.076  8988  8988 D ActivityThread: ActivityThread,attachApplication
03-07 15:03:36.097  8865  8865 V ActivityThread: ActivityThread,callActivityOnCreate
03-07 15:03:36.130  8865  8865 D ActivityThread: add activity client record, r= ActivityRecord{b295415 token=android.os.BinderProxy@f4c7c58 {com.lexue.courser/com.lexue.courser.main.view.SplashActivity}} token= android.os.BinderProxy@f4c7c58
03-07 15:03:36.181   773  1909 I chatty  : uid=1000(system) Binder:773_A expire 1 line
03-07 15:03:36.186  1550  1608 I CommandQueue: updateBarBgColor
03-07 15:03:36.186  1550  1608 D CommandQueue: CommandQueue, setBarBackgroundColor
03-07 15:03:36.200  8865  8865 W ViewRootImpl[SplashActivity]: Dropping event due to no window focus: MotionEvent { action=ACTION_MOVE, actionButton=0, id[0]=0, x[0]=0.0, y[0]=4.0, toolType[0]=TOOL_TYPE_UNKNOWN, buttonState=0, metaState=0, flags=0x0, edgeFlags=0x0, pointerCount=1, historySize=2, eventTime=24336882, downTime=-1, deviceId=0, source=0x10004 }
03-07 15:03:36.246  8865  8865 W ViewRootImpl[SplashActivity]: Dropping event due to no window focus: MotionEvent { action=ACTION_MOVE, actionButton=0, id[0]=0, x[0]=2.0, y[0]=0.0, toolType[0]=TOOL_TYPE_UNKNOWN, buttonState=0, metaState=0, flags=0x0, edgeFlags=0x0, pointerCount=1, historySize=6, eventTime=24336896, downTime=-1, deviceId=0, source=0x10004 }
03-07 15:03:36.391   773  8650 I chatty  : uid=1000(system) Binder:773_1B expire 1 line
03-07 15:03:37.487   810   810 E wificond: Failed to get NL80211_STA_INFO_CNAHLOAD
03-07 15:03:38.150  8865  8865 V ActivityThread: ActivityThread,callActivityOnCreate
03-07 15:03:38.222  8865  8865 D ActivityThread: add activity client record, r= ActivityRecord{351cd41 token=android.os.BinderProxy@bea5f7f {com.lexue.courser/com.lexue.courser.main.view.MainActivity}} token= android.os.BinderProxy@bea5f7f
03-07 15:03:38.246   773  1961 I chatty  : uid=1000(system) Binder:773_D expire 53 lines
03-07 15:03:38.255  1550  1605 I CommandQueue: updateBarBgColor
03-07 15:03:38.255  1550  1605 D CommandQueue: CommandQueue, setBarBackgroundColor
03-07 15:03:38.284   773  1982 I chatty  : uid=1000(system) Binder:773_F expire 27 lines
03-07 15:03:38.285   773  1333 I chatty  : uid=1000(system) android.anim expire 32 lines
03-07 15:03:38.301   773  1962 I chatty  : uid=1000(system) Binder:773_E expire 13 lines
03-07 15:03:38.855   773  8650 I chatty  : uid=1000(system) Binder:773_1B expire 45 lines
03-07 15:03:38.917   773  1374 I chatty  : uid=1000(system) InputDispatcher expire 8 lines
03-07 15:03:39.013  8865  8865 V ActivityThread: ActivityThread,callActivityOnCreate
03-07 15:03:39.063  8865  8865 D ActivityThread: add activity client record, r= ActivityRecord{39a994 token=android.os.BinderProxy@ec2e9e3 {com.lexue.courser/com.lexue.courser.productdetail.view.ProductDetailActivity}} token= android.os.BinderProxy@ec2e9e3
03-07 15:03:39.100  8865  8865 W ViewRootImpl[ProductDetailActivity]: Dropping event due to no window focus: KeyEvent { action=ACTION_DOWN, keyCode=KEYCODE_VOLUME_DOWN, scanCode=0, metaState=0, flags=0x8, hwFlags=0x11, repeatCount=0, eventTime=24339605, downTime=24339605, deviceId=-1, source=0x101 }
03-07 15:03:39.101  8865  8865 W ViewRootImpl[ProductDetailActivity]: Cancelling event due to no window focus: KeyEvent { action=ACTION_UP, keyCode=KEYCODE_VOLUME_DOWN, scanCode=0, metaState=0, flags=0x28, hwFlags=0x11, repeatCount=0, eventTime=24339786, downTime=24339786, deviceId=-1, source=0x101 }
03-07 15:03:39.101  8865  8865 I chatty  : uid=10438(u0_a438) com.lexue.courser identical 4 lines
03-07 15:03:39.101  8865  8865 W ViewRootImpl[ProductDetailActivity]: Cancelling event due to no window focus: KeyEvent { action=ACTION_UP, keyCode=KEYCODE_VOLUME_DOWN, scanCode=0, metaState=0, flags=0x28, hwFlags=0x11, repeatCount=0, eventTime=24339786, downTime=24339786, deviceId=-1, source=0x101 }
03-07 15:03:39.104   773   773 I chatty  : uid=1000 system_server expire 6 lines
03-07 15:03:39.104   773  1413 I chatty  : uid=1000(system) AudioService expire 3 lines
03-07 15:03:39.105  8865  8865 D ActivityThread: Remove activity client record, r= ActivityRecord{b295415 token=android.os.BinderProxy@f4c7c58 {com.lexue.courser/com.lexue.courser.main.view.SplashActivity}} token= android.os.BinderProxy@f4c7c58
03-07 15:03:39.367  8865  8865 V ActivityThread: ActivityThread,callActivityOnCreate
03-07 15:03:39.388  8865  8865 D ActivityThread: add activity client record, r= ActivityRecord{ddac669 token=android.os.BinderProxy@db2dfd {com.lexue.courser/com.lexue.courser.main.view.HomeWatchLiveActivity}} token= android.os.BinderProxy@db2dfd
03-07 15:03:39.406  1550  1605 I CommandQueue: updateBarBgColor
03-07 15:03:39.406  1550  1605 D CommandQueue: CommandQueue, setBarBackgroundColor
03-07 15:03:39.472  8865  8865 V ActivityThread: ActivityThread,callActivityOnCreate
03-07 15:03:39.487  8865  8865 D ActivityThread: add activity client record, r= ActivityRecord{e6041aa token=android.os.BinderProxy@a453387 {com.lexue.courser/com.lexue.courser.main.view.HomeWatchLiveActivity}} token= android.os.BinderProxy@a453387
03-07 15:03:39.525   773  1890 I chatty  : uid=1000(system) Binder:773_8 expire 14 lines
03-07 15:03:40.044   504   645 W SocketListener: sending broadcast to Pid = 773, Uid = 1000 
03-07 15:03:40.045   773  1383 I chatty  : uid=1000(system) NetdConnector expire 6 lines
03-07 15:03:40.046   773  1126 I chatty  : uid=1000(system) android.fg expire 1 line
03-07 15:03:40.050   773  1384 I chatty  : uid=1000(system) NetworkStats expire 5 lines
03-07 15:03:40.497   810   810 E wificond: Failed to get NL80211_STA_INFO_CNAHLOAD
03-07 15:03:40.691  8865  8865 V ActivityThread: ActivityThread,callActivityOnCreate
03-07 15:03:40.733  8865  8865 D ActivityThread: add activity client record, r= ActivityRecord{53091a6 token=android.os.BinderProxy@b34ac36 {com.lexue.courser/com.lexue.courser.productdetail.view.ProductDetailActivity}} token= android.os.BinderProxy@b34ac36
03-07 15:03:40.750   773  1890 I chatty  : uid=1000(system) Binder:773_8 expire 6 lines
03-07 15:03:40.752  1550  1605 I CommandQueue: updateBarBgColor
03-07 15:03:40.752  1550  1605 D CommandQueue: CommandQueue, setBarBackgroundColor
03-07 15:03:40.780   773  1333 I chatty  : uid=1000(system) android.anim expire 34 lines
03-07 15:03:40.789   773  1961 I chatty  : uid=1000(system) Binder:773_D expire 14 lines
03-07 15:03:40.790  8865  8865 D ActivityThread: Remove activity client record, r= ActivityRecord{39a994 token=android.os.BinderProxy@ec2e9e3 {com.lexue.courser/com.lexue.courser.productdetail.view.ProductDetailActivity}} token= android.os.BinderProxy@ec2e9e3
03-07 15:03:40.796   773  1982 I chatty  : uid=1000(system) Binder:773_F expire 60 lines
03-07 15:03:40.989   773  1962 I chatty  : uid=1000(system) Binder:773_E expire 55 lines
03-07 15:03:41.153   773  1374 I chatty  : uid=1000(system) InputDispatcher expire 2 lines
03-07 15:03:41.186  1550  1605 I CommandQueue: updateBarBgColor
03-07 15:03:41.187  1550  1605 D CommandQueue: CommandQueue, setBarBackgroundColor
03-07 15:03:41.300  8865  8865 V ActivityThread: ActivityThread,callActivityOnCreate
03-07 15:03:41.331  8865  8865 D ActivityThread: add activity client record, r= ActivityRecord{6198c4e token=android.os.BinderProxy@3e49e6d {com.lexue.courser/com.lexue.courser.productdetail.view.ProductDetailActivity}} token= android.os.BinderProxy@3e49e6d
03-07 15:03:41.346   773  8650 I chatty  : uid=1000(system) Binder:773_1B expire 28 lines
03-07 15:03:41.349  1550  1605 I CommandQueue: updateBarBgColor
03-07 15:03:41.349  1550  1605 D CommandQueue: CommandQueue, setBarBackgroundColor
03-07 15:03:41.716  8865  8865 W ViewRootImpl[ProductDetailActivity]: Dropping event due to root view being removed: KeyEvent { action=ACTION_MULTIPLE, keyCode=KEYCODE_DPAD_LEFT, scanCode=0, metaState=0, flags=0x400, hwFlags=0x0, repeatCount=2, eventTime=24342364, downTime=24342364, deviceId=-1, source=0x101 }
03-07 15:03:41.716  8865  8865 W ViewRootImpl[ProductDetailActivity]: Dropping event due to root view being removed: KeyEvent { action=ACTION_DOWN, keyCode=KEYCODE_DPAD_LEFT, scanCode=0, metaState=0, flags=0x400, hwFlags=0x0, repeatCount=0, eventTime=24342364, downTime=24342364, deviceId=-1, source=0x101 }
03-07 15:03:41.716  8865  8865 W ViewRootImpl[ProductDetailActivity]: Dropping event due to root view being removed: KeyEvent { action=ACTION_UP, keyCode=KEYCODE_DPAD_LEFT, scanCode=0, metaState=0, flags=0x400, hwFlags=0x0, repeatCount=0, eventTime=24342364, downTime=24342364, deviceId=-1, source=0x101 }
03-07 15:03:41.716  8865  8865 W ViewRootImpl[ProductDetailActivity]: Dropping event due to root view being removed: KeyEvent { action=ACTION_DOWN, keyCode=KEYCODE_DPAD_LEFT, scanCode=0, metaState=0, flags=0x400, hwFlags=0x0, repeatCount=0, eventTime=24342364, downTime=24342364, deviceId=-1, source=0x101 }
03-07 15:03:41.716  8865  8865 W ViewRootImpl[ProductDetailActivity]: Dropping event due to root view being removed: KeyEvent { action=ACTION_UP, keyCode=KEYCODE_DPAD_LEFT, scanCode=0, metaState=0, flags=0x400, hwFlags=0x0, repeatCount=0, eventTime=24342364, downTime=24342364, deviceId=-1, source=0x101 }
03-07 15:03:41.716  8865  8865 W ViewRootImpl[ProductDetailActivity]: Dropping event due to root view being removed: KeyEvent { action=ACTION_DOWN, keyCode=KEYCODE_DPAD_LEFT, scanCode=0, metaState=0, flags=0x400, hwFlags=0x0, repeatCount=0, eventTime=24342364, downTime=24342364, deviceId=-1, source=0x101 }
03-07 15:03:41.716  8865  8865 W ViewRootImpl[ProductDetailActivity]: Dropping event due to root view being removed: KeyEvent { action=ACTION_UP, keyCode=KEYCODE_DPAD_LEFT, scanCode=0, metaState=0, flags=0x400, hwFlags=0x0, repeatCount=0, eventTime=24342364, downTime=24342364, deviceId=-1, source=0x101 }
03-07 15:03:41.722   773  1889 I chatty  : uid=1000(system) Binder:773_7 expire 10 lines
03-07 15:03:41.831  8865  8865 V ActivityThread: ActivityThread,callActivityOnCreate
03-07 15:03:41.868  8865  8865 D ActivityThread: add activity client record, r= ActivityRecord{347a0d6 token=android.os.BinderProxy@a832b69 {com.lexue.courser/com.lexue.courser.pay.view.PayActivity}} token= android.os.BinderProxy@a832b69
03-07 15:03:41.887  1550  1605 I CommandQueue: updateBarBgColor
03-07 15:03:41.887  1550  1605 D CommandQueue: CommandQueue, setBarBackgroundColor
03-07 15:03:41.901  8865  8865 D ActivityThread: Remove activity client record, r= ActivityRecord{53091a6 token=android.os.BinderProxy@b34ac36 {com.lexue.courser/com.lexue.courser.productdetail.view.ProductDetailActivity}} token= android.os.BinderProxy@b34ac36
03-07 15:03:42.357  8865  8865 V ActivityThread: ActivityThread,callActivityOnCreate
03-07 15:03:42.369  8865  8865 D ActivityThread: add activity client record, r= ActivityRecord{cce48d2 token=android.os.BinderProxy@b5e66e9 {com.lexue.courser/com.lexue.courser.pay.view.ChooseCouponsListActivity}} token= android.os.BinderProxy@b5e66e9
03-07 15:03:42.415   773  1339 I chatty  : uid=1000(system) UEventObserver expire 2 lines
03-07 15:03:42.427   773   773 I chatty  : uid=1000 system_server expire 2 lines
03-07 15:03:42.435   773  1118 I chatty  : uid=1000(system) batterystats-sy expire 2 lines
03-07 15:03:43.511   810   810 E wificond: Failed to get NL80211_STA_INFO_CNAHLOAD
03-07 15:03:45.341   773  1961 I chatty  : uid=1000(system) Binder:773_D expire 30 lines
03-07 15:03:45.391   773  1333 I chatty  : uid=1000(system) android.anim expire 42 lines
03-07 15:03:45.442   773  1889 I chatty  : uid=1000(system) Binder:773_7 expire 22 lines
03-07 15:03:45.535  8865  8865 D ActivityThread: Remove activity client record, r= ActivityRecord{cce48d2 token=android.os.BinderProxy@b5e66e9 {com.lexue.courser/com.lexue.courser.pay.view.ChooseCouponsListActivity}} token= android.os.BinderProxy@b5e66e9
03-07 15:03:45.536   773  8650 I chatty  : uid=1000(system) Binder:773_1B expire 40 lines
03-07 15:03:45.779   773  1962 I chatty  : uid=1000(system) Binder:773_E expire 20 lines
03-07 15:03:45.789  8865  8865 V ActivityThread: ActivityThread,callActivityOnCreate
03-07 15:03:45.805  8865  8865 D ActivityThread: add activity client record, r= ActivityRecord{602ab89 token=android.os.BinderProxy@2278df4 {com.lexue.courser/com.lexue.courser.pay.view.ChooseCouponsListActivity}} token= android.os.BinderProxy@2278df4
03-07 15:03:46.528   810   810 E wificond: Failed to get NL80211_STA_INFO_CNAHLOAD
03-07 15:03:46.771   773  1982 I chatty  : uid=1000(system) Binder:773_F expire 56 lines
03-07 15:03:47.004  8865  8865 D ActivityThread: Remove activity client record, r= ActivityRecord{602ab89 token=android.os.BinderProxy@2278df4 {com.lexue.courser/com.lexue.courser.pay.view.ChooseCouponsListActivity}} token= android.os.BinderProxy@2278df4
03-07 15:03:47.308  9442  9442 D ActivityThread: ActivityThread,attachApplication
03-07 15:03:47.719  8865  8865 V ActivityThread: ActivityThread,callActivityOnCreate
03-07 15:03:47.731  8865  8865 D ActivityThread: add activity client record, r= ActivityRecord{50db63a token=android.os.BinderProxy@affef71 {com.lexue.courser/com.lexue.courser.pay.view.ChooseCouponsListActivity}} token= android.os.BinderProxy@affef71
03-07 15:03:47.870   773  7174 I chatty  : uid=1000(system) Binder:773_1A expire 2 lines
03-07 15:03:47.985  8865  8865 D ActivityThread: Remove activity client record, r= ActivityRecord{50db63a token=android.os.BinderProxy@affef71 {com.lexue.courser/com.lexue.courser.pay.view.ChooseCouponsListActivity}} token= android.os.BinderProxy@affef71
03-07 15:03:48.298   773   773 I chatty  : uid=1000 system_server expire 2 lines
03-07 15:03:49.070  9483  9483 D ActivityThread: ActivityThread,attachApplication
03-07 15:03:49.397   773  1374 I chatty  : uid=1000(system) InputDispatcher expire 2 lines
03-07 15:03:49.421  1550  2531 I CommandQueue: updateBarBgColor
03-07 15:03:49.421  1550  2531 D CommandQueue: CommandQueue, setBarBackgroundColor
03-07 15:03:49.457   773  2045 I chatty  : uid=1000(system) Binder:773_14 expire 20 lines
03-07 15:03:49.541   810   810 E wificond: Failed to get NL80211_STA_INFO_CNAHLOAD
03-07 15:03:49.605  8865  8865 D ActivityThread: Remove activity client record, r= ActivityRecord{347a0d6 token=android.os.BinderProxy@a832b69 {com.lexue.courser/com.lexue.courser.pay.view.PayActivity}} token= android.os.BinderProxy@a832b69
03-07 15:03:49.631   773  1333 I chatty  : uid=1000(system) android.anim expire 16 lines
03-07 15:03:49.803   773  8650 I chatty  : uid=1000(system) Binder:773_1B expire 16 lines
03-07 15:03:49.865  8865  8865 V ActivityThread: ActivityThread,callActivityOnCreate
03-07 15:03:49.895  8865  8865 D ActivityThread: add activity client record, r= ActivityRecord{5996c18 token=android.os.BinderProxy@cfc4a59 {com.lexue.courser/com.lexue.courser.pay.view.PayActivity}} token= android.os.BinderProxy@cfc4a59
03-07 15:03:49.919  1550  2531 I CommandQueue: updateBarBgColor
03-07 15:03:49.919  1550  2531 D CommandQueue: CommandQueue, setBarBackgroundColor
03-07 15:03:49.943   773  1962 I chatty  : uid=1000(system) Binder:773_E expire 41 lines
03-07 15:03:49.958   773   773 I chatty  : uid=1000 system_server expire 12 lines
03-07 15:03:50.283   773  7174 I chatty  : uid=1000(system) Binder:773_1A expire 20 lines
03-07 15:03:51.523   773  1982 I chatty  : uid=1000(system) Binder:773_F expire 30 lines
03-07 15:03:51.535  8865  8865 V ActivityThread: ActivityThread,callActivityOnCreate
03-07 15:03:51.552  8865  8865 D ActivityThread: add activity client record, r= ActivityRecord{6a24008 token=android.os.BinderProxy@ab42c9f {com.lexue.courser/com.lexue.courser.pay.view.ChooseCouponsListActivity}} token= android.os.BinderProxy@ab42c9f
03-07 15:03:51.971   773  1844 I chatty  : uid=1000(system) watchdog expire 1 line
03-07 15:03:52.331   773  1126 I chatty  : uid=1000(system) android.fg expire 3 lines
03-07 15:03:52.557   810   810 E wificond: Failed to get NL80211_STA_INFO_CNAHLOAD
03-07 15:03:54.326   773  1374 I chatty  : uid=1000(system) InputDispatcher expire 3 lines
03-07 15:03:54.477   773  1413 I chatty  : uid=1000(system) AudioService expire 2 lines
03-07 15:03:55.572   810   810 E wificond: Failed to get NL80211_STA_INFO_CNAHLOAD
03-07 15:03:57.744   773  1370 I chatty  : uid=1000(system) sManagerService expire 1 line
03-07 15:03:58.586   810   810 E wificond: Failed to get NL80211_STA_INFO_CNAHLOAD
03-07 15:04:00.229   773  1339 I chatty  : uid=1000(system) UEventObserver expire 2 lines
03-07 15:04:01.601   810   810 E wificond: Failed to get NL80211_STA_INFO_CNAHLOAD
03-07 15:04:02.003   773  7174 I chatty  : uid=1000(system) Binder:773_1A expire 3 lines
03-07 15:04:02.240   773  1962 I chatty  : uid=1000(system) Binder:773_E expire 13 lines
03-07 15:04:02.260   773  1982 I chatty  : uid=1000(system) Binder:773_F expire 7 lines
03-07 15:04:02.266   773  2045 I chatty  : uid=1000(system) Binder:773_14 expire 6 lines
03-07 15:04:03.102   773  1398 I chatty  : uid=1000(system) WifiScanningSer expire 1 line
03-07 15:04:03.193   773  8650 I chatty  : uid=1000(system) Binder:773_1B expire 9 lines
03-07 15:04:04.619   810   810 E wificond: Failed to get NL80211_STA_INFO_CNAHLOAD
03-07 15:04:05.125   773  1856 I chatty  : uid=1000(system) LocationThread expire 7 lines
03-07 15:04:05.143   773  9665 I chatty  : uid=1000 system_server expire 2 lines
03-07 15:04:05.158   773  9668 I chatty  : uid=1000 system_server expire 1 line
03-07 15:04:05.193   816   816 D libgps  : proxy_gps_inject_location: called.
03-07 15:04:05.243   504   644 W SocketListener: sending broadcast to Pid = 773, Uid = 1000 
03-07 15:04:05.243   773  1383 I chatty  : uid=1000(system) NetdConnector expire 2 lines
03-07 15:04:05.316   773  9671 I chatty  : uid=1000 system_server expire 2 lines
03-07 15:04:05.321   816   816 D libgps  : proxy_gps_inject_location: called.
03-07 15:04:05.322   773  9672 I chatty  : uid=1000 system_server expire 1 line
03-07 15:04:06.658   773  8650 I chatty  : uid=1000(system) Binder:773_1B expire 2 lines
03-07 15:04:06.912   773  1982 I chatty  : uid=1000(system) Binder:773_F expire 3 lines
03-07 15:04:06.920   773  7174 I chatty  : uid=1000(system) Binder:773_1A expire 38 lines
03-07 15:04:06.930  8865  8865 V ActivityThread: ActivityThread,callActivityOnCreate
03-07 15:04:06.942  8865  8865 D ActivityThread: add activity client record, r= ActivityRecord{d48b201 token=android.os.BinderProxy@2592b1b {com.lexue.courser/com.lexue.courser.my.view.RefundListActivity}} token= android.os.BinderProxy@2592b1b
03-07 15:04:06.990   773  1333 I chatty  : uid=1000(system) android.anim expire 38 lines
03-07 15:04:07.020   773  1962 I chatty  : uid=1000(system) Binder:773_E expire 45 lines
03-07 15:04:07.028   773  9680 I chatty  : uid=1000(system) Binder:773_1D expire 6 lines
03-07 15:04:07.034   773  1890 I chatty  : uid=1000(system) Binder:773_8 expire 10 lines
03-07 15:04:07.037  8865  8865 V ActivityThread: ActivityThread,callActivityOnCreate
03-07 15:04:07.057  8865  8865 D ActivityThread: add activity client record, r= ActivityRecord{f60f1bf token=android.os.BinderProxy@e6e6c3a {com.lexue.courser/com.lexue.courser.my.view.RefundDetailActivity}} token= android.os.BinderProxy@e6e6c3a
03-07 15:04:07.123   773  1815 I chatty  : uid=1000(system) Binder:773_6 expire 47 lines
03-07 15:04:07.195   773  1889 I chatty  : uid=1000(system) Binder:773_7 expire 19 lines
03-07 15:04:07.203  8865  8865 V ActivityThread: ActivityThread,callActivityOnCreate
03-07 15:04:07.220  8865  8865 D ActivityThread: add activity client record, r= ActivityRecord{3171577 token=android.os.BinderProxy@c6134c6 {com.lexue.courser/com.lexue.courser.my.view.RefundDetailActivity}} token= android.os.BinderProxy@c6134c6
03-07 15:04:07.521   773  1374 I chatty  : uid=1000(system) InputDispatcher expire 5 lines
03-07 15:04:07.635   810   810 E wificond: Failed to get NL80211_STA_INFO_CNAHLOAD
03-07 15:04:07.729  8865  8865 D ActivityThread: Remove activity client record, r= ActivityRecord{3171577 token=android.os.BinderProxy@c6134c6 {com.lexue.courser/com.lexue.courser.my.view.RefundDetailActivity}} token= android.os.BinderProxy@c6134c6
03-07 15:04:10.652   810   810 E wificond: Failed to get NL80211_STA_INFO_CNAHLOAD
03-07 15:04:12.509   773   773 I chatty  : uid=1000 system_server expire 4 lines
03-07 15:04:12.510   773  1413 I chatty  : uid=1000(system) AudioService expire 2 lines
03-07 15:04:13.676   810   810 E wificond: Failed to get NL80211_STA_INFO_CNAHLOAD
03-07 15:04:14.261  8865  8865 V ActivityThread: ActivityThread,callActivityOnCreate
03-07 15:04:14.279  8865  8865 D ActivityThread: add activity client record, r= ActivityRecord{abc16be token=android.os.BinderProxy@36da910 {com.lexue.courser/com.lexue.courser.my.view.RefundDetailActivity}} token= android.os.BinderProxy@36da910
03-07 15:04:14.313   773  7174 I chatty  : uid=1000(system) Binder:773_1A expire 39 lines
03-07 15:04:14.322   773  1333 I chatty  : uid=1000(system) android.anim expire 43 lines
03-07 15:04:14.348   773  1962 I chatty  : uid=1000(system) Binder:773_E expire 28 lines
03-07 15:04:14.354   773  9680 I chatty  : uid=1000(system) Binder:773_1D expire 12 lines
03-07 15:04:14.376   773  1890 I chatty  : uid=1000(system) Binder:773_8 expire 26 lines
03-07 15:04:14.379  8865  8865 V ActivityThread: ActivityThread,callActivityOnCreate
03-07 15:04:14.395  8865  8865 D ActivityThread: add activity client record, r= ActivityRecord{ca78432 token=android.os.BinderProxy@7f08efc {com.lexue.courser/com.lexue.courser.my.view.RefundDetailActivity}} token= android.os.BinderProxy@7f08efc
03-07 15:04:14.407   773  1889 I chatty  : uid=1000(system) Binder:773_7 expire 25 lines
03-07 15:04:14.618  8865  8865 D ActivityThread: Remove activity client record, r= ActivityRecord{f60f1bf token=android.os.BinderProxy@e6e6c3a {com.lexue.courser/com.lexue.courser.my.view.RefundDetailActivity}} token= android.os.BinderProxy@e6e6c3a
03-07 15:04:16.693   810   810 E wificond: Failed to get NL80211_STA_INFO_CNAHLOAD
03-07 15:04:19.708   810   810 E wificond: Failed to get NL80211_STA_INFO_CNAHLOAD
03-07 15:04:21.971   773  1844 I chatty  : uid=1000(system) watchdog expire 1 line
03-07 15:04:22.299  8865  8865 D ActivityThread: Remove activity client record, r= ActivityRecord{ca78432 token=android.os.BinderProxy@7f08efc {com.lexue.courser/com.lexue.courser.my.view.RefundDetailActivity}} token= android.os.BinderProxy@7f08efc
03-07 15:04:22.507   773  1374 I chatty  : uid=1000(system) InputDispatcher expire 2 lines
03-07 15:04:22.550   773  1815 I chatty  : uid=1000(system) Binder:773_6 expire 72 lines
03-07 15:04:22.722   810   810 E wificond: Failed to get NL80211_STA_INFO_CNAHLOAD
03-07 15:04:22.725  8865  8865 V ActivityThread: ActivityThread,callActivityOnCreate
03-07 15:04:22.741  8865  8865 D ActivityThread: add activity client record, r= ActivityRecord{7454bae token=android.os.BinderProxy@6377c80 {com.lexue.courser/com.lexue.courser.my.view.RefundDetailActivity}} token= android.os.BinderProxy@6377c80
03-07 15:04:22.949  8865  8865 D ActivityThread: Remove activity client record, r= ActivityRecord{abc16be token=android.os.BinderProxy@36da910 {com.lexue.courser/com.lexue.courser.my.view.RefundDetailActivity}} token= android.os.BinderProxy@36da910
03-07 15:04:23.153  8865  8865 V ActivityThread: ActivityThread,callActivityOnCreate
03-07 15:04:23.170  8865  8865 D ActivityThread: add activity client record, r= ActivityRecord{a1eccb3 token=android.os.BinderProxy@175eb35 {com.lexue.courser/com.lexue.courser.my.view.RefundDetailActivity}} token= android.os.BinderProxy@175eb35
03-07 15:04:23.179   773  1890 I chatty  : uid=1000(system) Binder:773_8 expire 54 lines
03-07 15:04:23.195   773  1333 I chatty  : uid=1000(system) android.anim expire 22 lines
03-07 15:04:23.225   773  1962 I chatty  : uid=1000(system) Binder:773_E expire 44 lines
03-07 15:04:23.246  8865  8865 V ActivityThread: ActivityThread,callActivityOnCreate
03-07 15:04:23.263  8865  8865 D ActivityThread: add activity client record, r= ActivityRecord{5e101d7 token=android.os.BinderProxy@3ba0e39 {com.lexue.courser/com.lexue.courser.my.view.RefundDetailActivity}} token= android.os.BinderProxy@3ba0e39
03-07 15:04:23.485  8865  8865 D ActivityThread: Remove activity client record, r= ActivityRecord{7454bae token=android.os.BinderProxy@6377c80 {com.lexue.courser/com.lexue.courser.my.view.RefundDetailActivity}} token= android.os.BinderProxy@6377c80
03-07 15:04:24.133   773  7174 I chatty  : uid=1000(system) Binder:773_1A expire 22 lines
03-07 15:04:24.226   773  1374 I chatty  : uid=1000(system) InputDispatcher expire 9 lines
03-07 15:04:24.368  8865  8865 D ActivityThread: Remove activity client record, r= ActivityRecord{5e101d7 token=android.os.BinderProxy@3ba0e39 {com.lexue.courser/com.lexue.courser.my.view.RefundDetailActivity}} token= android.os.BinderProxy@3ba0e39
03-07 15:04:24.375   773   773 I chatty  : uid=1000 system_server expire 14 lines
03-07 15:04:24.376   773  1413 I chatty  : uid=1000(system) AudioService expire 6 lines
03-07 15:04:25.738   810   810 E wificond: Failed to get NL80211_STA_INFO_CNAHLOAD
03-07 15:04:28.766   810   810 E wificond: Failed to get NL80211_STA_INFO_CNAHLOAD
03-07 15:04:30.440   773  1339 I chatty  : uid=1000(system) UEventObserver expire 2 lines
03-07 15:04:31.784   810   810 E wificond: Failed to get NL80211_STA_INFO_CNAHLOAD
03-07 15:04:34.800   810   810 E wificond: Failed to get NL80211_STA_INFO_CNAHLOAD
03-07 15:04:34.823   773  1890 I chatty  : uid=1000(system) Binder:773_8 expire 23 lines
03-07 15:04:34.860   773  1815 I chatty  : uid=1000(system) Binder:773_6 expire 49 lines
03-07 15:04:34.869  8865  8865 V ActivityThread: ActivityThread,callActivityOnCreate
03-07 15:04:34.876   773  1333 I chatty  : uid=1000(system) android.anim expire 30 lines
03-07 15:04:34.884  8865  8865 D ActivityThread: add activity client record, r= ActivityRecord{161689b token=android.os.BinderProxy@f417f25 {com.lexue.courser/com.lexue.courser.my.view.RefundDetailActivity}} token= android.os.BinderProxy@f417f25
03-07 15:04:34.895   773  1962 I chatty  : uid=1000(system) Binder:773_E expire 25 lines
03-07 15:04:34.973  8865  8865 V ActivityThread: ActivityThread,callActivityOnCreate
03-07 15:04:34.990  8865  8865 D ActivityThread: add activity client record, r= ActivityRecord{739d73f token=android.os.BinderProxy@e4f9e61 {com.lexue.courser/com.lexue.courser.my.view.RefundDetailActivity}} token= android.os.BinderProxy@e4f9e61
03-07 15:04:35.066  8865  8865 D ActivityThread: Remove activity client record, r= ActivityRecord{161689b token=android.os.BinderProxy@f417f25 {com.lexue.courser/com.lexue.courser.my.view.RefundDetailActivity}} token= android.os.BinderProxy@f417f25
03-07 15:04:35.200  8865  8865 D ActivityThread: Remove activity client record, r= ActivityRecord{a1eccb3 token=android.os.BinderProxy@175eb35 {com.lexue.courser/com.lexue.courser.my.view.RefundDetailActivity}} token= android.os.BinderProxy@175eb35
03-07 15:04:36.091   773  7174 I chatty  : uid=1000(system) Binder:773_1A expire 32 lines
03-07 15:04:37.817   810   810 E wificond: Failed to get NL80211_STA_INFO_CNAHLOAD
03-07 15:04:39.442   773  1374 I chatty  : uid=1000(system) InputDispatcher expire 6 lines
03-07 15:04:39.591   773   773 I chatty  : uid=1000 system_server expire 8 lines
03-07 15:04:39.591   773  1413 I chatty  : uid=1000(system) AudioService expire 4 lines
03-07 15:04:40.827   810   810 E wificond: Failed to get NL80211_STA_INFO_CNAHLOAD
03-07 15:04:43.841   810   810 E wificond: Failed to get NL80211_STA_INFO_CNAHLOAD
03-07 15:04:44.310   773  1889 I chatty  : uid=1000(system) Binder:773_7 expire 18 lines
03-07 15:04:46.862   810   810 E wificond: Failed to get NL80211_STA_INFO_CNAHLOAD
03-07 15:04:48.300   773  9680 I chatty  : uid=1000(system) Binder:773_1D expire 11 lines
03-07 15:04:48.765   773  8650 I chatty  : uid=1000(system) Binder:773_1B expire 4 lines
03-07 15:04:48.820   773  1333 I chatty  : uid=1000(system) android.anim expire 33 lines
03-07 15:04:48.879  8865  8865 V ActivityThread: ActivityThread,callActivityOnCreate
03-07 15:04:48.897  8865  8865 D ActivityThread: add activity client record, r= ActivityRecord{50af383 token=android.os.BinderProxy@4d0cbcd {com.lexue.courser/com.lexue.courser.my.view.RefundDetailActivity}} token= android.os.BinderProxy@4d0cbcd
03-07 15:04:48.907   773  8650 I chatty  : uid=1000(system) Binder:773_1B expire 49 lines
03-07 15:04:48.951   773  1889 I chatty  : uid=1000(system) Binder:773_7 expire 29 lines
03-07 15:04:48.971   773  1815 I chatty  : uid=1000(system) Binder:773_6 expire 39 lines
03-07 15:04:48.996  8865  8865 V ActivityThread: ActivityThread,callActivityOnCreate
03-07 15:04:49.011  8865  8865 D ActivityThread: add activity client record, r= ActivityRecord{eafaba7 token=android.os.BinderProxy@627589 {com.lexue.courser/com.lexue.courser.my.view.RefundDetailActivity}} token= android.os.BinderProxy@627589
03-07 15:04:49.048   773  1890 I chatty  : uid=1000(system) Binder:773_8 expire 14 lines
03-07 15:04:49.234  8865  8865 D ActivityThread: Remove activity client record, r= ActivityRecord{739d73f token=android.os.BinderProxy@e4f9e61 {com.lexue.courser/com.lexue.courser.my.view.RefundDetailActivity}} token= android.os.BinderProxy@e4f9e61
03-07 15:04:49.878   810   810 E wificond: Failed to get NL80211_STA_INFO_CNAHLOAD
03-07 15:04:50.731  8865  8865 D ActivityThread: Remove activity client record, r= ActivityRecord{eafaba7 token=android.os.BinderProxy@627589 {com.lexue.courser/com.lexue.courser.my.view.RefundDetailActivity}} token= android.os.BinderProxy@627589
03-07 15:04:51.972   773  1844 I chatty  : uid=1000(system) watchdog expire 1 line
03-07 15:04:52.894   810   810 E wificond: Failed to get NL80211_STA_INFO_CNAHLOAD
03-07 15:04:54.447   773  1374 I chatty  : uid=1000(system) InputDispatcher expire 3 lines
03-07 15:04:54.598   773   773 I chatty  : uid=1000 system_server expire 10 lines
03-07 15:04:54.598   773  1413 I chatty  : uid=1000(system) AudioService expire 2 lines
03-07 15:04:55.920   810   810 E wificond: Failed to get NL80211_STA_INFO_CNAHLOAD
03-07 15:04:58.944   810   810 E wificond: Failed to get NL80211_STA_INFO_CNAHLOAD
03-07 15:05:00.647   773  1339 I chatty  : uid=1000(system) UEventObserver expire 2 lines
03-07 15:05:01.390   773  8650 I chatty  : uid=1000(system) Binder:773_1B expire 25 lines
03-07 15:05:01.961   810   810 E wificond: Failed to get NL80211_STA_INFO_CNAHLOAD
03-07 15:05:02.100   773  1333 I chatty  : uid=1000(system) android.anim expire 8 lines
03-07 15:05:02.193  8865  8865 V ActivityThread: ActivityThread,callActivityOnCreate
03-07 15:05:02.212  8865  8865 D ActivityThread: add activity client record, r= ActivityRecord{878bee3 token=android.os.BinderProxy@31d382d {com.lexue.courser/com.lexue.courser.my.view.RefundDetailActivity}} token= android.os.BinderProxy@31d382d
03-07 15:05:02.217   773  1890 I chatty  : uid=1000(system) Binder:773_8 expire 27 lines
03-07 15:05:02.240   773  1333 I chatty  : uid=1000(system) android.anim expire 47 lines
03-07 15:05:02.245  8865  8865 W ViewRootImpl[RefundDetailActivity]: Dropping event due to no window focus: MotionEvent { action=ACTION_MOVE, actionButton=0, id[0]=0, x[0]=-1.0, y[0]=2.0, toolType[0]=TOOL_TYPE_UNKNOWN, buttonState=0, metaState=0, flags=0x0, edgeFlags=0x0, pointerCount=1, historySize=0, eventTime=24422899, downTime=-1, deviceId=0, source=0x10004 }
03-07 15:05:02.293   773  8650 I chatty  : uid=1000(system) Binder:773_1B expire 28 lines
03-07 15:05:02.294   773  7174 I chatty  : uid=1000(system) Binder:773_1A expire 39 lines
03-07 15:05:02.295   773  1815 I chatty  : uid=1000(system) Binder:773_6 expire 46 lines
03-07 15:05:02.446  8865  8865 D ActivityThread: Remove activity client record, r= ActivityRecord{50af383 token=android.os.BinderProxy@4d0cbcd {com.lexue.courser/com.lexue.courser.my.view.RefundDetailActivity}} token= android.os.BinderProxy@4d0cbcd
03-07 15:05:03.406  8865  8865 V ActivityThread: ActivityThread,callActivityOnCreate
03-07 15:05:03.425  8865  8865 D ActivityThread: add activity client record, r= ActivityRecord{e1277fc token=android.os.BinderProxy@e70d1e {com.lexue.courser/com.lexue.courser.my.view.RefundDetailActivity}} token= android.os.BinderProxy@e70d1e
03-07 15:05:03.611   773  9680 I chatty  : uid=1000(system) Binder:773_1D expire 14 lines
03-07 15:05:03.721  8865  8865 V ActivityThread: ActivityThread,callActivityOnCreate
03-07 15:05:03.737  8865  8865 D ActivityThread: add activity client record, r= ActivityRecord{8993b90 token=android.os.BinderProxy@9dec3ea {com.lexue.courser/com.lexue.courser.my.view.RefundDetailActivity}} token= android.os.BinderProxy@9dec3ea
03-07 15:05:03.748   773  1962 I chatty  : uid=1000(system) Binder:773_E expire 50 lines
03-07 15:05:03.947  8865  8865 D ActivityThread: Remove activity client record, r= ActivityRecord{e1277fc token=android.os.BinderProxy@e70d1e {com.lexue.courser/com.lexue.courser.my.view.RefundDetailActivity}} token= android.os.BinderProxy@e70d1e
03-07 15:05:03.953  8865  8865 D ActivityThread: Remove activity client record, r= ActivityRecord{878bee3 token=android.os.BinderProxy@31d382d {com.lexue.courser/com.lexue.courser.my.view.RefundDetailActivity}} token= android.os.BinderProxy@31d382d
03-07 15:05:04.977   810   810 E wificond: Failed to get NL80211_STA_INFO_CNAHLOAD
03-07 15:05:07.372  8865  8865 V ActivityThread: ActivityThread,callActivityOnCreate
03-07 15:05:07.391  8865  8865 D ActivityThread: add activity client record, r= ActivityRecord{631860a token=android.os.BinderProxy@681497c {com.lexue.courser/com.lexue.courser.my.view.RefundDetailActivity}} token= android.os.BinderProxy@681497c
03-07 15:05:07.479   773  7174 I chatty  : uid=1000(system) Binder:773_1A expire 17 lines
03-07 15:05:07.493   773  1333 I chatty  : uid=1000(system) android.anim expire 23 lines
03-07 15:05:07.495  8865  8865 V ActivityThread: ActivityThread,callActivityOnCreate
03-07 15:05:07.511  8865  8865 D ActivityThread: add activity client record, r= ActivityRecord{fefc2be token=android.os.BinderProxy@6a0d628 {com.lexue.courser/com.lexue.courser.my.view.RefundDetailActivity}} token= android.os.BinderProxy@6a0d628
03-07 15:05:07.566   773  9258 I chatty  : uid=1000(system) Binder:773_1C expire 38 lines
03-07 15:05:07.713  8865  8865 D ActivityThread: Remove activity client record, r= ActivityRecord{8993b90 token=android.os.BinderProxy@9dec3ea {com.lexue.courser/com.lexue.courser.my.view.RefundDetailActivity}} token= android.os.BinderProxy@9dec3ea
03-07 15:05:07.992   810   810 E wificond: Failed to get NL80211_STA_INFO_CNAHLOAD
03-07 15:05:08.566   773  9680 I chatty  : uid=1000(system) Binder:773_1D expire 39 lines
03-07 15:05:09.894   773  1374 I chatty  : uid=1000(system) InputDispatcher expire 11 lines
03-07 15:05:09.901   773  1889 I chatty  : uid=1000(system) Binder:773_7 expire 17 lines
03-07 15:05:10.093  8865  8865 D ActivityThread: Remove activity client record, r= ActivityRecord{fefc2be token=android.os.BinderProxy@6a0d628 {com.lexue.courser/com.lexue.courser.my.view.RefundDetailActivity}} token= android.os.BinderProxy@6a0d628
03-07 15:05:10.270   773   773 I chatty  : uid=1000 system_server expire 12 lines
03-07 15:05:10.271   773  1413 I chatty  : uid=1000(system) AudioService expire 6 lines
03-07 15:05:11.005   810   810 E wificond: Failed to get NL80211_STA_INFO_CNAHLOAD
03-07 15:05:14.024   810   810 E wificond: Failed to get NL80211_STA_INFO_CNAHLOAD
03-07 15:05:14.787   773  1962 I chatty  : uid=1000(system) Binder:773_E expire 11 lines
03-07 15:05:17.044   810   810 E wificond: Failed to get NL80211_STA_INFO_CNAHLOAD
03-07 15:05:19.524  8865  8865 V ActivityThread: ActivityThread,callActivityOnCreate
03-07 15:05:19.536   773  1333 I chatty  : uid=1000(system) android.anim expire 2 lines
03-07 15:05:19.542  8865  8865 D ActivityThread: add activity client record, r= ActivityRecord{cd172de token=android.os.BinderProxy@a4d5830 {com.lexue.courser/com.lexue.courser.my.view.RefundDetailActivity}} token= android.os.BinderProxy@a4d5830
03-07 15:05:19.546   773  9258 I chatty  : uid=1000(system) Binder:773_1C expire 46 lines
03-07 15:05:19.565   773  1333 I chatty  : uid=1000(system) android.anim expire 29 lines
03-07 15:05:19.608   773  9680 I chatty  : uid=1000(system) Binder:773_1D expire 1 line
03-07 15:05:19.611   773  8650 I chatty  : uid=1000(system) Binder:773_1B expire 11 lines
03-07 15:05:19.636   773  1962 I chatty  : uid=1000(system) Binder:773_E expire 16 lines
03-07 15:05:19.640  8865  8865 V ActivityThread: ActivityThread,callActivityOnCreate
03-07 15:05:19.658  8865  8865 D ActivityThread: add activity client record, r= ActivityRecord{9207e52 token=android.os.BinderProxy@762301c {com.lexue.courser/com.lexue.courser.my.view.RefundDetailActivity}} token= android.os.BinderProxy@762301c
03-07 15:05:19.662   773  7174 I chatty  : uid=1000(system) Binder:773_1A expire 31 lines
03-07 15:05:19.677   773  1374 I chatty  : uid=1000(system) InputDispatcher expire 3 lines
03-07 15:05:19.826   773   773 I chatty  : uid=1000 system_server expire 6 lines
03-07 15:05:19.827   773  1413 I chatty  : uid=1000(system) AudioService expire 2 lines
03-07 15:05:19.877  8865  8865 D ActivityThread: Remove activity client record, r= ActivityRecord{631860a token=android.os.BinderProxy@681497c {com.lexue.courser/com.lexue.courser.my.view.RefundDetailActivity}} token= android.os.BinderProxy@681497c
03-07 15:05:20.060   810   810 E wificond: Failed to get NL80211_STA_INFO_CNAHLOAD
03-07 15:05:21.973   773  1844 I chatty  : uid=1000(system) watchdog expire 1 line
03-07 15:05:23.080   810   810 E wificond: Failed to get NL80211_STA_INFO_CNAHLOAD
03-07 15:05:26.093   810   810 E wificond: Failed to get NL80211_STA_INFO_CNAHLOAD
03-07 15:05:28.658   773  1815 I chatty  : uid=1000(system) Binder:773_6 expire 30 lines
03-07 15:05:28.856  8865  8865 D ActivityThread: Remove activity client record, r= ActivityRecord{9207e52 token=android.os.BinderProxy@762301c {com.lexue.courser/com.lexue.courser.my.view.RefundDetailActivity}} token= android.os.BinderProxy@762301c
03-07 15:05:29.102   810   810 E wificond: Failed to get NL80211_STA_INFO_CNAHLOAD
03-07 15:05:30.860   773  1339 I chatty  : uid=1000(system) UEventObserver expire 2 lines
03-07 15:05:32.117   810   810 E wificond: Failed to get NL80211_STA_INFO_CNAHLOAD
03-07 15:05:32.398   773  7174 I chatty  : uid=1000(system) Binder:773_1A expire 19 lines
03-07 15:05:32.490   773  1962 I chatty  : uid=1000(system) Binder:773_E expire 1 line
03-07 15:05:32.841   773  9258 I chatty  : uid=1000(system) Binder:773_1C expire 14 lines
03-07 15:05:34.741   773  1113 I chatty  : uid=1000(system) ActivityManager expire 1 line
03-07 15:05:35.132   810   810 E wificond: Failed to get NL80211_STA_INFO_CNAHLOAD
03-07 15:05:38.145   810   810 E wificond: Failed to get NL80211_STA_INFO_CNAHLOAD
03-07 15:05:40.396   773  8650 I chatty  : uid=1000(system) Binder:773_1B expire 53 lines
03-07 15:05:40.670   773  7174 I chatty  : uid=1000(system) Binder:773_1A expire 43 lines
03-07 15:05:41.136   773  1962 I chatty  : uid=1000(system) Binder:773_E expire 7 lines
03-07 15:05:41.153   810   810 E wificond: Failed to get NL80211_STA_INFO_CNAHLOAD
03-07 15:05:41.190   773  1333 I chatty  : uid=1000(system) android.anim expire 52 lines
03-07 15:05:41.245   773  9258 I chatty  : uid=1000(system) Binder:773_1C expire 35 lines
03-07 15:05:41.252   773  1961 I chatty  : uid=1000(system) Binder:773_D expire 15 lines
03-07 15:05:41.261  8865  8865 V ActivityThread: ActivityThread,callActivityOnCreate
03-07 15:05:41.279  8865  8865 D ActivityThread: add activity client record, r= ActivityRecord{cfe7ca token=android.os.BinderProxy@aa4753c {com.lexue.courser/com.lexue.courser.my.view.RefundDetailActivity}} token= android.os.BinderProxy@aa4753c
03-07 15:05:41.360  8865  8865 V ActivityThread: ActivityThread,callActivityOnCreate
03-07 15:05:41.373  8865  8865 D ActivityThread: add activity client record, r= ActivityRecord{493487e token=android.os.BinderProxy@78bde8 {com.lexue.courser/com.lexue.courser.my.view.RefundDetailActivity}} token= android.os.BinderProxy@78bde8
03-07 15:05:41.585  8865  8865 D ActivityThread: Remove activity client record, r= ActivityRecord{cd172de token=android.os.BinderProxy@a4d5830 {com.lexue.courser/com.lexue.courser.my.view.RefundDetailActivity}} token= android.os.BinderProxy@a4d5830
03-07 15:05:42.155  8865  8865 D ActivityThread: Remove activity client record, r= ActivityRecord{493487e token=android.os.BinderProxy@78bde8 {com.lexue.courser/com.lexue.courser.my.view.RefundDetailActivity}} token= android.os.BinderProxy@78bde8
03-07 15:05:42.588   773  1889 I chatty  : uid=1000(system) Binder:773_7 expire 15 lines
03-07 15:05:42.694  8865  8865 V ActivityThread: ActivityThread,callActivityOnCreate
03-07 15:05:42.712  8865  8865 D ActivityThread: add activity client record, r= ActivityRecord{8023952 token=android.os.BinderProxy@28e9784 {com.lexue.courser/com.lexue.courser.my.view.RefundDetailActivity}} token= android.os.BinderProxy@28e9784
03-07 15:05:42.782  8865  8865 V ActivityThread: ActivityThread,callActivityOnCreate
03-07 15:05:42.797  8865  8865 D ActivityThread: add activity client record, r= ActivityRecord{ea25986 token=android.os.BinderProxy@936c4b0 {com.lexue.courser/com.lexue.courser.my.view.RefundDetailActivity}} token= android.os.BinderProxy@936c4b0
03-07 15:05:43.219  8865  8865 D ActivityThread: Remove activity client record, r= ActivityRecord{cfe7ca token=android.os.BinderProxy@aa4753c {com.lexue.courser/com.lexue.courser.my.view.RefundDetailActivity}} token= android.os.BinderProxy@aa4753c
03-07 15:05:43.238   773  8650 I chatty  : uid=1000(system) Binder:773_1B expire 33 lines
03-07 15:05:43.475   773  7174 I chatty  : uid=1000(system) Binder:773_1A expire 16 lines
03-07 15:05:43.826   773  1374 I chatty  : uid=1000(system) InputDispatcher expire 17 lines
03-07 15:05:44.026   773   773 I chatty  : uid=1000 system_server expire 21 lines
03-07 15:05:44.026   773  1413 I chatty  : uid=1000(system) AudioService expire 10 lines
03-07 15:05:44.053   773  9258 I chatty  : uid=1000(system) Binder:773_1C expire 33 lines
03-07 15:05:44.170   810   810 E wificond: Failed to get NL80211_STA_INFO_CNAHLOAD
03-07 15:05:44.324   773  1815 I chatty  : uid=1000(system) Binder:773_6 expire 43 lines
03-07 15:05:45.477   773  1333 I chatty  : uid=1000(system) android.anim expire 23 lines
03-07 15:05:45.649  8865  8865 D ActivityThread: Remove activity client record, r= ActivityRecord{ea25986 token=android.os.BinderProxy@936c4b0 {com.lexue.courser/com.lexue.courser.my.view.RefundDetailActivity}} token= android.os.BinderProxy@936c4b0
03-07 15:05:47.189   810   810 E wificond: Failed to get NL80211_STA_INFO_CNAHLOAD
03-07 15:05:50.209   810   810 E wificond: Failed to get NL80211_STA_INFO_CNAHLOAD
03-07 15:05:51.977   773  1844 I chatty  : uid=1000(system) watchdog expire 1 line
03-07 15:05:53.233   810   810 E wificond: Failed to get NL80211_STA_INFO_CNAHLOAD
03-07 15:05:54.615   773  1962 I chatty  : uid=1000(system) Binder:773_E expire 4 lines
03-07 15:05:54.787  8865  8865 V ActivityThread: ActivityThread,callActivityOnCreate
03-07 15:05:54.806  8865  8865 D ActivityThread: add activity client record, r= ActivityRecord{4467ace token=android.os.BinderProxy@d0f46a0 {com.lexue.courser/com.lexue.courser.my.view.RefundDetailActivity}} token= android.os.BinderProxy@d0f46a0
03-07 15:05:54.810   773  1889 I chatty  : uid=1000(system) Binder:773_7 expire 52 lines
03-07 15:05:54.831   773  1333 I chatty  : uid=1000(system) android.anim expire 22 lines
03-07 15:05:54.884   773  8650 I chatty  : uid=1000(system) Binder:773_1B expire 35 lines
03-07 15:05:55.021  8865  8865 D ActivityThread: Remove activity client record, r= ActivityRecord{d48b201 token=android.os.BinderProxy@2592b1b {com.lexue.courser/com.lexue.courser.my.view.RefundListActivity}} token= android.os.BinderProxy@2592b1b
03-07 15:05:55.028  8865  8865 D ActivityThread: Remove activity client record, r= ActivityRecord{8023952 token=android.os.BinderProxy@28e9784 {com.lexue.courser/com.lexue.courser.my.view.RefundDetailActivity}} token= android.os.BinderProxy@28e9784
03-07 15:05:55.494   773  1815 I chatty  : uid=1000(system) Binder:773_6 expire 15 lines
03-07 15:05:55.880   773  1374 I chatty  : uid=1000(system) InputDispatcher expire 10 lines
03-07 15:05:56.032   773   773 I chatty  : uid=1000 system_server expire 14 lines
03-07 15:05:56.034   773  1413 I chatty  : uid=1000(system) AudioService expire 4 lines
03-07 15:05:56.044   773  7174 I chatty  : uid=1000(system) Binder:773_1A expire 9 lines
03-07 15:05:56.256   810   810 E wificond: Failed to get NL80211_STA_INFO_CNAHLOAD
03-07 15:05:58.950   773  1114 I chatty  : uid=1000(system) android.ui expire 15 lines
03-07 15:05:59.135   773  1375 I chatty  : uid=1000(system) InputReader expire 1 line
03-07 15:05:59.278   810   810 E wificond: Failed to get NL80211_STA_INFO_CNAHLOAD
03-07 15:05:59.339   773  1890 I chatty  : uid=1000(system) Binder:773_8 expire 27 lines
03-07 15:05:59.518  8865  8865 D ActivityThread: Remove activity client record, r= ActivityRecord{4467ace token=android.os.BinderProxy@d0f46a0 {com.lexue.courser/com.lexue.courser.my.view.RefundDetailActivity}} token= android.os.BinderProxy@d0f46a0
03-07 15:06:00.591   773  1962 I chatty  : uid=1000(system) Binder:773_E expire 10 lines
03-07 15:06:00.785  8865  8865 D ActivityThread: Remove activity client record, r= ActivityRecord{6a24008 token=android.os.BinderProxy@ab42c9f {com.lexue.courser/com.lexue.courser.pay.view.ChooseCouponsListActivity}} token= android.os.BinderProxy@ab42c9f
03-07 15:06:01.014 10874 10874 D ActivityThread: ActivityThread,attachApplication
03-07 15:06:01.068   773  1339 I chatty  : uid=1000(system) UEventObserver expire 2 lines
03-07 15:06:02.294   810   810 E wificond: Failed to get NL80211_STA_INFO_CNAHLOAD
03-07 15:06:04.396   773  1962 I chatty  : uid=1000(system) Binder:773_E expire 11 lines
03-07 15:06:04.425   773  1374 I chatty  : uid=1000(system) InputDispatcher expire 9 lines
03-07 15:06:04.512   773  1333 I chatty  : uid=1000(system) android.anim expire 32 lines
03-07 15:06:04.578   773   773 I chatty  : uid=1000 system_server expire 15 lines
03-07 15:06:04.579   773  1413 I chatty  : uid=1000(system) AudioService expire 6 lines
03-07 15:06:04.632   773  1890 I chatty  : uid=1000(system) Binder:773_8 expire 20 lines
03-07 15:06:04.863   773  1889 I chatty  : uid=1000(system) Binder:773_7 expire 31 lines
03-07 15:06:05.308   810   810 E wificond: Failed to get NL80211_STA_INFO_CNAHLOAD
03-07 15:06:05.471   773  1114 I chatty  : uid=1000(system) android.ui expire 1 line
03-07 15:06:05.609   773  1815 I chatty  : uid=1000(system) Binder:773_6 expire 30 lines
03-07 15:06:06.064   773  1126 I chatty  : uid=1000(system) android.fg expire 1 line
03-07 15:06:06.361   773  7174 I chatty  : uid=1000(system) Binder:773_1A expire 42 lines
03-07 15:06:08.323   810   810 E wificond: Failed to get NL80211_STA_INFO_CNAHLOAD
