03-07 15:07:29.534   773  1114 V WindowManager: Removing Window{f9e83f9 u0 android} from WindowToken{e4a3f3e android.view.ViewRootImpl$W@6184ac0}
03-07 15:07:29.538   773  1114 V WindowManager: Adding Window{99de433 u0 android} to WindowToken{633e3f0 android.view.ViewRootImpl$W@b187fa2}
03-07 15:07:29.539   773  1114 V WindowManager: addWindow: New client android.view.ViewRootImpl$W@b187fa2: window=Window{99de433 u0 android} Callers=com.android.server.wm.HwWindowManagerService.addWindow:585 com.android.server.wm.Session.addToDisplay:199 android.view.ViewRootImpl.setView:845 android.view.WindowManagerGlobal.addView:372 android.view.WindowManagerImpl.addView:128 
03-07 15:07:29.635  8865  8865 D ActivityThread: Remove activity client record, r= ActivityRecord{e6041aa token=android.os.BinderProxy@a453387 {com.lexue.courser/com.lexue.courser.main.view.HomeWatchLiveActivity}} token= android.os.BinderProxy@a453387
03-07 15:07:29.637   773  7174 V WindowManager: removeIfPossible: Window{d81c812 u0 com.lexue.courser/com.lexue.courser.main.view.HomeWatchLiveActivity} callers=com.android.server.wm.WindowState.removeIfPossible:1914 com.android.server.wm.WindowManagerService.removeWindow:2040 com.android.server.wm.Session.remove:218 android.view.IWindowSession$Stub.onTransact:242 com.android.server.wm.Session.onTransact:161 
03-07 15:07:29.638   773  7174 I WindowManager: Destroying surface Surface(name=com.lexue.courser/com.lexue.courser.main.view.HomeWatchLiveActivity) called by com.android.server.wm.WindowStateAnimator.destroySurface:2089 com.android.server.wm.WindowStateAnimator.destroySurfaceLocked:899 com.android.server.wm.HwWindowStateAnimator.destroySurfaceLocked:1006 com.android.server.wm.WindowState.removeImmediately:1899 com.android.server.wm.WindowState.removeIfPossible:2051 com.android.server.wm.WindowState.removeIfPossible:1914 com.android.server.wm.WindowManagerService.removeWindow:2040 com.android.server.wm.Session.remove:218 
03-07 15:07:29.639   773  7174 V WindowManager: postWindowRemoveCleanupLocked: Window{d81c812 u0 com.lexue.courser/com.lexue.courser.main.view.HomeWatchLiveActivity}
03-07 15:07:29.639   773  7174 V WindowManager: Removing Window{d81c812 u0 com.lexue.courser/com.lexue.courser.main.view.HomeWatchLiveActivity} from AppWindowToken{ba13a61 token=Token{1c3b9c8 ActivityRecord{bc28a6b u0 com.lexue.courser/.main.view.HomeWatchLiveActivity t3148}}}
03-07 15:07:29.641   773  7174 V WindowManager: removeAppToken: AppWindowToken{ba13a61 token=Token{1c3b9c8 ActivityRecord{bc28a6b u0 com.lexue.courser/.main.view.HomeWatchLiveActivity t3148}}} delayed=false Callers=com.android.server.wm.DisplayContent.removeAppToken:994 com.android.server.wm.AppWindowContainerController.removeContainer:352 com.android.server.am.ActivityRecord.removeWindowContainer:1045 com.android.server.am.ActivityStack.removeActivityFromHistoryLocked:4486 
03-07 15:07:29.735   810   810 E wificond: Failed to get NL80211_STA_INFO_CNAHLOAD
03-07 15:07:29.992   773  1374 D HwGameAssistantController: Keycontrol mode is 2 for user 0
03-07 15:07:30.090   773  1114 I WindowManager: onProposedRotationChanged, rotation=0
03-07 15:07:30.091   773  1114 D WindowManager: face_rotation: isIntelliServiceEnabled: ro swtich off
03-07 15:07:30.091   773  1114 I WindowManager: MyOrientationListener: updateRotation.
03-07 15:07:30.091   773  1114 V WindowManager: updateRotationUnchecked: alwaysSendConfiguration=false forceRelayout=false
03-07 15:07:30.092   773  1114 I WindowManager: rotationForOrientationLw(orient=1, last=0); user=0 
03-07 15:07:30.092   773  1114 D WindowManager: face_rotation: isIntelliServiceEnabled: ro swtich off
03-07 15:07:30.092   773  1114 D HwPhoneWindowManager: face_rotation: not enabled,use sensor real
03-07 15:07:30.092   773  1114 D HwPhoneWindowManager: face_rotation:real sensor rotation = 0
03-07 15:07:30.092   773  1114 D HwPhoneWindowManager: face_rotation: rotation = 0
03-07 15:07:30.092   773  1114 I WindowManager: Selected orientation 1, got rotation 0 which has compatible metrics
03-07 15:07:30.108   773  1114 V WindowManager: removeIfPossible: Window{99de433 u0 android} callers=com.android.server.wm.WindowState.removeIfPossible:1914 com.android.server.wm.WindowManagerService.removeWindow:2040 com.android.server.wm.Session.remove:218 android.view.ViewRootImpl.dispatchDetachedFromWindow:3767 android.view.ViewRootImpl.doDie:6835 
03-07 15:07:30.111   773  1114 V WindowManager: postWindowRemoveCleanupLocked: Window{99de433 u0 android}
03-07 15:07:30.111   773  1114 V WindowManager: Removing Window{99de433 u0 android} from WindowToken{633e3f0 android.view.ViewRootImpl$W@b187fa2}
03-07 15:07:30.124   773  1374 D HwGameAssistantController: Keycontrol mode is 2 for user 0
03-07 15:07:30.131   773  1114 V WindowManager: Adding Window{58b4f1c u0 android} to WindowToken{a136725 android.view.ViewRootImpl$W@148908f}
03-07 15:07:30.133   773  1114 V WindowManager: addWindow: New client android.view.ViewRootImpl$W@148908f: window=Window{58b4f1c u0 android} Callers=com.android.server.wm.HwWindowManagerService.addWindow:585 com.android.server.wm.Session.addToDisplay:199 android.view.ViewRootImpl.setView:845 android.view.WindowManagerGlobal.addView:372 android.view.WindowManagerImpl.addView:128 
03-07 15:07:30.146   773  1114 D WindowManager: face_rotation: isIntelliServiceEnabled: ro swtich off
03-07 15:07:30.147   773  1114 I WindowManager: rotationForOrientationLw(orient=-1, last=0); user=0 
03-07 15:07:30.147   773  1114 D WindowManager: face_rotation: isIntelliServiceEnabled: ro swtich off
03-07 15:07:30.147   773  1114 D HwPhoneWindowManager: face_rotation: not enabled,use sensor real
03-07 15:07:30.147   773  1114 D HwPhoneWindowManager: face_rotation:real sensor rotation = 0
03-07 15:07:30.147   773  1114 D HwPhoneWindowManager: face_rotation: rotation = 0
03-07 15:07:30.147   773  1114 I WindowManager: Selected orientation -1, got rotation 0 which has compatible metrics
03-07 15:07:30.159   773  9684 V WindowManager: No longer Stopped: AppWindowToken{e4ee0aa token=Token{ac5795 ActivityRecord{588fb4c u0 com.lexue.courser/.main.view.MainActivity t3148}}}
03-07 15:07:30.164   773  9684 D WindowManager: face_rotation: isIntelliServiceEnabled: ro swtich off
03-07 15:07:30.164   773  9684 I WindowManager: rotationForOrientationLw(orient=1, last=0); user=0 
03-07 15:07:30.164   773  9684 D WindowManager: face_rotation: isIntelliServiceEnabled: ro swtich off
03-07 15:07:30.164   773  9684 D HwPhoneWindowManager: face_rotation: not enabled,use sensor real
03-07 15:07:30.165   773  9684 D HwPhoneWindowManager: face_rotation:real sensor rotation = 0
03-07 15:07:30.165   773  9684 D HwPhoneWindowManager: face_rotation: rotation = 0
03-07 15:07:30.165   773  9684 I WindowManager: Selected orientation 1, got rotation 0 which has compatible metrics
03-07 15:07:30.167   773  9684 V WindowManager: notifyAppResumed: wasStopped=true AppWindowToken{e4ee0aa token=Token{ac5795 ActivityRecord{588fb4c u0 com.lexue.courser/.main.view.MainActivity t3148}}}
03-07 15:07:30.179   773  9684 V WindowManager: Checking 1 opening apps (frozen=false timeout=false)...
03-07 15:07:30.179   773  9684 V WindowManager: Check opening app=AppWindowToken{e4ee0aa token=Token{ac5795 ActivityRecord{588fb4c u0 com.lexue.courser/.main.view.MainActivity t3148}}}: allDrawn=false startingDisplayed=false startingMoved=false isRelaunching()=false
03-07 15:07:30.202   773  9684 W WindowManager: EGLdebug Created surface WindowStateAnimator{b4967e4 com.lexue.courser/com.lexue.courser.main.view.MainActivity}
03-07 15:07:30.203   773  9684 V HwPhoneWindowManager: updateSystemUiColorLw window=Window{e8fef77 u0 com.lexue.courser/com.lexue.courser.main.view.MainActivity},EmuiStyle=0,StatusBarColor=0xff757575,NavigationBarColor=0xff000000, mLastIsEmuiLightStyle=-1, mForceNotchStatusBar=false
03-07 15:07:30.204  1550  2070 I CommandQueue: updateBarBgColor
03-07 15:07:30.204  1550  2070 D CommandQueue: CommandQueue, setBarBackgroundColor
03-07 15:07:30.205   773  9684 V WindowManager: Checking 1 opening apps (frozen=false timeout=false)...
03-07 15:07:30.205   773  9684 V WindowManager: Check opening app=AppWindowToken{e4ee0aa token=Token{ac5795 ActivityRecord{588fb4c u0 com.lexue.courser/.main.view.MainActivity t3148}}}: allDrawn=false startingDisplayed=false startingMoved=false isRelaunching()=false
03-07 15:07:30.238   773  1962 D WindowManager: finishDrawingWindow: Window{e8fef77 u0 com.lexue.courser/com.lexue.courser.main.view.MainActivity} mDrawState=DRAW_PENDING
03-07 15:07:30.241   773  1333 V WindowManager: Checking 1 opening apps (frozen=false timeout=false)...
03-07 15:07:30.242   773  1333 V WindowManager: Check opening app=AppWindowToken{e4ee0aa token=Token{ac5795 ActivityRecord{588fb4c u0 com.lexue.courser/.main.view.MainActivity t3148}}}: allDrawn=true startingDisplayed=false startingMoved=false isRelaunching()=false
03-07 15:07:30.276   773  9684 D ActivityManager: Skipping intent:act=android.intent.action.VIEW dat=file:///storage/emulated/0/UCDownloads/Courser_v3.1.3_build60_development_anzhi(8).apk typ=application/vnd.android.package-archive flg=0x10800000 cmp=com.android.packageinstaller/.InstallStart
03-07 15:07:30.276   773  9684 D ActivityManager: Skipping, home or recents stack task: TaskRecord{cd4358f #1 A=com.huawei.android.launcher U=0 StackId=0 sz=1}
03-07 15:07:30.276   773  9684 D ActivityManager: Skipping intent:flg=0x10804000 cmp=com.android.systemui/.recents.RecentsActivity bnds=[48,1378][1032,2746]
03-07 15:07:30.276   773  9684 D ActivityManager: Skipping intent:flg=0x18800000 cmp=com.tencent.mm/.plugin.base.stub.WXPayEntryActivity
03-07 15:07:30.276   773  9684 D ActivityManager: Skipping intent:flg=0x18800000 cmp=com.tencent.mm/.plugin.base.stub.WXEntryActivity
03-07 15:07:30.276   773  9684 D ActivityManager: Skipping intent:act=android.intent.action.MAIN flg=0x10840000 hwFlg=0x100 cmp=com.android.incallui/.InCallActivity
03-07 15:07:30.276   773  9684 D ActivityManager: Skipping intent:flg=0x34800000 hwFlg=0x100 cmp=com.huawei.systemmanager/com.huawei.harassmentinterception.ui.InterceptionActivity
03-07 15:07:30.276   773  9684 D ActivityManager: Skipping intent:act=android.intent.action.VIEW dat=file:///storage/emulated/0/UCDownloads/Courser_v3.1.3_build60_development_anzhi(7).apk typ=application/vnd.android.package-archive flg=0x10800000 cmp=com.android.packageinstaller/.InstallStart
03-07 15:07:30.440   773  1333 V WindowManager: Exit animation finished in Window{5afcf29 u0 com.lexue.courser/com.lexue.courser.main.view.HomeWatchLiveActivity EXITING}: remove=false
03-07 15:07:30.504  8865  8865 D ActivityThread: Remove activity client record, r= ActivityRecord{ddac669 token=android.os.BinderProxy@db2dfd {com.lexue.courser/com.lexue.courser.main.view.HomeWatchLiveActivity}} token= android.os.BinderProxy@db2dfd
03-07 15:07:30.506   773  7174 V WindowManager: removeIfPossible: Window{5afcf29 u0 com.lexue.courser/com.lexue.courser.main.view.HomeWatchLiveActivity} callers=com.android.server.wm.WindowState.removeIfPossible:1914 com.android.server.wm.WindowManagerService.removeWindow:2040 com.android.server.wm.Session.remove:218 android.view.IWindowSession$Stub.onTransact:242 com.android.server.wm.Session.onTransact:161 
03-07 15:07:30.506   773  7174 I WindowManager: Destroying surface Surface(name=com.lexue.courser/com.lexue.courser.main.view.HomeWatchLiveActivity) called by com.android.server.wm.WindowStateAnimator.destroySurface:2089 com.android.server.wm.WindowStateAnimator.destroySurfaceLocked:899 com.android.server.wm.HwWindowStateAnimator.destroySurfaceLocked:1006 com.android.server.wm.WindowState.removeImmediately:1899 com.android.server.wm.WindowState.removeIfPossible:2051 com.android.server.wm.WindowState.removeIfPossible:1914 com.android.server.wm.WindowManagerService.removeWindow:2040 com.android.server.wm.Session.remove:218 
03-07 15:07:30.507   773  7174 V WindowManager: postWindowRemoveCleanupLocked: Window{5afcf29 u0 com.lexue.courser/com.lexue.courser.main.view.HomeWatchLiveActivity}
03-07 15:07:30.507   773  7174 V WindowManager: Removing Window{5afcf29 u0 com.lexue.courser/com.lexue.courser.main.view.HomeWatchLiveActivity} from AppWindowToken{3170ff3 token=Token{d00262 ActivityRecord{58a8d2d u0 com.lexue.courser/.main.view.HomeWatchLiveActivity t3148}}}
03-07 15:07:30.509   773  7174 V WindowManager: removeAppToken: AppWindowToken{3170ff3 token=Token{d00262 ActivityRecord{58a8d2d u0 com.lexue.courser/.main.view.HomeWatchLiveActivity t3148}}} delayed=false Callers=com.android.server.wm.DisplayContent.removeAppToken:994 com.android.server.wm.AppWindowContainerController.removeContainer:352 com.android.server.am.ActivityRecord.removeWindowContainer:1045 com.android.server.am.ActivityStack.removeActivityFromHistoryLocked:4486 
03-07 15:07:31.490   773  1114 I WindowManager: onProposedRotationChanged, rotation=0
03-07 15:07:31.491   773  1114 D WindowManager: face_rotation: isIntelliServiceEnabled: ro swtich off
03-07 15:07:31.492   773  1114 I WindowManager: MyOrientationListener: updateRotation.
03-07 15:07:31.492   773  1114 V WindowManager: updateRotationUnchecked: alwaysSendConfiguration=false forceRelayout=false
03-07 15:07:31.492   773  1114 I WindowManager: rotationForOrientationLw(orient=1, last=0); user=0 
03-07 15:07:31.492   773  1114 D WindowManager: face_rotation: isIntelliServiceEnabled: ro swtich off
03-07 15:07:31.492   773  1114 D HwPhoneWindowManager: face_rotation: not enabled,use sensor real
03-07 15:07:31.492   773  1114 D HwPhoneWindowManager: face_rotation:real sensor rotation = 0
03-07 15:07:31.493   773  1114 D HwPhoneWindowManager: face_rotation: rotation = 0
03-07 15:07:31.493   773  1114 I WindowManager: Selected orientation 1, got rotation 0 which has compatible metrics
03-07 15:07:31.501   773  1114 V WindowManager: removeIfPossible: Window{58b4f1c u0 android} callers=com.android.server.wm.WindowState.removeIfPossible:1914 com.android.server.wm.WindowManagerService.removeWindow:2040 com.android.server.wm.Session.remove:218 android.view.ViewRootImpl.dispatchDetachedFromWindow:3767 android.view.ViewRootImpl.doDie:6835 
03-07 15:07:31.503   773  1114 V WindowManager: postWindowRemoveCleanupLocked: Window{58b4f1c u0 android}
03-07 15:07:31.503   773  1114 V WindowManager: Removing Window{58b4f1c u0 android} from WindowToken{a136725 android.view.ViewRootImpl$W@148908f}
03-07 15:07:31.519   773  1114 V WindowManager: Adding Window{e9192c6 u0 android} to WindowToken{9d80287 android.view.ViewRootImpl$W@2b850a1}
03-07 15:07:31.521   773  1114 V WindowManager: addWindow: New client android.view.ViewRootImpl$W@2b850a1: window=Window{e9192c6 u0 android} Callers=com.android.server.wm.HwWindowManagerService.addWindow:585 com.android.server.wm.Session.addToDisplay:199 android.view.ViewRootImpl.setView:845 android.view.WindowManagerGlobal.addView:372 android.view.WindowManagerImpl.addView:128 
03-07 15:07:31.709   773  1339 D HwBatteryService: onUEvent fcpStatus = 0,scpStatus =0,ovpStatus=0
03-07 15:07:31.711   773  1339 I UsbDeviceManager: water_intrused state= 0
03-07 15:07:31.735   773  1962 D HwInputMethodManagerService: ------------startInput--------------
03-07 15:07:31.735   773  1962 D HwInputMethodManagerService: hideSecSoftInput = false
03-07 15:07:31.742   773   773 D WifiService: onReceive, action:android.intent.action.BATTERY_CHANGED
03-07 15:07:31.742   773   773 D WifiService: ACTION_BATTERY_CHANGED pluggedType: 2
03-07 15:07:31.770   773  1114 I WindowManager: onProposedRotationChanged, rotation=0
03-07 15:07:31.771   773  1114 D WindowManager: face_rotation: isIntelliServiceEnabled: ro swtich off
03-07 15:07:31.773   773  1114 I WindowManager: MyOrientationListener: updateRotation.
03-07 15:07:31.773   773  1114 V WindowManager: updateRotationUnchecked: alwaysSendConfiguration=false forceRelayout=false
03-07 15:07:31.775   773  1114 I WindowManager: rotationForOrientationLw(orient=1, last=0); user=0 
03-07 15:07:31.776   773  1114 D WindowManager: face_rotation: isIntelliServiceEnabled: ro swtich off
03-07 15:07:31.776   773  1114 D HwPhoneWindowManager: face_rotation: not enabled,use sensor real
03-07 15:07:31.776   773  1114 D HwPhoneWindowManager: face_rotation:real sensor rotation = 0
03-07 15:07:31.777   773  1114 D HwPhoneWindowManager: face_rotation: rotation = 0
03-07 15:07:31.777   773  1114 I WindowManager: Selected orientation 1, got rotation 0 which has compatible metrics
03-07 15:07:31.793   773  1114 V WindowManager: removeIfPossible: Window{e9192c6 u0 android} callers=com.android.server.wm.WindowState.removeIfPossible:1914 com.android.server.wm.WindowManagerService.removeWindow:2040 com.android.server.wm.Session.remove:218 android.view.ViewRootImpl.dispatchDetachedFromWindow:3767 android.view.ViewRootImpl.doDie:6835 
03-07 15:07:31.794   773  1114 V WindowManager: postWindowRemoveCleanupLocked: Window{e9192c6 u0 android}
03-07 15:07:31.795   773  1114 V WindowManager: Removing Window{e9192c6 u0 android} from WindowToken{9d80287 android.view.ViewRootImpl$W@2b850a1}
03-07 15:07:31.808   773  1114 V WindowManager: Adding Window{3b4bb7f u0 android} to WindowToken{84eb74c android.view.ViewRootImpl$W@baa349e}
03-07 15:07:31.810   773  1114 V WindowManager: addWindow: New client android.view.ViewRootImpl$W@baa349e: window=Window{3b4bb7f u0 android} Callers=com.android.server.wm.HwWindowManagerService.addWindow:585 com.android.server.wm.Session.addToDisplay:199 android.view.ViewRootImpl.setView:845 android.view.WindowManagerGlobal.addView:372 android.view.WindowManagerImpl.addView:128 
03-07 15:07:32.748   810   810 E wificond: Failed to get NL80211_STA_INFO_CNAHLOAD
03-07 15:07:34.933   773  9684 D HwInputMethodManagerService: ------------startInput--------------
03-07 15:07:34.934   773  9684 D HwInputMethodManagerService: hideSecSoftInput = false
03-07 15:07:35.120   773  1114 D LightsService: HighPrecision, Set button brihtness:0, bcaklight brightness:0
03-07 15:07:35.767   810   810 E wificond: Failed to get NL80211_STA_INFO_CNAHLOAD
03-07 15:07:36.535   773  9684 D JobServiceContext: Scheduling time out for 'io.rong.push.PushService' jId: 2017113004, in 18 s
03-07 15:07:36.546   773  9684 V BroadcastQueue: Finished with ordered broadcast BroadcastRecord{c4f704d u0 io.rong.push.intent.action.HEART_BEAT}
03-07 15:07:36.562   773   773 D JobServiceContext: handleServiceBound for a987702 #u0a438/2017113004 com.lexue.courser/io.rong.push.PushService
03-07 15:07:36.562   773   773 D JobServiceContext: Scheduling time out for 'io.rong.push.PushService' jId: 2017113004, in 8 s
03-07 15:07:36.564   773  1962 D JobServiceContext: doCallback of : JobStatus{a987702 #u0a438/2017113004 com.lexue.courser/io.rong.push.PushService u=0 s=10438 TIME=none:-30ms READY} v:VERB_STARTING
03-07 15:07:36.564   773  1962 D JobServiceContext: Scheduling time out for 'io.rong.push.PushService' jId: 2017113004, in 600 s
03-07 15:07:36.567   773  1962 D JobServiceContext: doCallback of : JobStatus{a987702 #u0a438/2017113004 com.lexue.courser/io.rong.push.PushService u=0 s=10438 TIME=none:-32ms READY} v:VERB_EXECUTING
03-07 15:07:36.740   773  1114 I WindowManager: onProposedRotationChanged, rotation=0
03-07 15:07:36.741   773  1114 D WindowManager: face_rotation: isIntelliServiceEnabled: ro swtich off
03-07 15:07:36.741   773  1114 I WindowManager: MyOrientationListener: updateRotation.
03-07 15:07:36.741   773  1114 V WindowManager: updateRotationUnchecked: alwaysSendConfiguration=false forceRelayout=false
03-07 15:07:36.741   773  1114 I WindowManager: rotationForOrientationLw(orient=1, last=0); user=0 
03-07 15:07:36.742   773  1114 D WindowManager: face_rotation: isIntelliServiceEnabled: ro swtich off
03-07 15:07:36.742   773  1114 D HwPhoneWindowManager: face_rotation: not enabled,use sensor real
03-07 15:07:36.742   773  1114 D HwPhoneWindowManager: face_rotation:real sensor rotation = 0
03-07 15:07:36.742   773  1114 D HwPhoneWindowManager: face_rotation: rotation = 0
03-07 15:07:36.742   773  1114 I WindowManager: Selected orientation 1, got rotation 0 which has compatible metrics
03-07 15:07:36.750   773  1114 V WindowManager: removeIfPossible: Window{3b4bb7f u0 android} callers=com.android.server.wm.WindowState.removeIfPossible:1914 com.android.server.wm.WindowManagerService.removeWindow:2040 com.android.server.wm.Session.remove:218 android.view.ViewRootImpl.dispatchDetachedFromWindow:3767 android.view.ViewRootImpl.doDie:6835 
03-07 15:07:36.753   773  1114 V WindowManager: postWindowRemoveCleanupLocked: Window{3b4bb7f u0 android}
03-07 15:07:36.753   773  1114 V WindowManager: Removing Window{3b4bb7f u0 android} from WindowToken{84eb74c android.view.ViewRootImpl$W@baa349e}
03-07 15:07:36.764   773  1114 V WindowManager: Adding Window{146b381 u0 android} to WindowToken{c91ec26 android.view.ViewRootImpl$W@a5ce368}
03-07 15:07:36.765   773  1114 V WindowManager: addWindow: New client android.view.ViewRootImpl$W@a5ce368: window=Window{146b381 u0 android} Callers=com.android.server.wm.HwWindowManagerService.addWindow:585 com.android.server.wm.Session.addToDisplay:199 android.view.ViewRootImpl.setView:845 android.view.WindowManagerGlobal.addView:372 android.view.WindowManagerImpl.addView:128 
03-07 15:07:36.881   773  1114 I WindowManager: onProposedRotationChanged, rotation=0
03-07 15:07:36.881   773  1114 D WindowManager: face_rotation: isIntelliServiceEnabled: ro swtich off
03-07 15:07:36.882   773  1114 I WindowManager: MyOrientationListener: updateRotation.
03-07 15:07:36.883   773  1114 V WindowManager: updateRotationUnchecked: alwaysSendConfiguration=false forceRelayout=false
03-07 15:07:36.883   773  1114 I WindowManager: rotationForOrientationLw(orient=1, last=0); user=0 
03-07 15:07:36.883   773  1114 D WindowManager: face_rotation: isIntelliServiceEnabled: ro swtich off
03-07 15:07:36.883   773  1114 D HwPhoneWindowManager: face_rotation: not enabled,use sensor real
03-07 15:07:36.883   773  1114 D HwPhoneWindowManager: face_rotation:real sensor rotation = 0
03-07 15:07:36.883   773  1114 D HwPhoneWindowManager: face_rotation: rotation = 0
03-07 15:07:36.883   773  1114 I WindowManager: Selected orientation 1, got rotation 0 which has compatible metrics
03-07 15:07:36.897   773  1114 V WindowManager: removeIfPossible: Window{146b381 u0 android} callers=com.android.server.wm.WindowState.removeIfPossible:1914 com.android.server.wm.WindowManagerService.removeWindow:2040 com.android.server.wm.Session.remove:218 android.view.ViewRootImpl.dispatchDetachedFromWindow:3767 android.view.ViewRootImpl.doDie:6835 
03-07 15:07:36.899   773  1114 V WindowManager: postWindowRemoveCleanupLocked: Window{146b381 u0 android}
03-07 15:07:36.900   773  1114 V WindowManager: Removing Window{146b381 u0 android} from WindowToken{c91ec26 android.view.ViewRootImpl$W@a5ce368}
03-07 15:07:36.914   773  1114 V WindowManager: Adding Window{d20a4b2 u0 android} to WindowToken{cc08c03 android.view.ViewRootImpl$W@22a06bd}
03-07 15:07:36.916   773  1114 V WindowManager: addWindow: New client android.view.ViewRootImpl$W@22a06bd: window=Window{d20a4b2 u0 android} Callers=com.android.server.wm.HwWindowManagerService.addWindow:585 com.android.server.wm.Session.addToDisplay:199 android.view.ViewRootImpl.setView:845 android.view.WindowManagerGlobal.addView:372 android.view.WindowManagerImpl.addView:128 
03-07 15:07:37.021   773  1114 I WindowManager: onProposedRotationChanged, rotation=0
03-07 15:07:37.021   773  1114 D WindowManager: face_rotation: isIntelliServiceEnabled: ro swtich off
03-07 15:07:37.023   773  1114 I WindowManager: MyOrientationListener: updateRotation.
03-07 15:07:37.023   773  1114 V WindowManager: updateRotationUnchecked: alwaysSendConfiguration=false forceRelayout=false
03-07 15:07:37.023   773  1114 I WindowManager: rotationForOrientationLw(orient=1, last=0); user=0 
03-07 15:07:37.024   773  1114 D WindowManager: face_rotation: isIntelliServiceEnabled: ro swtich off
03-07 15:07:37.024   773  1114 D HwPhoneWindowManager: face_rotation: not enabled,use sensor real
03-07 15:07:37.024   773  1114 D HwPhoneWindowManager: face_rotation:real sensor rotation = 0
03-07 15:07:37.024   773  1114 D HwPhoneWindowManager: face_rotation: rotation = 0
03-07 15:07:37.025   773  1114 I WindowManager: Selected orientation 1, got rotation 0 which has compatible metrics
03-07 15:07:37.037   773  1114 V WindowManager: removeIfPossible: Window{d20a4b2 u0 android} callers=com.android.server.wm.WindowState.removeIfPossible:1914 com.android.server.wm.WindowManagerService.removeWindow:2040 com.android.server.wm.Session.remove:218 android.view.ViewRootImpl.dispatchDetachedFromWindow:3767 android.view.ViewRootImpl.doDie:6835 
03-07 15:07:37.039   773  1114 V WindowManager: postWindowRemoveCleanupLocked: Window{d20a4b2 u0 android}
03-07 15:07:37.040   773  1114 V WindowManager: Removing Window{d20a4b2 u0 android} from WindowToken{cc08c03 android.view.ViewRootImpl$W@22a06bd}
03-07 15:07:37.052   773  1114 V WindowManager: Adding Window{6b5e55f u0 android} to WindowToken{dcfcbac android.view.ViewRootImpl$W@f7059fe}
03-07 15:07:37.054   773  1114 V WindowManager: addWindow: New client android.view.ViewRootImpl$W@f7059fe: window=Window{6b5e55f u0 android} Callers=com.android.server.wm.HwWindowManagerService.addWindow:585 com.android.server.wm.Session.addToDisplay:199 android.view.ViewRootImpl.setView:845 android.view.WindowManagerGlobal.addView:372 android.view.WindowManagerImpl.addView:128 
03-07 15:07:38.281   773  1114 I WindowManager: onProposedRotationChanged, rotation=0
03-07 15:07:38.281   773  1114 D WindowManager: face_rotation: isIntelliServiceEnabled: ro swtich off
03-07 15:07:38.282   773  1114 I WindowManager: MyOrientationListener: updateRotation.
03-07 15:07:38.282   773  1114 V WindowManager: updateRotationUnchecked: alwaysSendConfiguration=false forceRelayout=false
03-07 15:07:38.283   773  1114 I WindowManager: rotationForOrientationLw(orient=1, last=0); user=0 
03-07 15:07:38.283   773  1114 D WindowManager: face_rotation: isIntelliServiceEnabled: ro swtich off
03-07 15:07:38.283   773  1114 D HwPhoneWindowManager: face_rotation: not enabled,use sensor real
03-07 15:07:38.283   773  1114 D HwPhoneWindowManager: face_rotation:real sensor rotation = 0
03-07 15:07:38.283   773  1114 D HwPhoneWindowManager: face_rotation: rotation = 0
03-07 15:07:38.283   773  1114 I WindowManager: Selected orientation 1, got rotation 0 which has compatible metrics
03-07 15:07:38.293   773  1114 V WindowManager: removeIfPossible: Window{6b5e55f u0 android} callers=com.android.server.wm.WindowState.removeIfPossible:1914 com.android.server.wm.WindowManagerService.removeWindow:2040 com.android.server.wm.Session.remove:218 android.view.ViewRootImpl.dispatchDetachedFromWindow:3767 android.view.ViewRootImpl.doDie:6835 
03-07 15:07:38.295   773  1114 V WindowManager: postWindowRemoveCleanupLocked: Window{6b5e55f u0 android}
03-07 15:07:38.295   773  1114 V WindowManager: Removing Window{6b5e55f u0 android} from WindowToken{dcfcbac android.view.ViewRootImpl$W@f7059fe}
03-07 15:07:38.305   773  1114 V WindowManager: Adding Window{1612157 u0 android} to WindowToken{ecde444 android.view.ViewRootImpl$W@b43aad6}
03-07 15:07:38.306   773  1114 V WindowManager: addWindow: New client android.view.ViewRootImpl$W@b43aad6: window=Window{1612157 u0 android} Callers=com.android.server.wm.HwWindowManagerService.addWindow:585 com.android.server.wm.Session.addToDisplay:199 android.view.ViewRootImpl.setView:845 android.view.WindowManagerGlobal.addView:372 android.view.WindowManagerImpl.addView:128 
03-07 15:07:38.792   810   810 E wificond: Failed to get NL80211_STA_INFO_CNAHLOAD
--------- beginning of main
03-07 15:07:38.793   773  1390 D HwWifiCHRStateManager: handleUpdateChannel:5745
03-07 15:07:38.793   773  1390 V HwWifiServiceFactory: get AllImpl object = com.android.server.wifi.HwWifiServiceFactoryImpl@297407b
03-07 15:07:38.795   773  1388 D HwCustWifiStateMachineReferenceImpl: checkRssiOverThreshold newRssi = -60
03-07 15:07:38.796   773  1388 D WifiScoreReport: Score = 100, wifiConnectivityManagerEnabled = false, lowScoreCount = 0
03-07 15:07:39.840   934  1066 W libc    : Set property "ril.hw_modem0.rssi" to "-74"
03-07 15:07:39.849  1948  1948 W libc    : Set property "gsm.rssi.sim1" to "-74"
03-07 15:07:40.015   773  1458 D HwArpVerifier: performPollAndLog:
03-07 15:07:40.023   773  1458 D hw_netstat: total/1506/2336,com.lexue.courser/1506/2336
03-07 15:07:40.129   773  1389 D HwWifiStatStore: handleMessage : 200
03-07 15:07:40.569   681  1423 E android.hardware.usb@1.0-service: uevent received SUBSYSTEM=dual_role_usb
03-07 15:07:40.570   681  1423 I android.hardware.usb@1.0-service: otg_default
03-07 15:07:40.571   681  1423 I android.hardware.usb@1.0-service: canChangeMode: 1 canChagedata: 0 canChangePower:0
03-07 15:07:40.573   773  2085 I UsbPortManager: ClientCallback: otg_default
03-07 15:07:40.574   773  1126 I UsbPortManager: USB port changed: port=UsbPort{id=otg_default, supportedModes=dual}, status=UsbPortStatus{connected=false, currentMode=none, currentPowerRole=no-power, currentDataRole=no-data, supportedRoleCombinations=[no-power:no-data]}, canChangeMode=true, canChangePowerRole=false, canChangeDataRole=false
03-07 15:07:40.582 26807 26807 I chatty  : uid=1000(system) com.android.settings expire 28 lines
03-07 15:07:40.584 17005  7940 E MtpServer: request read returned -1, errno: 5
03-07 15:07:40.584 17005  7940 I HwMtpServerExJNI: cleanup MtpServerEx
03-07 15:07:40.584 17005  7940 V MtpServerEx: destructor
03-07 15:07:40.584 17005  7940 V HwMtpServerExJNI: finalize
03-07 15:07:40.585 17005  7940 I StagefrightMediaScannerEx: StagefrightMediaScanner destructor
03-07 15:07:40.591   829   829 E         : [E/capacity_limit_control] not demo version, not set power control prop!
03-07 15:07:40.592  7933  7935 W libc    : Set property "sys.usb.ffs_hdb.ready" to "1"
03-07 15:07:40.602   773  1339 D HwBatteryService: onUEvent fcpStatus = 0,scpStatus =0,ovpStatus=0
03-07 15:07:40.603  7932  7934 W libc    : Set property "sys.usb.ffs.ready" to "1"
03-07 15:07:40.605   773  1339 I UsbDeviceManager: water_intrused state= 0
03-07 15:07:40.606   773  1962 V BroadcastQueue: Finished with ordered broadcast BroadcastRecord{9cf192d u-1 android.hardware.usb.action.USB_PORT_CHANGED}
03-07 15:07:40.607   815  1345 I dubaid  : [PollingRoutine.cpp] notifyPolling# Polling routine start, timestamp: 1551942460606, reason: 5
03-07 15:07:40.609   815  1319 I dubaid  : [BatteryHandler.cpp] onChargerOnlineChanged# Battery charge state: 0
03-07 15:07:40.609   701   701 D lights  : set_light_battery colorRGB=00000000, onMS=0, offMS=0 
03-07 15:07:40.610   773  1338 I MediaPlayer: [HSM] stayAwake false uid: 1000, pid: 773
03-07 15:07:40.611  1920  1932 E HsmCoreServiceImpl: onTransact in code is: 102
03-07 15:07:40.612  1920  1932 W MediaProcessHandler: processOp uid 1000 is not concerned!
03-07 15:07:40.612  1920  1932 I MediaProcessHandler: executedCallBack opType: 1 mMediaStatusObservers.size=0
03-07 15:07:40.613   807 32007 D NuPlayerDriver: reset(0xe694f8c0) at state 4
03-07 15:07:40.613   807 32007 D NuPlayerDriver: notifyListener_l(0xe694f8c0), (8, 0, 0, -1), loop setting(0, 0)
03-07 15:07:40.614   714   714 E WifiHAL : enter wifi_get_link_stats
03-07 15:07:40.614   807 32007 D NuPlayer: NuPlayer::resetAsync()
03-07 15:07:40.614   807 32007 V GenericSource: GenericSource::disconnect begin
03-07 15:07:40.614   773  9684 D MediaPlayerNative: Message: Unknown MediaEventType(8), ext1=0, ext2=0x0
03-07 15:07:40.615   807 32007 V GenericSource: GenericSource::disconnect end
03-07 15:07:40.615   807 32007 D NuPlayer: NuPlayer::resetAsync() post kWhatReset
03-07 15:07:40.615   807  7912 V NuPlayer: kWhatReset
03-07 15:07:40.615   807  7912 V NuPlayer: performDecoderFlush audio=2, video=2
03-07 15:07:40.615   807  7912 D NuPlayer: closeAudioSink
03-07 15:07:40.615   807  7912 W AMessage: failed to post message as target looper for handler 0 is gone.
03-07 15:07:40.615   807  7912 D NuPlayer: performReset
03-07 15:07:40.615   807  7912 V GenericSource: ~GenericSource
03-07 15:07:40.617   807  7912 V GenericSource: resetDataSource
03-07 15:07:40.618   807  7912 D NuPlayerDriver: notifyResetComplete(0xe694f8c0)
03-07 15:07:40.618   807 32007 D NuPlayerDriver: reset(0xe694f8c0) at state 0
03-07 15:07:40.620   773  1338 D MediaPlayerNative: Action:reset_l, CurrentState:MEDIA_PLAYER_IDLE
03-07 15:07:40.620   773  1338 V MediaPlayer: resetDrmState:  mDrmInfo=null mDrmProvisioningThread=null mPrepareDrmInProgress=false mActiveDrmScheme=false
03-07 15:07:40.621   773  1338 V MediaPlayer: cleanDrmObj: mDrmObj=null mDrmSessionId=null
03-07 15:07:40.621   773  1338 I MediaPlayer: [HSM] stayAwake false uid: 1000, pid: 773
03-07 15:07:40.622  1920  1932 E HsmCoreServiceImpl: onTransact in code is: 102
03-07 15:07:40.622  1920  1932 W MediaProcessHandler: processOp uid 1000 is not concerned!
03-07 15:07:40.622  1920  1932 I MediaProcessHandler: executedCallBack opType: 1 mMediaStatusObservers.size=0
03-07 15:07:40.623   773  1338 V MediaPlayer: resetDrmState:  mDrmInfo=null mDrmProvisioningThread=null mPrepareDrmInProgress=false mActiveDrmScheme=false
03-07 15:07:40.623   773  1338 V MediaPlayer: cleanDrmObj: mDrmObj=null mDrmSessionId=null
03-07 15:07:40.623   773  1338 I MediaPlayerNative: Pid:773 MediaPlayer destructor
03-07 15:07:40.623   796   796 D AudioFlinger: event 163 
03-07 15:07:40.625  1550  1550 W PowerUI : unknown intent: Intent { act=android.intent.action.ACTION_POWER_DISCONNECTED flg=0x4000010 (has extras) }
03-07 15:07:40.626  3273  3273 I [10.2.1.303]HiCloud.SyncObserverService: action power disconnected.
03-07 15:07:40.626  1591  1888 E HSM     : ChargeInfo: doRecordsChargeInfo chargeTime =27719071 plugType = 2 chargeType =1
03-07 15:07:40.626  1591  1888 E HSM     : ChargeInfo: doRecordsChargeInfo lastCapacityRm =760 capacityRm = 777 mTimes = 462156 chargeBattery =17
03-07 15:07:40.626  1591  1888 E HSM     : ChargeInfo: doRecordsChargeInfo BATTERY_PLUGGED_USB chargeBattery =17
03-07 15:07:40.643   773  1134 D PickUpWakeScreenManager: isPickupSensorSupport isSensorSupport = true
03-07 15:07:40.644  9119  9119 D PowerStateReceiver: onReceive intent=Intent { act=android.intent.action.ACTION_POWER_DISCONNECTED flg=0x4000010 (has extras) } action=android.intent.action.ACTION_POWER_DISCONNECTED
03-07 15:07:40.645   773   773 D HwInnerWifiManagerImpl: SupplicantState = COMPLETED
03-07 15:07:40.645   773   773 D HwInnerWifiManagerImpl: isPhoneAP = false
03-07 15:07:40.646   773   773 D WifiStateMachine: getChargingState return false
03-07 15:07:40.647   773   773 D WifiStateMachine: mBcastReceiver: PluggedType = 0 mIsScanCtrlPluggedin = false
03-07 15:07:40.647  1550  1550 D KeyguardUpdateMonitor: received broadcast android.intent.action.BATTERY_CHANGED
03-07 15:07:40.647  1550  1550 W KeyguardUpdateMonitor: ACTION_BATTERY_CHANGED AMP: 0; Volt: 0
03-07 15:07:40.648   773   773 D WifiStateMachine: getChargingState return false
03-07 15:07:40.648   773   773 D HwWifiService: mPluggedType =0
03-07 15:07:40.648   773   773 D HwCustTethering: mPluggedType changed to 0
03-07 15:07:40.648   773   773 D HwCustTethering: receive power disconnected, mWifiTetherd = false, mWifiConnectNum = 0
03-07 15:07:40.649   773   773 D WifiService: onReceive, action:android.intent.action.BATTERY_CHANGED
03-07 15:07:40.649   773   773 D WifiService: ACTION_BATTERY_CHANGED pluggedType: 0
03-07 15:07:40.649   773   773 I Telecom-ChargingStatusManager: onChargingStatusChanged, mIsCharging: true -> false
03-07 15:07:40.652 17005 17005 D AutoCache: onReceive intent=Intent { act=android.intent.action.ACTION_POWER_DISCONNECTED flg=0x4000010 (has extras) } action=android.intent.action.ACTION_POWER_DISCONNECTED
03-07 15:07:40.665   773  1118 E BatteryStatsService: no controller energy info supplied
03-07 15:07:40.665  1550  1550 W ChargingAnimController: Remove charging skip as not exist
03-07 15:07:40.673 17005 17005 V AutoCache: unRegisterPowerBroadcastReceiver: sPowerRegisterState is false, cxt is android.app.Application@2350523
03-07 15:07:40.673  3273  3273 I [10.2.1.303]HiCloud.ICBServiceProtocol: ICBService connected
03-07 15:07:40.674 17005 17005 V AutoCache: unRegisterBatteryBroadcastReceiver: sBatteryRegisterState is false, cxt is android.app.Application@2350523
03-07 15:07:40.674  3208 21631 I [10.2.1.303]HiCloud.ICBService: do abort. type = 2
03-07 15:07:40.676   773  1537 D PGGoogleServicePolicy: prevent gms/gsf hold partial wakelock
03-07 15:07:40.685  3208  3208 I hisync-findmyphone.BatteryLowReport: BatteryLowBroadcastReceiver action:android.intent.action.ACTION_POWER_DISCONNECTED;isLastLocReportSwitchOpen:true
03-07 15:07:40.685  3208  3208 I hisync-findmyphone.BatteryLowReport: ACTION_POWER_DISCONNECTED initLowBatteryReport
03-07 15:07:40.693   773  1109 D NetdConnector: SND -> {1005 firewall enable_chain standby}
03-07 15:07:40.694   829   829 I iMonitor: create: 930001001
03-07 15:07:40.695   829   829 I iMonitor: send: 930001001
03-07 15:07:40.714   773  1118 E BatteryStatsService: modem info is invalid: ModemActivityInfo{ mTimestamp=0 mSleepTimeMs=0 mIdleTimeMs=0 mTxTimeMs[]=[0, 0, 0, 0, 0] mRxTimeMs=0 mEnergyUsed=0}
03-07 15:07:40.720 12171 12171 E         : iptables cmd:iptables-restore
03-07 15:07:40.728  1550  1550 V KeyguardUpdateMonitor: RefreshBatteryInfo isBatteryLow: 26
03-07 15:07:40.728  1550  1550 W KeyguardUpdateMonitor: ChargingSpeed  Wattage: -1 ST: 5000000 --> 7500000
03-07 15:07:40.728  1550  1550 I KgBattery: BatteryInfo updated:  3lpc-1
03-07 15:07:40.728  1550  1550 W AppHandler: sendMessage with obj100
03-07 15:07:40.728  1550  1550 D KeyguardUpdateMonitor: handleBatteryUpdate
03-07 15:07:40.728  1550  1550 V KeyguardUpdateMonitor: RefreshBatteryInfo isBatteryLow: 26
03-07 15:07:40.728  1550  1550 V KeyguardUpdateMonitor: RefreshBatteryInfo isBatteryLow: 26
03-07 15:07:40.728  1550  1550 W HwKeyguardBottomArea: updateBatteryInfo : false  false
03-07 15:07:40.730   773  1371 D         : motion-hal MotionHubChannel::readEvents motion_type == MOTIONHUB_TYPE_ROTATION
03-07 15:07:40.730   773  1371 D         : HWExtMotionService valueSize:2 
03-07 15:07:40.730   773  1371 D         : HWExtDeviceService getActiveConnections 
03-07 15:07:40.730   773  1371 D         : HWExtDeviceService connSize:1 
03-07 15:07:40.731   773  1114 D HWEMRP  : onDeviceDataChanged  proposedRotation:-1
03-07 15:07:40.731   773  1114 D HWEMRP  : onDeviceDataChanged  oldProposedRotation:0
03-07 15:07:40.744  1550  1550 W HwLockScreenPanel: refreshBatteryInfo: null
03-07 15:07:40.744  1933  2099 I chatty  : uid=1000(system) core expire 35 lines
03-07 15:07:40.744  1550  1550 W HwKeyguardBottomArea: updateBatteryInfo : false  false
03-07 15:07:40.744  1550  1550 W HwLockScreenPanel: Handle message: 100
03-07 15:07:40.748   773  1128 D SmartcareProc: onSignalStrengthsChanged: signalStrength is: SignalStrength: 0 945370684 0 255 0 0 32767 -1 32767 -1 -74 -3 38 -1 0 -1 false gw|lte , on sub: 0
03-07 15:07:40.749   773  1128 D SmartcareProc: SignalStrength update result, ss: SignalStrengthInfo:54108227 mGsmSignalStrength: -1 mWcdmaRscp: -1 mWcdmaEcio: 255 mLteRsrp: -74 mLteRsrq: -3 mCdmaDbm: -1 mCdmaEcio: -1 mEvdoDbm: 32767mEvdoEcio: -1mLteRssnr: 38
03-07 15:07:40.749   773  7174 W ActivityManager: Sending non-protected broadcast com.huawei.intent.action.BIG_BG_POWER from system 1933:com.huawei.powergenie/1000 pkg com.huawei.powergenie
03-07 15:07:40.750   773   773 I MQoS    : onSignal: mSubId=0,currDataSubID=0
03-07 15:07:40.750   773   773 I MQoS    : received cell-signal:5
03-07 15:07:40.755 12173 12173 E         : iptables cmd:ip6tables-restore
03-07 15:07:40.755  3208  3208 I hisync-findmyphone.BatteryLowReport: BatteryLowReport init...
03-07 15:07:40.760   773  1113 W ProcessCpuTracker: Skipping unknown process pid 12170
03-07 15:07:40.760   773  1113 W ProcessCpuTracker: Skipping unknown process pid 12172
03-07 15:07:40.762   773  1383 D NetdConnector: RCV <- {200 1005 Firewall command succeeded}
03-07 15:07:40.763   773  1383 D NetdConnector: RCV <- {200 1005 Firewall command succeeded}
03-07 15:07:40.767  1550  1728 I HwMobileSignalController(0): subId:0 phoneType:1 networktype:13 targetClass:3 masterLevel:5 slaveLevel:-1
03-07 15:07:40.773   815  1348 I dubaid  : [AbnormalityRoutine.cpp] checkCpuAbnormality# 1000:/system/bin/surfaceflinger:0.013:49644:6727
03-07 15:07:40.774   773  1537 W ProcBatteryStats: timer is running , not start, name: com.android.phone, uid: 1001, tag: RILJ
03-07 15:07:40.781   773  1961 W ActivityManager: Sending non-protected broadcast com.huawei.intent.action.PG_THERMAL_MSG_ACTION from system 1933:com.huawei.powergenie/1000 pkg com.huawei.powergenie
03-07 15:07:40.785   773  1537 W ProcBatteryStats: timer is not running , not stop, name: com.android.phone, uid: 1001, tag: RILJ
03-07 15:07:40.787  3055  3055 I iu.Environment: update battery state; isPlugged? false*
03-07 15:07:40.800  3000  3000 W HiAction_RuleManager: ResouceUtil: getResourceSwitchStatus: true
03-07 15:07:40.801  3000  3000 E HiAction_RuleManager: IntelligentReceiver: check intellgentUpdate conditions
03-07 15:07:40.808  1891  2122 D BDLog   : BD.BDRecorder:LocalInfoEvent {infoID:131093, content=1543123673821449_2VsTRbMiDtJiYXlZxgzcsg==
03-07 15:07:40.808  1891  2122 D BDLog   : , priority=15}
03-07 15:07:40.810  3208  3208 I hisync-findmyphone.BatteryLowReport: BatteryLowReport action...android.intent.action.BATTERY_CHANGED
03-07 15:07:40.819  3208  3208 I hisync-findmyphone.AntiTheftInf: AntiTheftManagerEx getEnable = true from cache
03-07 15:07:40.823  3208  3208 I hisync-findmyphone.BatteryLowReport: BatteryLowReport perLevel:26BatteryLowReport mLowBatteryWarningLevel:25
03-07 15:07:40.825  3208  9075 I [10.2.1.303]CloudAlbum.BatteryStateProcessor: BatteryStateProcessor, disconnected
03-07 15:07:40.825  3208  3208 I hisync-findmyphone.BatteryLowReport: BatteryLowReport release...
03-07 15:07:40.863  1891  2122 D BDLog   : BD.BDRecorder:LocalInfoEvent {infoID:131093, content=1769127178565691_ksr44eZ+tYKh3A4z/FXsRQ==
03-07 15:07:40.863  1891  2122 D BDLog   : , priority=15}
03-07 15:07:40.868  3208  9075 E [10.2.1.303]CloudAlbum.OperationUtil: isGeneralAlbumAllow album switch off
03-07 15:07:40.877   773  1537 V BroadcastQueue: Finished with ordered broadcast BroadcastRecord{69740e5 u0 com.pp.assistant.cockroach.ACTION_WAKE_UP}
03-07 15:07:40.889  3055  6430 I iu.UploadsManager: num queued entries: 0
03-07 15:07:40.889   773  1906 D JobServiceContext: Scheduling time out for 'io.rong.push.PushService' jId: 2017113004, in 18 s
03-07 15:07:40.896   773  1113 V BroadcastQueue: Finished with ordered broadcast BroadcastRecord{ca79e62 u-1 android.intent.action.ACTION_POWER_DISCONNECTED}
03-07 15:07:40.900  8988 12174 I chatty  : uid=10438(u0_a438) io.rong.push expire 1 line
03-07 15:07:40.906   773   773 D JobServiceContext: handleServiceBound for a4a97ba #u0a438/2017113004 com.lexue.courser/io.rong.push.PushService
03-07 15:07:40.906   773   773 D JobServiceContext: Scheduling time out for 'io.rong.push.PushService' jId: 2017113004, in 8 s
03-07 15:07:40.908   773  6260 D JobServiceContext: doCallback of : JobStatus{a4a97ba #u0a438/2017113004 com.lexue.courser/io.rong.push.PushService u=0 s=10438 TIME=none:-20ms READY} v:VERB_STARTING
03-07 15:07:40.908   773  6260 D JobServiceContext: Scheduling time out for 'io.rong.push.PushService' jId: 2017113004, in 600 s
03-07 15:07:40.910   773  1537 D JobServiceContext: doCallback of : JobStatus{a4a97ba #u0a438/2017113004 com.lexue.courser/io.rong.push.PushService u=0 s=10438 TIME=none:-21ms READY} v:VERB_EXECUTING
03-07 15:07:40.911  3055  6430 I iu.UploadsManager: num updated entries: 0
03-07 15:07:40.934  3055  6430 I iu.SyncManager: NEXT; no task
03-07 15:07:41.321   773  6260 D HwNotificationManagerService: recognize: tag=null, id=1000002, user=UserHandle{0}, pkg=com.android.settings, uid=1000, callingPid=26807
03-07 15:07:41.321   773  6260 D HwNotificationManagerService: Return ! recognize the app not in list : com.android.settings
03-07 15:07:41.327   773   773 D NotificationService: mGameDndStatus is:false ,isGameDndSwitchOn is:false
03-07 15:07:41.342  1550  1550 D StatusBar: updateNotification(StatusBarNotification(pkg=com.android.settings user=UserHandle{0} id=1000002 tag=null key=0|com.android.settings|1000002|null|1000: Notification(channel=SETTINGS_USB pri=1 contentView=null vibrate=null sound=null tick defaults=0x0 flags=0x2 color=0x00000000 vis=PRIVATE)))
03-07 15:07:41.348  1550  1550 D HwPhoneStatusBar: No peeking: not allowed notification: 0|com.android.settings|1000002|null|1000
03-07 15:07:41.348  1550  1550 D StatusBar: applyInPlace=true shouldPeek=false alertAgain=true
03-07 15:07:41.348  1550  1550 D StatusBar: reusing notification for key: 0|com.android.settings|1000002|null|1000
03-07 15:07:41.368  1591  2069 E asset   : createFromFile(): lock file /data/resource-cache/system@emui@base@overlay@frameworkhwexthonor@frameworkhwexthonor.apk@idmap.
03-07 15:07:41.369  1591  2069 E asset   : createFromFile(): lock file /data/resource-cache/system@emui@base@overlay@frameworkhwexthonor@frameworkhwexthonor.apk@idmap.
03-07 15:07:41.369  1591  2069 W ResourceType: Found multiple library tables, ignoring...
03-07 15:07:41.385  1591  2069 D HwFLClassLoader: USE_FEATURE_LIST had not init! 
03-07 15:07:41.405  1550  1550 I PhoneStatusBar: updateNotificationShade: total=3, active=3
03-07 15:07:41.405  1550  1550 W PhoneStatusBar: updateNotificationShade hasFaceDT: false; Detected:false
03-07 15:07:41.418  1550  1550 W HwKeyguardDragHelper: AnimationBlocked
03-07 15:07:41.605   773  1126 I UsbDeviceManager: Setting USB config to hisuite,mtp,mass_storage
03-07 15:07:41.608   773  1126 W libc    : Set property "sys.usb.config" to "none"
03-07 15:07:41.613   773  1370 E AwareLog: RMS.AwareAppAssociate: Unknown EventID: 21
03-07 15:07:41.613   773  1370 E AwareLog: RMS.AwareAppAssociate: Unknown EventID: 21
03-07 15:07:41.613   773  1370 E AwareLog: RMS.AwareAppAssociate: Unknown EventID: 21
03-07 15:07:41.613   773  1370 I chatty  : uid=1000(system) sManagerService identical 6 lines
03-07 15:07:41.628  1550  1550 I FloatNotificationManager: removeNotification: key =-1|android|26|null|1000;mKey=null
03-07 15:07:41.631 17005 17005 D MtpReceiver: Debug MTP:ACTION_USB_STATE 
03-07 15:07:41.632 17005 17005 D MtpReceiver: Debug MTP:handleUsbState, configured is [false] connected is [false] mtpEnabled is [true] ptpEnabled is [false] unlocked is [true] configChanged is [false]
03-07 15:07:41.633 17005 17005 D MtpReceiver: Debug MTP:stop MTP service 
03-07 15:07:41.634 17005 17005 D MtpReceiver: handleUsbState stopService status=true
03-07 15:07:41.635  1933  2274 I chatty  : uid=1000(system) actions handler expire 113 lines
03-07 15:07:41.638   773  2464 E HwUsbHDBManager: Wrong message: count=-1
03-07 15:07:41.639   773  2464 E HwUsbHDBManager: open Socket lock failed
03-07 15:07:41.640  1550  1550 I PhoneStatusBar: updateNotificationShade: total=2, active=2
03-07 15:07:41.641  1550  1550 W PhoneStatusBar: updateNotificationShade hasFaceDT: false; Detected:false
03-07 15:07:41.652   773  1537 I chatty  : uid=1000(system) Binder:773_4 expire 5 lines
03-07 15:07:41.660  1550  1550 I PhoneStatusBar: updateNotificationShade: total=2, active=2
03-07 15:07:41.660  1550  1550 W PhoneStatusBar: updateNotificationShade hasFaceDT: false; Detected:false
03-07 15:07:41.663  1550  1550 I FloatNotificationManager: removeNotification: key =-1|android|2147483647|ranker_group1|1000|ranker_group1;mKey=null
03-07 15:07:41.663   773  1126 I chatty  : uid=1000(system) android.fg expire 7 lines
03-07 15:07:41.663  1550  1550 I PhoneStatusBar: updateNotificationShade: total=1, active=1
03-07 15:07:41.663  1550  1550 W PhoneStatusBar: updateNotificationShade hasFaceDT: false; Detected:false
03-07 15:07:41.665   773  1961 I chatty  : uid=1000(system) Binder:773_D expire 2 lines
03-07 15:07:41.670  1550  1550 W HwKeyguardDragHelper: AnimationBlocked
03-07 15:07:41.685  1550  1550 I FloatNotificationManager: removeNotification: key =0|com.android.settings|1000002|null|1000;mKey=null
03-07 15:07:41.685  1550  1550 I PhoneStatusBar: updateNotificationShade: total=0, active=0
03-07 15:07:41.685  1550  1550 W PhoneStatusBar: updateNotificationShade hasFaceDT: false; Detected:false
03-07 15:07:41.694  1933  1933 I chatty  : uid=1000(system) com.huawei.powergenie expire 7 lines
03-07 15:07:41.697  1550  1550 W HwKeyguardDragHelper: AnimationBlocked
03-07 15:07:41.705  1550  1550 W HwKeyguardDragHelper: AnimationBlocked
03-07 15:07:41.712   773  1113 V BroadcastQueue: Finished with ordered broadcast BroadcastRecord{fa7586 u-1 android.hardware.usb.action.USB_STATE}
03-07 15:07:41.716   773  1906 I chatty  : uid=1000(system) Binder:773_9 expire 19 lines
03-07 15:07:41.730 17005 17005 D MtpReceiver: Debug MTP:ACTION_USB_STATE 
03-07 15:07:41.731 17005 17005 W d.process.media: type=1400 audit(0.0:13809): avc: denied { write } for name="property_service" dev="tmpfs" ino=9457 scontext=u:r:priv_app:s0:c512,c768 tcontext=u:object_r:property_socket:s0 tclass=sock_file permissive=0
03-07 15:07:41.733 17005 17005 D MtpReceiver: Debug MTP:handleUsbState, configured is [false] connected is [false] mtpEnabled is [true] ptpEnabled is [false] unlocked is [false] configChanged is [true]
03-07 15:07:41.734 17005 17005 W libc    : Set property "sys.usb.ffs.mtp.ready" to "1"
03-07 15:07:41.735 17005 17005 W libc    : Unable to set property "sys.usb.ffs.mtp.ready" to "1": connection failed; errno=13 (Permission denied)
03-07 15:07:41.744 17005 17084 D MediaProvider: fixParentIdIfNeeded called
03-07 15:07:41.755 17005 17005 D MtpService: Debug MTP:call updateDisabledStateLocked
