03-07 15:07:44.682   684 10978 V audio_common: get value success, value:hi6403
03-07 15:07:44.682   684 10978 I dsp_codec_smartpa_ctl: smartpa_algo_set: get codec_name succ, codec_name = hi6403
03-07 15:07:44.682   684 10978 V audio_common: get value success, value:false
03-07 15:07:44.682   684 10978 I dsp_codec_smartpa_ctl: smartpa_algo_set: get multi mic function enable succ, multi_mic_enable = 0
03-07 15:07:44.682   684 10978 I dsp_common: dsp_common_control_algo:set device = 2
03-07 15:07:44.682   684 10978 I audio_hw_primary: pa is on, cannot start ir study,device = 2
03-07 15:07:44.682   684 10978 I audio_hw_primary: pa is on, cannot start ir study,device = 2
03-07 15:07:44.683   807 12210 I AudioTrack: audioTrack send start state to pg
03-07 15:07:44.692  3391 12225 I NetRec  : [3016] aeqv.a: Refreshing scores for 101 networks.
03-07 15:07:44.729   684 10978 I audio_pop: pop change S4 OL SWITCH SWITCH dir 1
03-07 15:07:44.729   684 10978 I audio_pop: pop change S4 OR SWITCH SWITCH dir 1
03-07 15:07:44.740   684 10978 I audio_pop: pop change PLAY48K SWITCH SWITCH dir 1
03-07 15:07:44.740   684 10978 I dsp_common: dsp_common_control_algo:set device = 2
03-07 15:07:44.740   684 10978 I TAS2560_SPK: tas2560_spk dev_power_on first_open = 1
03-07 15:07:44.754  1550  1550 W HwKeyguardDragHelper: AnimationBlocked
03-07 15:07:44.762   684 10978 I TAS2560_SPK: tas2560_spk POWER ON
03-07 15:07:44.762   684 10978 I dsp_codec_ctl: get_spkpa_tas: spkpa match tas2560, return true
03-07 15:07:44.762   684 10978 I dsp_codec_smartpa_ctl: get_smartpa_sence: device = 0x2
03-07 15:07:44.762   684 10978 V audio_common: get value success, value:hi6403
03-07 15:07:44.762   684 10978 I dsp_codec_smartpa_ctl: smartpa_algo_set: get codec_name succ, codec_name = hi6403
03-07 15:07:44.762   684 10978 V audio_common: get value success, value:false
03-07 15:07:44.763   684 10978 I dsp_codec_smartpa_ctl: smartpa_algo_set: get multi mic function enable succ, multi_mic_enable = 0
03-07 15:07:44.763   684 10978 I dsp_codec_smartpa_ctl: smartpa_algo_set: product_name = STF
03-07 15:07:44.763   684 10978 I dsp_codec_smartpa_ctl: enable_smartpa_algo: set smartpa_algo IF_OPEN
03-07 15:07:44.764   684 10978 I dsp_codec_ctl: codec_adsp_send_sync_cmd:ioctl ret=0
03-07 15:07:44.764   684 10978 I dsp_codec_smartpa_ctl: enable_smartpa_algo: succ with value:1
03-07 15:07:44.764   684 10978 I audio_hw_primary: select_devices--
03-07 15:07:44.764   684 10978 I audio_hw_primary: start_output_stream--
03-07 15:07:44.785   796  1218 D AudioFlinger: mixer(0x75ac8a0840) throttle end: throttle time(10)
03-07 15:07:44.817   714   714 E WifiHAL : enter wifi_get_link_stats
03-07 15:07:44.825   684 10978 D asd     : [asd_proc_hal_data],hal data soundness: L[295],R[321]
03-07 15:07:44.829   810   810 E wificond: Failed to get NL80211_STA_INFO_CNAHLOAD
03-07 15:07:44.936   807 12214 I NuPlayerDecoder: [audio] saw output EOS
03-07 15:07:45.016   807 12210 D AudioTrack: stop() called with 35755 frames delivered
03-07 15:07:45.190 26807 26807 D UsbSettingsService: handleMessage, msg.what = 1
03-07 15:07:45.195 26807 26807 D UsbSettingsService: isUSBDisconnected() ACTION_USB_PORT_CHANGED deviceConnected = true, portConnected = true, dataRole = 2
03-07 15:07:45.203 26807 26807 E NotificationManager: notifyAsUser: tag=null, id=1000002, user=UserHandle{0}
03-07 15:07:45.205   829   829 E         : [E/capacity_limit_control] not demo version, not set power control prop!
03-07 15:07:45.223  1550  1550 D StatusBar: updateNotification(StatusBarNotification(pkg=com.android.settings user=UserHandle{0} id=1000002 tag=null key=0|com.android.settings|1000002|null|1000: Notification(channel=SETTINGS_USB pri=1 contentView=null vibrate=null sound=null tick defaults=0x0 flags=0x2 color=0x00000000 vis=PRIVATE)))
03-07 15:07:45.226  1550  1550 D HwPhoneStatusBar: No peeking: not allowed notification: 0|com.android.settings|1000002|null|1000
03-07 15:07:45.227  1550  1550 D StatusBar: applyInPlace=true shouldPeek=false alertAgain=true
03-07 15:07:45.227  1550  1550 D StatusBar: reusing notification for key: 0|com.android.settings|1000002|null|1000
03-07 15:07:45.258  1550  1550 I PhoneStatusBar: updateNotificationShade: total=1, active=1
03-07 15:07:45.258  1550  1550 W PhoneStatusBar: updateNotificationShade hasFaceDT: false; Detected:false
03-07 15:07:45.262  1550  1550 W HwKeyguardDragHelper: AnimationBlocked
03-07 15:07:45.305   684 10978 D asd     : [asd_proc_hal_data],hal data soundness: L[111],R[80]
03-07 15:07:45.421 26807 26807 D UsbSettingsService: handleMessage, msg.what = 2
03-07 15:07:45.425   383   383 E         : pid 26807, opration nvm_read OK
03-07 15:07:45.425   383   383 E         : 
03-07 15:07:45.428 26807 26807 D UsbSettingsService: showMtpDialog : mode = 0
03-07 15:07:45.429 26807 26807 D HwCust  : Create obj success use class android.app.HwCustHwWallpaperManagerImpl
03-07 15:07:45.472 26807 26807 D CubicBezierInterpolator: CubicBezierInterpolator  mControlPoint1x = 0.23, mControlPoint1y = 0.06, mControlPoint2x = 0.09, mControlPoint2y = 0.97
03-07 15:07:45.474 26807 26807 D CubicBezierInterpolator: CubicBezierInterpolator  mControlPoint1x = 0.6, mControlPoint1y = 0.9, mControlPoint2x = 0.8, mControlPoint2y = 1.0
03-07 15:07:45.474 26807 26807 D CubicBezierInterpolator: CubicBezierInterpolator  mControlPoint1x = 0.23, mControlPoint1y = 0.06, mControlPoint2x = 0.09, mControlPoint2y = 0.97
03-07 15:07:45.474 26807 26807 D CubicBezierInterpolator: CubicBezierInterpolator  mControlPoint1x = 0.6, mControlPoint1y = 0.9, mControlPoint2x = 0.8, mControlPoint2y = 1.0
03-07 15:07:45.492   796  1218 I AudioTrackShared: server obtain null buf part1:0 rear:35755 front:35755 mFrameCount:24000
03-07 15:07:45.509 26807 26807 D HwRTBlurUtils: check blur style for HwPhoneWindow, themeResId : 0x0206002b, context : android.view.ContextThemeWrapper@28d895f, Nhwext : 10, get Blur : disable with , android.graphics.drawable.NinePatchDrawable@4989fac
03-07 15:07:45.526   773  1544 V WindowManager: Adding Window{65c564 u0 com.android.settings} to WindowToken{cd1b3cd android.os.BinderProxy@e1552f7}
03-07 15:07:45.530   773  1544 V WindowManager: addWindow: New client android.os.BinderProxy@e1552f7: window=Window{65c564 u0 com.android.settings} Callers=com.android.server.wm.HwWindowManagerService.addWindow:585 com.android.server.wm.Session.addToDisplay:199 android.view.IWindowSession$Stub.onTransact:124 com.android.server.wm.Session.onTransact:161 android.os.Binder.execTransact:675 
03-07 15:07:45.531   807 12197 V NuPlayer: reached audio EOS
03-07 15:07:45.531   807 12197 D NuPlayerDriver: notifyListener_l(0xe694f8c0), (2, 0, 0, -1), loop setting(0, 0)
03-07 15:07:45.534 26807 26807 I PressGestureDetector: onAttached begin
03-07 15:07:45.534  1920  1932 E HsmCoreServiceImpl: onTransact in code is: 102
03-07 15:07:45.534  1920  1932 W MediaProcessHandler: processOp uid 1000 is not concerned!
03-07 15:07:45.534  1920  1932 I MediaProcessHandler: executedCallBack opType: 1 mMediaStatusObservers.size=0
03-07 15:07:45.535 26807 26807 I PressGestureDetector: onAttached end
03-07 15:07:45.536 26807 12229 I PressGestureDetector: HiTouch restricted: Sub windows restricted.
03-07 15:07:45.557   796  1086 I APM_AudioPolicyManager: stopOutput() output 13, stream 1, session 761
03-07 15:07:45.559   684  2201 E baidu_asr_interface: asr_baidu_set_parameters_data-not baidu asr
03-07 15:07:45.560   796  1086 D APM_AudioPolicyManager: event 165
03-07 15:07:45.561   796  1086 V APM_AudioPolicyManager: setBeaconMute(1) mBeaconMuteRefCount=0 mBeaconPlayingRefCount=0
03-07 15:07:45.561   796  1086 I APM_AudioPolicyManager: getNewOutputDevice() selected device 0
03-07 15:07:45.561   796  1086 I APM_AudioPolicyManager: setOutputDevice() device 0x0000 delayMs 80 force 0
03-07 15:07:45.561   796  1086 V APM_AudioPolicyManager: setOutputDevice() prevDevice 0x0002
03-07 15:07:45.561   796  1086 I APM_AudioPolicyManager: setOutputDevice() setting same device 0x0000 or null device
03-07 15:07:45.562   684  2201 E baidu_asr_interface: asr_baidu_set_parameters_data-not baidu asr
03-07 15:07:45.562   684  2201 I audio_custom: set_hifi_high_perform: hifi_highperform_enable off.
03-07 15:07:45.604   773  1906 W WindowManager: EGLdebug Created surface WindowStateAnimator{7a03482 }
03-07 15:07:45.646   773  2464 E HwUsbHDBManager: open Socket lock failed
03-07 15:07:45.708   676   676 I GRALLOC : 	 shrFd=10,fmt=0x1,intFmt=0x1,btStrd=4352,size=3727360,pid=676 
03-07 15:07:45.708   676   676 I GRALLOC : 	 yuv=2,w=1080,h=856,Stride u=0 v=0,offset u=0 v=0 
03-07 15:07:45.708   676   676 I GRALLOC : 	 iova_size=3727360,conUsg=0x906,proUsg=0x966,	 strd=1088,[afbc]HdrStrd=0 PyldStrd=0 Scrmbl=0,ionhnd = 1 
03-07 15:07:45.735   773  1962 D WindowManager: finishDrawingWindow: Window{65c564 u0 com.android.settings} mDrawState=DRAW_PENDING
03-07 15:07:45.743   676   676 I GRALLOC : 	 shrFd=10,fmt=0x1,intFmt=0x1,btStrd=4352,size=3727360,pid=676 
03-07 15:07:45.743   676   676 I GRALLOC : 	 yuv=2,w=1080,h=856,Stride u=0 v=0,offset u=0 v=0 
03-07 15:07:45.743   676   676 I GRALLOC : 	 iova_size=3727360,conUsg=0x906,proUsg=0x966,	 strd=1088,[afbc]HdrStrd=0 PyldStrd=0 Scrmbl=0,ionhnd = 1 
03-07 15:07:45.761   773  1333 I chatty  : uid=1000(system) android.anim expire 4 lines
03-07 15:07:45.785   773  1906 D WindowManager: finishDrawingWindow: Window{65c564 u0 com.android.settings} mDrawState=HAS_DRAWN
03-07 15:07:46.480  1550  1550 D NetWorkUtils: mVSimCurCardType is -1
03-07 15:07:46.481  1550  1550 W ResourceType: No package identifier when getting value for resource number 0x00000000
03-07 15:07:46.482  1550  1550 E HwNotchUtils: setIconForView iconId is not found
03-07 15:07:46.484  1550  1550 D NetWorkUtils: mVSimCurCardType is -1
03-07 15:07:46.485  1550  1550 W ResourceType: No package identifier when getting value for resource number 0x00000000
03-07 15:07:46.486  1550  1550 E HwNotchUtils: setIconForView iconId is not found
03-07 15:07:46.533   773  1114 I chatty  : uid=1000(system) android.ui expire 2 lines
03-07 15:07:46.630 26807 26807 V AudioManager: playSoundEffect   effectType: 0
03-07 15:07:46.637   773  1906 V WindowManager: removeIfPossible: Window{65c564 u0 com.android.settings} callers=com.android.server.wm.WindowState.removeIfPossible:1914 com.android.server.wm.WindowManagerService.removeWindow:2040 com.android.server.wm.Session.remove:218 android.view.IWindowSession$Stub.onTransact:242 com.android.server.wm.Session.onTransact:161 
03-07 15:07:46.643   773  1906 V WindowManager: Not removing Window{65c564 u0 com.android.settings EXITING} due to exit animation 
03-07 15:07:46.648   773  2464 E HwUsbHDBManager: open Socket lock failed
03-07 15:07:46.657 26807 26807 W ContextImpl: Calling a method in the system process without a qualified user: android.app.ContextImpl.sendBroadcast:1074 android.content.ContextWrapper.sendBroadcast:431 com.android.settings.deviceinfo.UsbSettingsService$5.onClick:688 com.android.settings.deviceinfo.UsbSettingsService$DialogItemListener.onClick:725 com.android.internal.app.AlertController$AlertParams$3.onItemClick:1168 
03-07 15:07:46.661   773  1126 I UsbDeviceManager: Getting setFunction command for hisuite,mtp,mass_storage
03-07 15:07:46.661   773  1126 I UsbDeviceManager: add hdb is hisuite,mtp,mass_storage,adb,hdb
03-07 15:07:46.661   773  1126 I UsbDeviceManager: Setting USB config to hisuite,mtp,mass_storage,adb,hdb
03-07 15:07:46.663  8865  8865 I chatty  : uid=10438(u0_a438) com.lexue.courser expire 1 line
03-07 15:07:46.664 26807 26807 D UsbSettingsService: BroadcastReceiver, action = com.android.settings.usb.UPDATE_CHOOSERS
03-07 15:07:46.733 17005 12198 E MtpServer: request read returned -1, errno: 5
03-07 15:07:46.733 17005 12198 I HwMtpServerExJNI: cleanup MtpServerEx
03-07 15:07:46.733 17005 12198 V MtpServerEx: destructor
03-07 15:07:46.733 17005 12198 V HwMtpServerExJNI: finalize
03-07 15:07:46.733 17005 12198 I StagefrightMediaScannerEx: StagefrightMediaScanner destructor
03-07 15:07:46.786 26807 26807 D UsbSettingsService: BroadcastReceiver, action = android.hardware.usb.action.USB_STATE
03-07 15:07:46.801 17005 17005 D MtpReceiver: Debug MTP:ACTION_USB_STATE 
03-07 15:07:46.801 26807 26807 D UsbSettingsService: ACTION_USB_STATE, usbConnected = true
03-07 15:07:46.801 12232 12234 W libc    : Set property "sys.usb.ffs.ready" to "1"
03-07 15:07:46.803 17005 17005 W d.process.media: type=1400 audit(0.0:13811): avc: denied { write } for name="property_service" dev="tmpfs" ino=9457 scontext=u:r:priv_app:s0:c512,c768 tcontext=u:object_r:property_socket:s0 tclass=sock_file permissive=0
03-07 15:07:46.804 17005 17005 D MtpReceiver: Debug MTP:handleUsbState, configured is [true] connected is [true] mtpEnabled is [true] ptpEnabled is [false] unlocked is [true] configChanged is [true]
03-07 15:07:46.805 17005 17005 W libc    : Set property "sys.usb.ffs.mtp.ready" to "1"
03-07 15:07:46.805 17005 17005 W libc    : Unable to set property "sys.usb.ffs.mtp.ready" to "1": connection failed; errno=13 (Permission denied)
03-07 15:07:46.806 12233 12235 W libc    : Set property "sys.usb.ffs_hdb.ready" to "1"
03-07 15:07:46.806 17005 17084 D MediaProvider: fixParentIdIfNeeded called
03-07 15:07:46.817 26807 26807 D UsbSettingsService: ACTION_USB_STATE usbConnected = true, chargingOnly = false, deviceConnected = true, dataRole = 2
03-07 15:07:46.817 26807 26807 I UsbSettingsService: ACTION_USB_STATE start service!
03-07 15:07:46.822 12233 12237 I cutils-trace: atrace_init_once, trace_marker_path = /sys/kernel/debug/tracing/trace_marker
03-07 15:07:46.827 26807 26807 D HwCust  : Create obj success use class com.android.settings.deviceinfo.HwCustUsbReceiverImpl
03-07 15:07:46.830 26807 26807 D UsbReceiver: initialize UsbSettingsService!
03-07 15:07:46.830 26807 26807 D UsbReceiver: ACTION_USB_STATE arrived!
03-07 15:07:46.830 26807 26807 D UsbReceiver: onUsbStateReceive chargingOnly = false, usbConnected = true
03-07 15:07:46.830 26807 26807 D UsbReceiver: ACTION_USB_STATE:usbConnected = true, usbState=none, chargingOnly = false, isLegacyCharging = false
03-07 15:07:46.831 26807 26807 W ContextImpl: Calling a method in the system process without a qualified user: android.app.ContextImpl.startService:1656 android.content.ContextWrapper.startService:644 android.content.ContextWrapper.startService:644 com.android.settings.deviceinfo.UsbReceiver.startUsbService:282 com.android.settings.deviceinfo.UsbReceiver.onUsbStateReceive:159 
03-07 15:07:46.836   773  1333 V WindowManager: Exit animation finished in Window{65c564 u0 com.android.settings EXITING}: remove=true
03-07 15:07:46.840 26807 26807 W ContextImpl: Calling a method in the system process without a qualified user: android.app.ContextImpl.startService:1656 android.content.ContextWrapper.startService:644 android.content.ContextWrapper.startService:644 com.android.settings.deviceinfo.UsbReceiver.startUsbService:282 com.android.settings.deviceinfo.UsbReceiver.onUsbStateReceive:206 
03-07 15:07:46.842   773  1333 I WindowManager: Destroying surface Surface(name=) called by com.android.server.wm.WindowStateAnimator.destroySurface:2089 com.android.server.wm.WindowStateAnimator.destroySurfaceLocked:899 com.android.server.wm.HwWindowStateAnimator.destroySurfaceLocked:1006 com.android.server.wm.WindowState.destroyOrSaveSurfaceUnchecked:2998 com.android.server.wm.RootWindowContainer.performSurfacePlacement:812 com.android.server.wm.WindowSurfacePlacer.performSurfacePlacementLoop:224 com.android.server.wm.WindowSurfacePlacer.performSurfacePlacement:166 com.android.server.wm.WindowSurfacePlacer.performSurfacePlacement:156 
03-07 15:07:46.844 26807 26807 D UsbSettingsService: onStartCommand, action = null
03-07 15:07:46.845 26807 26807 D UsbSettingsService: onStartCommand, action = null
03-07 15:07:46.845   773  1333 V WindowManager: postWindowRemoveCleanupLocked: Window{65c564 u0 com.android.settings}
03-07 15:07:46.845   773  1333 V WindowManager: Removing Window{65c564 u0 com.android.settings} from WindowToken{cd1b3cd android.os.BinderProxy@e1552f7}
03-07 15:07:46.850   773  1113 V BroadcastQueue: Finished with ordered broadcast BroadcastRecord{a84f60b u-1 android.hardware.usb.action.USB_STATE}
03-07 15:07:46.855  3391 12221 W NetRec  : [3015] aeqv.a: Timeout after 2201 ms while waiting for score updates. Rescheduling.
03-07 15:07:46.863  3391 12221 I NetRec  : [3015] aeqv.a: Still entries pending update, scheduling new rapid_refresh_scores_task refresh.
03-07 15:07:46.880  3391 12221 I NetRec  : [3015] aeqv.a: Completed rapid_refresh_scores_task score refresh task in 2270 ms, returning 1
03-07 15:07:46.889   773  1962 V BroadcastQueue: Finished with ordered broadcast BroadcastRecord{5164ce8 u0 com.google.android.gms.gcm.ACTION_SCHEDULE}
03-07 15:07:46.900  3391 12225 W NetRec  : [3016] aeqv.a: Timeout after 2202 ms while waiting for score updates. Rescheduling.
03-07 15:07:46.914  3391 12225 I NetRec  : [3016] aeqv.a: Still entries pending update, scheduling new refresh_scores_task refresh.
03-07 15:07:46.924  3391 12225 I NetRec  : [3016] aeqv.a: Completed refresh_scores_task score refresh task in 2246 ms, returning 1
03-07 15:07:46.935   773  1962 V BroadcastQueue: Finished with ordered broadcast BroadcastRecord{95d9f01 u0 com.google.android.gms.gcm.ACTION_SCHEDULE}
03-07 15:07:47.018 12232 12239 I cutils-trace: atrace_init_once, trace_marker_path = /sys/kernel/debug/tracing/trace_marker
03-07 15:07:47.026  1933  1933 I chatty  : uid=1000(system) com.huawei.powergenie expire 2 lines
03-07 15:07:47.028 26807 26807 D UsbSettingsService: BroadcastReceiver, action = android.hardware.usb.action.USB_STATE
03-07 15:07:47.034 17005 17005 D MtpReceiver: Debug MTP:ACTION_USB_STATE 
03-07 15:07:47.036 26807 26807 D UsbSettingsService: ACTION_USB_STATE, usbConnected = true
03-07 15:07:47.039 17005 17005 W d.process.media: type=1400 audit(0.0:13812): avc: denied { write } for name="property_service" dev="tmpfs" ino=9457 scontext=u:r:priv_app:s0:c512,c768 tcontext=u:object_r:property_socket:s0 tclass=sock_file permissive=0
03-07 15:07:47.041 17005 17005 D MtpReceiver: Debug MTP:handleUsbState, configured is [false] connected is [true] mtpEnabled is [true] ptpEnabled is [false] unlocked is [true] configChanged is [false]
03-07 15:07:47.042 17005 17005 W libc    : Set property "sys.usb.ffs.mtp.ready" to "1"
03-07 15:07:47.042 17005 17005 W libc    : Unable to set property "sys.usb.ffs.mtp.ready" to "1": connection failed; errno=13 (Permission denied)
03-07 15:07:47.044 26807 26807 D UsbSettingsService: ACTION_USB_STATE usbConnected = true, chargingOnly = false, deviceConnected = true, dataRole = 2
03-07 15:07:47.044 26807 26807 I UsbSettingsService: ACTION_USB_STATE start service!
03-07 15:07:47.059  1550  1550 D HwCust  : Create obj success use class com.android.systemui.statusbar.notification.HwCustNotificationInflaterImpl
03-07 15:07:47.062 26807 26807 D HwCust  : Create obj success use class com.android.settings.deviceinfo.HwCustUsbReceiverImpl
03-07 15:07:47.066  1550  1550 I FakeShadowView: radius18
03-07 15:07:47.069 26807 26807 D UsbReceiver: initialize UsbSettingsService!
03-07 15:07:47.069 26807 26807 D UsbReceiver: ACTION_USB_STATE arrived!
03-07 15:07:47.069 26807 26807 D UsbReceiver: onUsbStateReceive chargingOnly = false, usbConnected = true
03-07 15:07:47.069 26807 26807 D UsbReceiver: ACTION_USB_STATE:usbConnected = true, usbState=hisuite,mtp,mass_storage,adb,hdb, chargingOnly = false, isLegacyCharging = false
03-07 15:07:47.070 26807 26807 W ContextImpl: Calling a method in the system process without a qualified user: android.app.ContextImpl.startService:1656 android.content.ContextWrapper.startService:644 android.content.ContextWrapper.startService:644 com.android.settings.deviceinfo.UsbReceiver.startUsbService:282 com.android.settings.deviceinfo.UsbReceiver.onUsbStateReceive:159 
03-07 15:07:47.075  1933  2559 I chatty  : uid=1000(system) ThermalTraceThr expire 1 line
03-07 15:07:47.080 26807 26807 W ContextImpl: Calling a method in the system process without a qualified user: android.app.ContextImpl.startService:1656 android.content.ContextWrapper.startService:644 android.content.ContextWrapper.startService:644 com.android.settings.deviceinfo.UsbReceiver.startUsbService:282 com.android.settings.deviceinfo.UsbReceiver.onUsbStateReceive:206 
03-07 15:07:47.085 26807 26807 D UsbSettingsService: BroadcastReceiver, action = android.hardware.usb.action.USB_STATE
03-07 15:07:47.088   773  1113 V BroadcastQueue: Finished with ordered broadcast BroadcastRecord{f1531a6 u-1 android.hardware.usb.action.USB_STATE}
03-07 15:07:47.099 26807 26807 D UsbSettingsService: ACTION_USB_STATE, usbConnected = true
03-07 15:07:47.099 17005 17005 D MtpReceiver: Debug MTP:ACTION_USB_STATE 
03-07 15:07:47.100 17005 17005 D MtpReceiver: Debug MTP:handleUsbState, configured is [true] connected is [true] mtpEnabled is [true] ptpEnabled is [false] unlocked is [true] configChanged is [false]
03-07 15:07:47.101 17005 17005 D MtpReceiver: handleUsbState startService
03-07 15:07:47.101 17005 17005 D MtpReceiver: Debug MTP:srart MTP service 
03-07 15:07:47.102 26807 26807 D UsbSettingsService: ACTION_USB_STATE usbConnected = true, chargingOnly = false, deviceConnected = true, dataRole = 2
03-07 15:07:47.102 26807 26807 I UsbSettingsService: ACTION_USB_STATE start service!
03-07 15:07:47.103 17005 17005 D MtpService: onStartCommand intent=Intent { cmp=com.android.providers.media/.MtpService (has extras) } mUnlocked=true
03-07 15:07:47.103 26807 26807 D UsbSettingsService: onStartCommand, action = null
03-07 15:07:47.104 26807 26807 D UsbSettingsService: onStartCommand, action = null
03-07 15:07:47.105  1550  1550 W HwPhoneLayoutInflater: onCreateView : ClassNotFoundException, In this case we want to let the base class take a crack at it
03-07 15:07:47.106  1550  1550 W HwPhoneLayoutInflater: onCreateView : ClassNotFoundException, In this case we want to let the base class take a crack at it
03-07 15:07:47.107 26807 26807 D HwCust  : Create obj success use class com.android.settings.deviceinfo.HwCustUsbReceiverImpl
03-07 15:07:47.111 26807 26807 D UsbReceiver: initialize UsbSettingsService!
03-07 15:07:47.111 17005 17005 D MtpService: Debug MTP:call updateDisabledStateLocked
03-07 15:07:47.111 17005 17005 D MtpService: updating state; isCurrentUser=true, mMtpLocked=false
03-07 15:07:47.111 26807 26807 D UsbReceiver: ACTION_USB_STATE arrived!
03-07 15:07:47.111 26807 26807 D UsbReceiver: onUsbStateReceive chargingOnly = false, usbConnected = true
03-07 15:07:47.112 26807 26807 D UsbReceiver: ACTION_USB_STATE:usbConnected = true, usbState=hisuite,mtp,mass_storage,adb,hdb, chargingOnly = false, isLegacyCharging = false
03-07 15:07:47.112 26807 26807 W ContextImpl: Calling a method in the system process without a qualified user: android.app.ContextImpl.startService:1656 android.content.ContextWrapper.startService:644 android.content.ContextWrapper.startService:644 com.android.settings.deviceinfo.UsbReceiver.startUsbService:282 com.android.settings.deviceinfo.UsbReceiver.onUsbStateReceive:159 
03-07 15:07:47.112 17005 17005 D MtpService: starting MTP server in MTP mode
03-07 15:07:47.113 17005 17005 I HWSERVICES: hwnative_get_component:libstagefright,Scanner
03-07 15:07:47.115 17005 17005 I StagefrightMediaScannerEx: StagefrightMediaScanner Constructor
03-07 15:07:47.115 26807 26807 W ContextImpl: Calling a method in the system process without a qualified user: android.app.ContextImpl.startService:1656 android.content.ContextWrapper.startService:644 android.content.ContextWrapper.startService:644 com.android.settings.deviceinfo.UsbReceiver.startUsbService:282 com.android.settings.deviceinfo.UsbReceiver.onUsbStateReceive:206 
03-07 15:07:47.118 17005 17005 I HWSERVICES: hwnative_get_component_mtpServer  comes...
03-07 15:07:47.119  1550  1550 W HwPhoneLayoutInflater: onCreateView : ClassNotFoundException, In this case we want to let the base class take a crack at it
03-07 15:07:47.119 26807 26807 D UsbSettingsService: onStartCommand, action = null
03-07 15:07:47.119  1550  1550 W HwPhoneLayoutInflater: onCreateView : ClassNotFoundException, In this case we want to let the base class take a crack at it
03-07 15:07:47.120 26807 26807 D UsbSettingsService: onStartCommand, action = null
03-07 15:07:47.120 17005 17005 V MtpServerEx: constructor
03-07 15:07:47.120 17005 17005 I HwMtpServerExJNI: set MtpServerEx 0x78aac935c0
03-07 15:07:47.120 17005 17005 I HwMtpServerExJNI: Finish to setup MtpServer
03-07 15:07:47.122  1550  1550 W ResourceType: Failure getting entry for 0x01040255 (t=3 e=597) (error -75)
03-07 15:07:47.124   773  1113 V BroadcastQueue: Finished with ordered broadcast BroadcastRecord{d8ae7e7 u-1 android.hardware.usb.action.USB_STATE}
03-07 15:07:47.135 17005 17005 D MtpService: Adding MTP storage 0x10001 at /storage/emulated/0
03-07 15:07:47.135 17005 17005 E HwMtpServerExJNI: android_mtp_MtpServerEx_add_storage, line 171: descriptionStr = 
03-07 15:07:47.135 17005 17005 I HWSERVICES: hwnative_get_component_mtpStorage  comes...
03-07 15:07:47.137 17005 17005 V MtpStorageEx: constructor
03-07 15:07:47.139  1550  1550 W HwPhoneLayoutInflater: onCreateView : ClassNotFoundException, In this case we want to let the base class take a crack at it
03-07 15:07:47.144  1550  1550 I chatty  : uid=10039(u0_a39) com.android.systemui identical 8 lines
03-07 15:07:47.144  1550  1550 W HwPhoneLayoutInflater: onCreateView : ClassNotFoundException, In this case we want to let the base class take a crack at it
03-07 15:07:47.145  1550  1550 W ResourceType: Failure getting entry for 0x01040255 (t=3 e=597) (error -75)
03-07 15:07:47.158  1550  1550 W HwPhoneLayoutInflater: onCreateView : ClassNotFoundException, In this case we want to let the base class take a crack at it
03-07 15:07:47.161  1550  1550 W HwPhoneLayoutInflater: onCreateView : ClassNotFoundException, In this case we want to let the base class take a crack at it
03-07 15:07:47.162  1550  1550 W ResourceType: Failure getting entry for 0x01040255 (t=3 e=597) (error -75)
03-07 15:07:47.173  1550  1550 W HwPhoneLayoutInflater: onCreateView : ClassNotFoundException, In this case we want to let the base class take a crack at it
03-07 15:07:47.176  1550  1550 W HwPhoneLayoutInflater: onCreateView : ClassNotFoundException, In this case we want to let the base class take a crack at it
03-07 15:07:47.176  1550  1550 W ResourceType: Failure getting entry for 0x01040255 (t=3 e=597) (error -75)
03-07 15:07:47.187  1550  1550 W HwPhoneLayoutInflater: onCreateView : ClassNotFoundException, In this case we want to let the base class take a crack at it
03-07 15:07:47.190  1550  1550 W HwPhoneLayoutInflater: onCreateView : ClassNotFoundException, In this case we want to let the base class take a crack at it
03-07 15:07:47.190  1550  1550 W ResourceType: Failure getting entry for 0x01040255 (t=3 e=597) (error -75)
03-07 15:07:47.202  1550  1550 D StatusBar: No peeking: unimportant notification: -1|android|26|null|1000
03-07 15:07:47.202  1550  1550 I PhoneStatusBar: updateNotificationShade: total=2, active=2
03-07 15:07:47.202  1550  1550 W PhoneStatusBar: updateNotificationShade hasFaceDT: false; Detected:false
03-07 15:07:47.207  1550  1728 D ReporterUtil:  e id:344 type:{pkg:android,hw_type:null,hw_btw:false,onGoing:true,importance:2}
03-07 15:07:47.207  1891  2122 E BDLog   : BD.FilterImpl:com.android.systemui 344 times= 100 over threshold
03-07 15:07:47.207  1891  2122 E BDLog   : BD.FilterImpl:com.android.systemui344 is illLegal
03-07 15:07:47.220  1550  1550 W HwKeyguardDragHelper: AnimationBlocked
03-07 15:07:47.305   684 10978 D asd     : [asd_proc_hal_data],hal data soundness: L[0],R[0]
03-07 15:07:47.524 12232 12232 I adbd    : Calling send_auth_request...
03-07 15:07:47.549 12232 12232 I adbd    : Loading keys from /data/misc/adb/adb_keys
03-07 15:07:47.635 17005 17084 D MediaProvider: fixParentIdIfNeeded called
03-07 15:07:47.804 26807 26807 D UsbSettingsService: handleMessage, msg.what = 1
03-07 15:07:47.809 26807 26807 D UsbSettingsService: isUSBDisconnected() ACTION_USB_PORT_CHANGED deviceConnected = true, portConnected = true, dataRole = 2
03-07 15:07:47.814 26807 26807 E NotificationManager: notifyAsUser: tag=null, id=1000002, user=UserHandle{0}
03-07 15:07:47.828  1550  1550 D StatusBar: updateNotification(StatusBarNotification(pkg=com.android.settings user=UserHandle{0} id=1000002 tag=null key=0|com.android.settings|1000002|null|1000: Notification(channel=SETTINGS_USB pri=1 contentView=null vibrate=null sound=null tick defaults=0x0 flags=0x2 color=0x00000000 vis=PRIVATE)))
03-07 15:07:47.832  1550  1550 D HwPhoneStatusBar: No peeking: not allowed notification: 0|com.android.settings|1000002|null|1000
03-07 15:07:47.832  1550  1550 D StatusBar: applyInPlace=true shouldPeek=false alertAgain=true
03-07 15:07:47.832  1550  1550 D StatusBar: reusing notification for key: 0|com.android.settings|1000002|null|1000
03-07 15:07:47.836   714   714 E WifiHAL : enter wifi_get_link_stats
03-07 15:07:47.850   810   810 E wificond: Failed to get NL80211_STA_INFO_CNAHLOAD
03-07 15:07:47.865  1550  1550 I PhoneStatusBar: updateNotificationShade: total=2, active=2
03-07 15:07:47.865  1550  1550 W PhoneStatusBar: updateNotificationShade hasFaceDT: false; Detected:false
03-07 15:07:47.870  1550  1550 W HwKeyguardDragHelper: AnimationBlocked
03-07 15:07:48.497   684  2201 I audio_hw_primary: do_out_standby standby: 0, stream_type: 0,  out_device: 0x2
03-07 15:07:48.512   684  2201 I audio_hw_primary: select_devices++ mode[0]
03-07 15:07:48.513   684  2201 I audio_hw_primary: input_source_id 0, output_device_id 0
03-07 15:07:48.513   684  2201 V audio_custom: set_dsp_device_for_ext_hs_hifi:set devices  0x0
03-07 15:07:48.513   684  2201 I audio_hw_primary: select_devices() devices 0x2 input src 0 output route none input route none in_device 0
03-07 15:07:48.544   684  2201 I TAS2560_SPK: tas2560_spk POWER OFF
03-07 15:07:48.544   684  2201 I dsp_codec_ctl: get_spkpa_tas: spkpa match tas2560, return true
03-07 15:07:48.544   684  2201 V audio_common: get value success, value:hi6403
03-07 15:07:48.545   684  2201 I dsp_codec_smartpa_ctl: smartpa_algo_set: get codec_name succ, codec_name = hi6403
03-07 15:07:48.545   684  2201 V audio_common: get value success, value:false
03-07 15:07:48.545   684  2201 I dsp_codec_smartpa_ctl: smartpa_algo_set: get multi mic function enable succ, multi_mic_enable = 0
03-07 15:07:48.545   684  2201 I dsp_codec_smartpa_ctl: enable_smartpa_algo: set smartpa_algo IF_CLOSE
03-07 15:07:48.552   684  2201 I dsp_codec_ctl: codec_adsp_send_sync_cmd:ioctl ret=0
03-07 15:07:48.552   684  2201 I dsp_codec_smartpa_ctl: enable_smartpa_algo: succ with value:0
03-07 15:07:48.552   684  2201 I dsp_common: dsp_common_control_algo:set device = 0
03-07 15:07:48.561   684  2201 I audio_pop: pop change S4 OL SWITCH SWITCH dir 0
03-07 15:07:48.561   684  2201 I audio_pop: pop change S4 OR SWITCH SWITCH dir 0
03-07 15:07:48.569   684  2201 I audio_pop: pop change PLAY48K SWITCH SWITCH dir 0
03-07 15:07:48.570   684  2201 I dsp_common: dsp_common_control_algo:set device = 0
03-07 15:07:48.571   684  2201 I dsp_codec_ctl: get_spkpa_tas: spkpa match tas2560, return true
03-07 15:07:48.571   684  2201 V audio_common: get value success, value:hi6403
03-07 15:07:48.571   684  2201 I dsp_codec_smartpa_ctl: smartpa_algo_set: get codec_name succ, codec_name = hi6403
03-07 15:07:48.571   684  2201 V audio_common: get value success, value:false
03-07 15:07:48.571   684  2201 I dsp_codec_smartpa_ctl: smartpa_algo_set: get multi mic function enable succ, multi_mic_enable = 0
03-07 15:07:48.571   684  2201 I audio_hw_primary: select_devices--
03-07 15:07:50.267   829   829 E         : [E/capacity_limit_control] not demo version, not set power control prop!
03-07 15:07:50.857   714   714 E WifiHAL : enter wifi_get_link_stats
03-07 15:07:50.875   810   810 E wificond: Failed to get NL80211_STA_INFO_CNAHLOAD
03-07 15:07:51.984   773  1844 W Watchdog: hungtask: writing kick
03-07 15:07:52.876   809   809 E Thermal-daemon: [battery] temp_new :35  temp_old :36
03-07 15:07:52.877  1933  2175 I chatty  : uid=1000(system) Binder:1933_4 expire 4 lines
03-07 15:07:52.878   809   809 E Thermal-daemon: Report temperature: [battery] temp :35  report_threshold:1
03-07 15:07:52.881   809   809 E Thermal-daemon: [charger_ic] temp_new :38  temp_old :39
03-07 15:07:52.882  1933  2557 I chatty  : uid=1000(system) thermal-core-th expire 3 lines
03-07 15:07:52.882   809   809 E Thermal-daemon: Report temperature: [charger_ic] temp :38  report_threshold:1
03-07 15:07:52.956   773  1371 I chatty  : uid=1000(system) HWExtMotionServ expire 4 lines
03-07 15:07:52.958   707   707 D SensorHub: huawei Hal strandard_stepcounter is 2759
03-07 15:07:52.959  1920  1920 D HwStepCounter: onDeviceDataChanged
03-07 15:07:52.959  1920  1920 W HwStepCounter: version : 1
03-07 15:07:52.960  1920  1920 I HwStepCounter: dealReportData tm: 2019-03-07 15:07:53 steps_value[0] : 0 state_value[0]:5 level_value[0]:0
03-07 15:07:52.961  1920  1920 I HwStepCounter: isBeginOfToday: 7 -> 7
03-07 15:07:52.961  1920  1920 I HwStepCounter: isBeginOfToday: false
03-07 15:07:52.961  1920  1920 I HwStepCounter: dealReportData: diff = 0
03-07 15:07:52.975  1920  2400 D HwStepCounter: ReportProxy client : 1
03-07 15:07:52.976  1920  2399 I StepCounterRemoteStub: Report client count 1
03-07 15:07:52.994  5342  5388 I Step_LSC: 90003345|onExtend:1551942473000 0 0 5
03-07 15:07:53.021  5342  5562 I Step_LSC: 90003345|onStandStepChanged 2759
03-07 15:07:53.250   773 11936 I chatty  : uid=1000 system_server expire 12 lines
03-07 15:07:53.254   813   838 I AwareLog: HibSTrategy::HibStrategySwapCandidateProcessAdd packagename com.huawei.hwid
03-07 15:07:53.258   813  2675 I AwareLog: HibStrategy::HibStrategySwapCandidateProcessRemove packagename is com.huawei.hwid
03-07 15:07:53.258   813  2675 I AwareLog: HiberManagerService::sendMessagetoHiberTask successful
03-07 15:07:53.261   813   838 I AwareLog: HibSTrategy::HibStrategySwapCandidateProcessAdd packagename com.google.android.webview
03-07 15:07:53.262  1933  2175 I chatty  : uid=1000(system) Binder:1933_4 expire 3 lines
03-07 15:07:53.263   813  2675 I AwareLog: HibStrategy::HibStrategySwapCandidateProcessRemove packagename is com.google.android.webview
03-07 15:07:53.263   813  2675 I AwareLog: HiberManagerService::sendMessagetoHiberTask successful
03-07 15:07:53.264   813   838 I AwareLog: HibSTrategy::HibStrategySwapCandidateProcessAdd packagename com.huawei.parentcontrol
03-07 15:07:53.266   813  2675 I AwareLog: HibStrategy::HibStrategySwapCandidateProcessRemove packagename is com.huawei.parentcontrol
03-07 15:07:53.266   813  2675 I AwareLog: HiberManagerService::sendMessagetoHiberTask successful
03-07 15:07:53.325  5342  5562 I Step_SPUtils: 90003345| getTodayTotalDetailSteps = 1551888000000##4244##869824##30621##0##28143860
03-07 15:07:53.328  5342  5562 I Step_SPUtils: 90003345|setTodayTotalDetailSteps=1551888000000##4244##869824##30621##0##28193929 timeZero=1551888000000
03-07 15:07:53.339  5342  5562 I Step_DistanceManager: 90003345|computeDistanceStatic stepDistance=3030.2159999999994 mDistanceDiffStand=0.0 distanceStatic=3030
03-07 15:07:53.340  5342  5562 I Step_DistanceManager: 90003345|computeDistanceStatic stepDistance=3030.2159999999994 mDistanceDiffStand=0.0 distanceStatic=3030
03-07 15:07:53.364  5342  5562 I Step_ExtSDM: 90003345|calculateCaloriesWithCache totalCalories=91500
03-07 15:07:53.366  5342  5562 I Step_CaloriesManager: 90003345|acquireDistance stepsSum=4244 caloriesDiff=1110.0 mIsSupportExtandStep=true caloriesNow=92610
03-07 15:07:53.376  5342  5562 I Step_ExtSDM: 90003345|calculateAltitudeWithCache totalAltitude=0
03-07 15:07:53.883   714   714 E WifiHAL : enter wifi_get_link_stats
03-07 15:07:53.904   810   810 E wificond: Failed to get NL80211_STA_INFO_CNAHLOAD
03-07 15:07:54.136  1933  2557 I chatty  : uid=1000(system) thermal-core-th expire 5 lines
03-07 15:07:55.326   829   829 E         : [E/capacity_limit_control] not demo version, not set power control prop!
03-07 15:07:56.846  5342  5359 D LogUtil_LogConfig: getLogFile(): logFilePath = /data/data/com.huawei.health/files/com.huawei.health/com.huawei.health_DaemonService/
03-07 15:07:56.847  5342  5359 D LogUtil_LogConfig: obtainSavePath(): path = 1
03-07 15:07:56.847  5342  5359 D LogUtil_LogConfig: acquireMaxLogFileLengthContainsOffset describe: com.huawei.health:DaemonService result:5242880
03-07 15:07:56.849  5342  5359 D LogUtil_LogConfig: getLogFileRoot(): logFilePath = /data/data/com.huawei.health/files/com.huawei.health/com.huawei.health_DaemonService/
03-07 15:07:56.913   714   714 E WifiHAL : enter wifi_get_link_stats
03-07 15:07:56.931   810   810 E wificond: Failed to get NL80211_STA_INFO_CNAHLOAD
03-07 15:07:57.888   809   809 E Thermal-daemon: [flash_led] temp_new :37  temp_old :38
03-07 15:07:57.890   809   809 E Thermal-daemon: Report temperature: [flash_led] temp :37  report_threshold:1
03-07 15:07:59.400   773  1369 I chatty  : uid=1000(system) AlarmManager expire 13 lines
03-07 15:07:59.435   773  1906 V BroadcastQueue: Finished with ordered broadcast BroadcastRecord{394fd2c u0 com.xiaomi.push.PING_TIMER}
03-07 15:07:59.438  8912  9097 I chatty  : uid=10438(u0_a438) com.lexue.courser:pushservice expire 29 lines
03-07 15:07:59.469  8912  9186 I chatty  : uid=10438(u0_a438) com.lexue.courser:pushservice expire 2 lines
03-07 15:07:59.516  1550  1550 D NetWorkUtils: mVSimCurCardType is -1
03-07 15:07:59.518  1550  1550 D NetWorkUtils: mVSimCurCardType is -1
03-07 15:07:59.605   773  6260 I chatty  : uid=1000(system) Binder:773_18 expire 11 lines
03-07 15:07:59.605   773  1962 V BroadcastQueue: Finished with ordered broadcast BroadcastRecord{7c377fb u0 com.google.android.gms.gcm.ACTION_CHECK_QUEUE}
03-07 15:07:59.631  3391  4029 D WorkSource: Insert in WorkSource{} @ 0 uid 10164 name com.google.android.gms
03-07 15:07:59.631  3391  4029 D WorkSource: Insert in WorkSource{} @ 0 uid 10164 name com.google.android.gms
03-07 15:07:59.665  3391  4029 D WorkSource: Insert in WorkSource{} @ 0 uid 10164 name com.google.android.gms
03-07 15:07:59.667   773  6260 W HwAlarmManagerService: isContainsAppUidInWorksource-->happend NameNotFoundException
03-07 15:07:59.678   773  1962 I chatty  : uid=1000(system) Binder:773_E expire 1 line
03-07 15:07:59.710  3391  4029 D WorkSource: Insert in WorkSource{} @ 0 uid 10164 name com.google.android.gms
03-07 15:07:59.710  3391  4029 D WorkSource: Insert in WorkSource{} @ 0 uid 10164 name com.google.android.gms
03-07 15:07:59.758  3391  4029 D WorkSource: Insert in WorkSource{} @ 0 uid 10164 name com.google.android.gms
03-07 15:07:59.759  3391  4029 D WorkSource: Insert in WorkSource{} @ 0 uid 10164 name com.google.android.gms
03-07 15:07:59.772  3055 12288 I EventLogChimeraService: Aggregate from 1551940681845 (log), 1551940681845 (data)
03-07 15:07:59.777  3391  4029 D WorkSource: Insert in WorkSource{} @ 0 uid 10164 name com.google.android.gms
03-07 15:07:59.778   773  6260 I chatty  : uid=1000(system) Binder:773_18 identical 1 line
03-07 15:07:59.831  3391  4029 D WorkSource: Insert in WorkSource{} @ 0 uid 10164 name com.google.android.gms
03-07 15:07:59.831  3391  4029 D WorkSource: Insert in WorkSource{} @ 0 uid 10164 name com.google.android.gms
03-07 15:07:59.845  3391  4029 D WorkSource: Insert in WorkSource{} @ 0 uid 10164 name com.google.android.gms
03-07 15:07:59.845   773  6260 W HwAlarmManagerService: isContainsAppUidInWorksource-->happend NameNotFoundException
03-07 15:07:59.877  3391 12291 I NetRec  : [3019] aeqv.a: Refreshing scores for 101 networks.
03-07 15:07:59.912   773  1906 V BroadcastQueue: Finished with ordered broadcast BroadcastRecord{86d7a30 u0 android.intent.action.DROPBOX_ENTRY_ADDED}
03-07 15:07:59.937   714   714 E WifiHAL : enter wifi_get_link_stats
03-07 15:07:59.969   773  6260 V BroadcastQueue: Finished with ordered broadcast BroadcastRecord{6a4142e u0 android.intent.action.DROPBOX_ENTRY_ADDED}
03-07 15:07:59.974   810   810 E wificond: Failed to get NL80211_STA_INFO_CNAHLOAD
03-07 15:07:59.975   773  1388 I chatty  : uid=1000(system) WifiStateMachin expire 15 lines
03-07 15:07:59.990   504 12296 W libc    : Set property "hw.wifi.dns_stat" to "401,46,593,1,4158"
03-07 15:08:00.002   773   773 V AlarmManager: Received TIME_TICK alarm; rescheduling
03-07 15:08:00.003   773   773 I HwAlarmManagerService: hwSetAlarm listenerTag: time_tick
03-07 15:08:00.005  3391  4029 D WorkSource: Insert in WorkSource{} @ 0 uid 10164 name com.google.android.gms
03-07 15:08:00.013  3391  4029 D WorkSource: Insert in WorkSource{} @ 0 uid 10164 name com.google.android.gms
03-07 15:08:00.045  1550  1550 W HwKeyguardDragHelper: AnimationBlocked
03-07 15:08:00.050  1550  1550 E DateView: DateView,mCurrentTime: 1551942480050
03-07 15:08:00.051  1550  1550 I EventCenter: EventCenter Get :android.intent.action.TIME_TICK
03-07 15:08:00.057  3391  3404 I zygote64: Background concurrent copying GC freed 182249(6MB) AllocSpace objects, 7(140KB) LOS objects, 50% free, 5MB/11MB, paused 2.268ms total 168.716ms
03-07 15:08:00.067  1550  1550 D WeatherHelper: City info empty
03-07 15:08:00.068  3391  4029 D WorkSource: Insert in WorkSource{} @ 0 uid 10164 name com.google.android.gms
03-07 15:08:00.068   773  6260 W HwAlarmManagerService: isContainsAppUidInWorksource-->happend NameNotFoundException
03-07 15:08:00.070  1550  1550 D WeatherHelper: City info empty
03-07 15:08:00.071  1550  1550 W ResourceType: No known package when getting value for resource number 0xffffffff
03-07 15:08:00.072  1550  1550 E DateLunarView: mDateString is: 37
03-07 15:08:00.073  1550  1550 W ResourceType: No known package when getting value for resource number 0xffffffff
03-07 15:08:00.073  1550  1550 E DateLunarView: mDateString is: 37
03-07 15:08:00.073  1550  1550 D KeyguardUpdateMonitor: received broadcast android.intent.action.TIME_TICK
03-07 15:08:00.073  1550  1550 D KeyguardUpdateMonitor: handleTimeUpdate
03-07 15:08:00.077  1550  1758 I KeyguardStatusView: Runnable for refresh
03-07 15:08:00.082  1550  1550 D WeatherHelper: City info empty
03-07 15:08:00.083  1965  1965 I HwLauncher: Model  onReceive intent=Intent { act=android.intent.action.TIME_TICK flg=0x50200014 hwFlg=0x900 (has extras) }
03-07 15:08:00.083  1965  1965 I HwLauncher: Model  onReceive user=UserHandle{0}
03-07 15:08:00.087  8912 12300 I chatty  : uid=10438(u0_a438) com.lexue.courser:pushservice expire 4 lines
03-07 15:08:00.099  3391 12301 I NetRec  : [3021] aeqv.a: Refreshing scores for 101 networks.
03-07 15:08:00.115  5342  5562 I Step_LSC: 90003345|processHandleBroadcastAction action:android.intent.action.TIME_TICK
03-07 15:08:00.124  5342  5562 I Step_SPUtils: 90003345|setAliveRecord  success: timestampArg=1551942480116 elapsedRealtimeArg=28200718
03-07 15:08:00.154  1550  1550 D WeatherHelper: City info empty
03-07 15:08:00.155  2857  2857 I [HwRecSys]TimerController: onMinuteChange requestWeather
03-07 15:08:00.157  2857  5613 D [HwRecSys]LocationController: receive msg MSG_START_PASSIVE_LOCATION
03-07 15:08:00.157  2857  5613 E [HwRecSys]LocationController: location valid no need locate
03-07 15:08:00.163  1550  1550 D DateTimeView: Change to single clock mode!
03-07 15:08:00.167  1550  1550 D WeatherHelper: City info empty
03-07 15:08:00.169  1550  1550 D WeatherHelper: City info empty
03-07 15:08:00.170  1550  1550 D DateTimeView: Change to single clock mode!
03-07 15:08:00.173  1550  1550 D WeatherHelper: City info empty
03-07 15:08:00.174   773  9684 V BroadcastQueue: Finished with ordered broadcast BroadcastRecord{a4e00d5 u-1 android.intent.action.TIME_TICK}
03-07 15:08:00.377   829   829 E         : [E/capacity_limit_control] not demo version, not set power control prop!
03-07 15:08:01.066   773  1458 I chatty  : uid=1000(system) WiFiArpStateMac expire 18 lines
03-07 15:08:01.521  1550  1550 D NetWorkUtils: mVSimCurCardType is -1
03-07 15:08:01.523  1550  1550 W ResourceType: No package identifier when getting value for resource number 0x00000000
03-07 15:08:01.523  1550  1550 E HwNotchUtils: setIconForView iconId is not found
03-07 15:08:01.524  1550  1550 D NetWorkUtils: mVSimCurCardType is -1
03-07 15:08:01.525  1550  1550 W ResourceType: No package identifier when getting value for resource number 0x00000000
03-07 15:08:01.525  1550  1550 E HwNotchUtils: setIconForView iconId is not found
03-07 15:08:02.097  3391 12291 W NetRec  : [3019] aeqv.a: Timeout after 2203 ms while waiting for score updates. Rescheduling.
03-07 15:08:02.102  3391 12291 I NetRec  : [3019] aeqv.a: Still entries pending update, scheduling new rapid_refresh_scores_task refresh.
03-07 15:08:02.119  3391 12291 I NetRec  : [3019] aeqv.a: Completed rapid_refresh_scores_task score refresh task in 2268 ms, returning 1
03-07 15:08:02.133   773  6156 V BroadcastQueue: Finished with ordered broadcast BroadcastRecord{b248fdb u0 com.google.android.gms.gcm.ACTION_SCHEDULE}
03-07 15:08:02.161  3391 12196 D WorkSource: Insert in WorkSource{} @ 0 uid 10164 name com.google.android.gms
03-07 15:08:02.163   773  6156 W HwAlarmManagerService: isContainsAppUidInWorksource-->happend NameNotFoundException
03-07 15:08:02.314  3391 12301 W NetRec  : [3021] aeqv.a: Timeout after 2203 ms while waiting for score updates. Rescheduling.
03-07 15:08:02.318  3391 12301 I NetRec  : [3021] aeqv.a: Still entries pending update, scheduling new refresh_scores_task refresh.
03-07 15:08:02.331  3391 12301 I NetRec  : [3021] aeqv.a: Completed refresh_scores_task score refresh task in 2261 ms, returning 1
03-07 15:08:02.346   773  6260 V BroadcastQueue: Finished with ordered broadcast BroadcastRecord{2fad551 u0 com.google.android.gms.gcm.ACTION_SCHEDULE}
03-07 15:08:02.895   809   809 E Thermal-daemon: [ap] temp_new :37  temp_old :38
03-07 15:08:02.896  1933  2175 I chatty  : uid=1000(system) Binder:1933_4 expire 8 lines
03-07 15:08:02.897   809   809 E Thermal-daemon: Report temperature: [ap] temp :37  report_threshold:1
03-07 15:08:02.983   714   714 E WifiHAL : enter wifi_get_link_stats
03-07 15:08:02.998   810   810 E wificond: Failed to get NL80211_STA_INFO_CNAHLOAD
03-07 15:08:03.000   773  1390 I chatty  : uid=1000(system) HwWifiCHRStateM expire 12 lines
03-07 15:08:03.189   813   838 I AwareLog: HibSTrategy::HibStrategySwapCandidateProcessAdd packagename com.google.android.gsf
03-07 15:08:03.191   813  2675 I AwareLog: HibStrategy::HibStrategySwapCandidateProcessRemove packagename is com.google.android.gsf
03-07 15:08:03.192   813  2675 I AwareLog: HiberManagerService::sendMessagetoHiberTask successful
03-07 15:08:03.193   813   838 I AwareLog: HibSTrategy::HibStrategySwapCandidateProcessAdd packagename com.android.packageinstaller
03-07 15:08:03.195   813  2675 I AwareLog: HibStrategy::HibStrategySwapCandidateProcessRemove packagename is com.android.packageinstaller
03-07 15:08:03.195   813  2675 I AwareLog: HiberManagerService::sendMessagetoHiberTask successful
03-07 15:08:03.196   813   838 I AwareLog: HibSTrategy::HibStrategySwapCandidateProcessAdd packagename com.android.defcontainer
03-07 15:08:03.198   813  2675 I AwareLog: HibStrategy::HibStrategySwapCandidateProcessRemove packagename is com.android.defcontainer
03-07 15:08:03.198   813  2675 I AwareLog: HiberManagerService::sendMessagetoHiberTask successful
03-07 15:08:04.170   773  1389 I chatty  : uid=1000(system) HwWifiStatStore expire 14 lines
03-07 15:08:05.442   829   829 E         : [E/capacity_limit_control] not demo version, not set power control prop!
03-07 15:08:06.007   714   714 E WifiHAL : enter wifi_get_link_stats
03-07 15:08:06.536  1550  1550 D NetWorkUtils: mVSimCurCardType is -1
03-07 15:08:06.539  1550  1550 D NetWorkUtils: mVSimCurCardType is -1
03-07 15:08:07.539  1550  1550 D NetWorkUtils: mVSimCurCardType is -1
03-07 15:08:07.541  1550  1550 W ResourceType: No package identifier when getting value for resource number 0x00000000
03-07 15:08:07.541  1550  1550 E HwNotchUtils: setIconForView iconId is not found
03-07 15:08:07.543  1550  1550 D NetWorkUtils: mVSimCurCardType is -1
03-07 15:08:07.543  1550  1550 W ResourceType: No package identifier when getting value for resource number 0x00000000
03-07 15:08:07.544  1550  1550 E HwNotchUtils: setIconForView iconId is not found
03-07 15:08:09.034   714   714 E WifiHAL : enter wifi_get_link_stats
03-07 15:08:09.049   810   810 I chatty  : uid=1010(wifi) /system/bin/wificond identical 2 lines
03-07 15:08:09.544  1550  1550 D NetWorkUtils: mVSimCurCardType is -1
03-07 15:08:09.548  1550  1550 D NetWorkUtils: mVSimCurCardType is -1
03-07 15:08:10.325 17726 17845 D MSF.C.WTLoginCenter: changeTokenAfterLogin checkIsNeedLoginWithPasswd 1 process: cmd:login.chgTok_WEBVIEW_KEY
03-07 15:08:10.344 17726 17845 D MSF.C.TokenChecker: refresh webKey indeed
03-07 15:08:10.403 17726 17883 D MSF.C.NetConnTag: pa ok: 78433
03-07 15:08:10.404 17726 17883 D MSF.C.NetConnTag: netSend ssoSeq:78433 uin:*5032 cmd:PTc8Oz0xK3QvOzM8OzYiPxUmPSQ 79603 fb72301
03-07 15:08:10.512   829   829 E         : [E/capacity_limit_control] not demo version, not set power control prop!
03-07 15:08:10.548  1550  1550 D NetWorkUtils: mVSimCurCardType is -1
03-07 15:08:10.551  1550  1550 D NetWorkUtils: mVSimCurCardType is -1
03-07 15:08:10.654 17726 17908 D MSF.C.NetConnTag: netRecv ssoSeq:78433 uin:*5032 cmd:PTc8Oz0xK3QvOzM8OzYiPxUmPSQ 80479 cross:0
03-07 15:08:10.654 17726 17908 D MSF.C.WTLoginCenter.MsfProvider: onRecvData find wtloginMsfListener for 78433
03-07 15:08:10.786 17726 17726 D MSF.C.WTLoginCenter.MsfProvider: 78433 serviceCmd=login.chgTok_WEBVIEW_KEY OnGetStWithoutPasswd2 succ, dwMainSigMap=34607328, dwDstSubAppid.length=1, st.length=0
03-07 15:08:10.790 17670 17902 D mqq     : ticket changed by uin: *5032
